Archive member included because of file (symbol)

C:/Users/Makoto/Desktop/MWSTAGE-2022-08_win10-1/MWSTAGE/MWSDK/TWENET/current/lib/libTWENET_BLUE.a(ToCoNet_event.o)
                              objs_BLUE/PingPong.o (symbol from plugin) (PRSEV_u8RegisterEx)
C:/Users/Makoto/Desktop/MWSTAGE-2022-08_win10-1/MWSTAGE/MWSDK/TWENET/current/lib/libTWENET_BLUE.a(ToCoNet_main.o)
                              objs_BLUE/PingPong.o (symbol from plugin) (u32TickCount_ms)
C:/Users/Makoto/Desktop/MWSTAGE-2022-08_win10-1/MWSTAGE/MWSDK/TWENET/current/lib/libTWENET_BLUE.a(ToCoNet_utils.o)
                              ToCoNet_main.o (symbol from plugin) (ToCoNet_u32GetVersion)
C:/Users/Makoto/Desktop/MWSTAGE-2022-08_win10-1/MWSTAGE/MWSDK/TWENET/current/lib/libTWENET_BLUE.a(ToCoNet_mod_Nwk_Common.o)
                              ToCoNet_main.o (symbol from plugin) (ToCoNet_vRxProc_Mod)
C:/Users/Makoto/Desktop/MWSTAGE-2022-08_win10-1/MWSTAGE/MWSDK/TWENET/current/lib/libTWENET_BLUE.a(ToCoNet_mod_Channel_Mgr.o)
                              ToCoNet_main.o (symbol from plugin) (ToCoNet_ChMgr_bCh_Reconfig)
C:/Users/Makoto/Desktop/MWSTAGE-2022-08_win10-1/MWSTAGE/MWSDK/TWENET/current/lib/libTWENET_BLUE.a(Version.o)
                              ToCoNet_utils.o (symbol from plugin) (au8ToCoNetVersionInfo)
C:/Users/Makoto/Desktop/MWSTAGE-2022-08_win10-1/MWSTAGE/MWSDK/TWENET/current/lib/libTWENET_BLUE.a(AppQueueApi_ToCoNet.o)
                              ToCoNet_main.o (symbol from plugin) (_u32_INT_ticktimer)
C:/Users/Makoto/Desktop/MWSTAGE-2022-08_win10-1/MWSTAGE/MWSDK/TWENET/current/lib/libTWENEText_BLUE.a(AppStart.o)
                              (AppColdStart)
C:/Users/Makoto/Desktop/MWSTAGE-2022-08_win10-1/MWSTAGE/MWSDK/TWENET/current/lib/libTWENEText_BLUE.a(getMacAddr.o)
                              ToCoNet_main.o (symbol from plugin) (ToCoNet_u32GetSerialOnBoot)
C:/Users/Makoto/Desktop/MWSTAGE-2022-08_win10-1/MWSTAGE/MWSDK/TWENET/current/lib/libTWENEText_BLUE.a(mac.o)
                              ToCoNet_main.o (symbol from plugin) (Mac_vInit)
C:/Users/Makoto/Desktop/MWSTAGE-2022-08_win10-1/MWSTAGE/MWSDK/TWENET/current/lib/libTWENEText_BLUE.a(AES_CCM.o)
                              AppStart.o (symbol from plugin) (bAES_CCM_KeyReg)
C:/Users/Makoto/Desktop/MWSTAGE-2022-08_win10-1/MWSTAGE/MWSDK/TWENET/current/lib/libTWENEText_BLUE.a(no_ack_handler.o)
                              AppStart.o (symbol from plugin) (vInstallNoAckHandler)
C:/Users/Makoto/Desktop/MWSTAGE-2022-08_win10-1/MWSTAGE/MWSDK/TWENET/current/lib/libTWENEText_BLUE.a(Version.o)
                              ToCoNet_utils.o (symbol from plugin) (au8ToCoNetExtVersionInfo)
C:/Users/Makoto/Desktop/MWSTAGE-2022-08_win10-1/MWSTAGE/MWSDK/TWENET/current/lib/libTWENETutils_BLUE.a(serial.o)
                              objs_BLUE/PingPong.o (symbol from plugin) (SERIAL_bTxChar)
C:/Users/Makoto/Desktop/MWSTAGE-2022-08_win10-1/MWSTAGE/MWSDK/TWENET/current/lib/libTWENETutils_BLUE.a(uart.o)
                              serial.o (symbol from plugin) (UART_vInit)
C:/Users/Makoto/Desktop/MWSTAGE-2022-08_win10-1/MWSTAGE/MWSDK/TWENET/current/lib/libTWENETutils_BLUE.a(ByteQueue.o)
                              ToCoNet_main.o (symbol from plugin) (QUEUE__vInit)
C:/Users/Makoto/Desktop/MWSTAGE-2022-08_win10-1/MWSTAGE/MWSDK/TWENET/current/lib/libTWENETutils_BLUE.a(ccitt8.o)
                              AppStart.o (symbol from plugin) (u8CCITT8)
C:/Users/Makoto/Desktop/MWSTAGE-2022-08_win10-1/MWSTAGE/MWSDK/TWENET/current/lib/libTWENETutils_BLUE.a(utils.o)
                              ToCoNet_main.o (symbol from plugin) (vTimerConfig)
C:/Users/Makoto/Desktop/MWSTAGE-2022-08_win10-1/MWSTAGE/MWSDK/TWENET/current/lib/libTWENETutils_BLUE.a(ccm.o)
                              AES_CCM.o (symbol from plugin) (ccm_init_and_key)
C:/Users/Makoto/Desktop/MWSTAGE-2022-08_win10-1/MWSTAGE/MWSDK/TWENET/current/lib/libTWENETutils_BLUE.a(Version.o)
                              ToCoNet_utils.o (symbol from plugin) (au8ToCoNetUtilsVersionInfo)
C:/Users/Makoto/Desktop/MWSTAGE-2022-08_win10-1/MWSTAGE/MWSDK/TWENET/current/lib/libTWENETutils_BLUE.a(aescrypt.o)
                              ccm.o (symbol from plugin) (aes_encrypt)
C:/Users/Makoto/Desktop/MWSTAGE-2022-08_win10-1/MWSTAGE/MWSDK/TWENET/current/lib/libTWENETutils_BLUE.a(aeskey.o)
                              ccm.o (symbol from plugin) (aes_encrypt_key)
C:/Users/Makoto/Desktop/MWSTAGE-2022-08_win10-1/MWSTAGE/MWSDK/TWENET/current/lib/libTWENETutils_BLUE.a(aestab.o)
                              aeskey.o (symbol from plugin) (t_im)
C:/Users/Makoto/Desktop/MWSTAGE-2022-08_win10-1/MWSTAGE/MWSDK/TWENET/current/lib/libTWENETstgs_BLUE.a(tweinteractive.o)
                              objs_BLUE/PingPong.o (symbol from plugin) (TWEINTRCT_bIsVerbose)
C:/Users/Makoto/Desktop/MWSTAGE-2022-08_win10-1/MWSTAGE/MWSDK/TWENET/current/lib/libTWENETstgs_BLUE.a(tweprintf.o)
                              tweinteractive.o (symbol from plugin) (TWE_fprintf)
[...]
Memory Configuration

Name             Origin             Length             Attributes
flash            0x0000000000080000 0x0000000000028000
ram              0x000000000400004c 0x0000000000007fb4
*default*        0x0000000000000000 0xffffffffffffffff

Linker script and memory map

LOAD objs_BLUE/_mwx_version.o
LOAD C:\Users\Makoto\AppData\Local\Temp\ccFH0K0K.ltrans0.ltrans.o
LOAD C:\Users\Makoto\AppData\Local\Temp\ccFH0K0K.ltrans1.ltrans.o
LOAD C:\Users\Makoto\AppData\Local\Temp\ccFH0K0K.ltrans2.ltrans.o
LOAD C:\Users\Makoto\AppData\Local\Temp\ccFH0K0K.ltrans3.ltrans.o
LOAD C:\Users\Makoto\AppData\Local\Temp\ccFH0K0K.ltrans4.ltrans.o
LOAD C:\Users\Makoto\AppData\Local\Temp\ccFH0K0K.ltrans5.ltrans.o
LOAD C:\Users\Makoto\AppData\Local\Temp\ccFH0K0K.ltrans6.ltrans.o
LOAD C:\Users\Makoto\AppData\Local\Temp\ccFH0K0K.ltrans7.ltrans.o
LOAD C:\Users\Makoto\AppData\Local\Temp\ccFH0K0K.ltrans8.ltrans.o
LOAD C:\Users\Makoto\AppData\Local\Temp\ccFH0K0K.ltrans9.ltrans.o
LOAD C:\Users\Makoto\AppData\Local\Temp\ccFH0K0K.ltrans10.ltrans.o
LOAD C:\Users\Makoto\AppData\Local\Temp\ccFH0K0K.ltrans11.ltrans.o
LOAD C:\Users\Makoto\AppData\Local\Temp\ccFH0K0K.ltrans12.ltrans.o
LOAD C:\Users\Makoto\AppData\Local\Temp\ccFH0K0K.ltrans13.ltrans.o
LOAD C:\Users\Makoto\AppData\Local\Temp\ccFH0K0K.ltrans14.ltrans.o
LOAD C:\Users\Makoto\AppData\Local\Temp\ccFH0K0K.ltrans15.ltrans.o
LOAD C:\Users\Makoto\AppData\Local\Temp\ccFH0K0K.ltrans16.ltrans.o
LOAD C:\Users\Makoto\AppData\Local\Temp\ccFH0K0K.ltrans17.ltrans.o
LOAD C:\Users\Makoto\AppData\Local\Temp\ccFH0K0K.ltrans18.ltrans.o
LOAD C:\Users\Makoto\AppData\Local\Temp\ccFH0K0K.ltrans19.ltrans.o
LOAD C:\Users\Makoto\AppData\Local\Temp\ccFH0K0K.ltrans20.ltrans.o
LOAD c:/users/makoto/desktop/mwstage-2022-08_win10-1/mwstage/tools/ba-elf-ba2-r36379.w10/bin/../lib/gcc/ba-elf/4.7.4/../../../../ba-elf/lib/mcpu_jn51xx_sizeopt\libc.a
LOAD c:/users/makoto/desktop/mwstage-2022-08_win10-1/mwstage/tools/ba-elf-ba2-r36379.w10/bin/../lib/gcc/ba-elf/4.7.4/mcpu_jn51xx_sizeopt\libgcc.a
LOAD c:/users/makoto/desktop/mwstage-2022-08_win10-1/mwstage/tools/ba-elf-ba2-r36379.w10/bin/../lib/gcc/ba-elf/4.7.4/../../../../ba-elf/lib/mcpu_jn51xx_sizeopt\libc.a
LOAD objs_BLUE/PingPong.o
LOAD C:/Users/Makoto/Desktop/MWSTAGE-2022-08_win10-1/MWSTAGE/MWSDK/TWENET/current/lib/libTWENET_BLUE.a
LOAD C:/Users/Makoto/Desktop/MWSTAGE-2022-08_win10-1/MWSTAGE/MWSDK/TWENET/current/lib/libTWENEText_BLUE.a
LOAD C:/Users/Makoto/Desktop/MWSTAGE-2022-08_win10-1/MWSTAGE/MWSDK/TWENET/current/lib/libTWENETutils_BLUE.a
LOAD C:/Users/Makoto/Desktop/MWSTAGE-2022-08_win10-1/MWSTAGE/MWSDK/TWENET/current/lib/libTWENETstgs_BLUE.a
LOAD C:/Users/Makoto/Desktop/MWSTAGE-2022-08_win10-1/MWSTAGE/MWSDK/TWENET/current/lib/libmwx_BLUE.a
LOAD C:/Users/Makoto/Desktop/MWSTAGE-2022-08_win10-1/MWSTAGE/MWSDK/TWENET/current/lib/libEASTL_BLUE.a
START GROUP
LOAD C:/Users/Makoto/Desktop/MWSTAGE-2022-08_win10-1/MWSTAGE/MWSDK/ChipLib/SW4063V1416/Components/Library\libAppApi_JN516x.a
LOAD C:/Users/Makoto/Desktop/MWSTAGE-2022-08_win10-1/MWSTAGE/MWSDK/ChipLib/SW4063V1416/Components/Library\libMAC_JN516x.a
LOAD C:/Users/Makoto/Desktop/MWSTAGE-2022-08_win10-1/MWSTAGE/MWSDK/ChipLib/SW4063V1416/Components/Library\libTimerServer_JN516x.a
LOAD C:/Users/Makoto/Desktop/MWSTAGE-2022-08_win10-1/MWSTAGE/MWSDK/ChipLib/SW4063V1416/Components/Library\libTOF_JN516x.a
LOAD C:/Users/Makoto/Desktop/MWSTAGE-2022-08_win10-1/MWSTAGE/MWSDK/ChipLib/SW4063V1416/Components/Library\libXcv_JN516x.a
LOAD C:/Users/Makoto/Desktop/MWSTAGE-2022-08_win10-1/MWSTAGE/MWSDK/ChipLib/SW4063V1416/Components/Library\libAes_JN516x.a
LOAD C:/Users/Makoto/Desktop/MWSTAGE-2022-08_win10-1/MWSTAGE/MWSDK/ChipLib/SW4063V1416/Components/Library\libHardwareApi_JN516x.a
LOAD C:/Users/Makoto/Desktop/MWSTAGE-2022-08_win10-1/MWSTAGE/MWSDK/ChipLib/SW4063V1416/Components/Library\libMicroSpecific_JN516x.a
LOAD C:/Users/Makoto/Desktop/MWSTAGE-2022-08_win10-1/MWSTAGE/MWSDK/ChipLib/SW4063V1416/Components/Library\libBoot_JN516x.a
LOAD C:/Users/Makoto/Desktop/MWSTAGE-2022-08_win10-1/MWSTAGE/MWSDK/ChipLib/SW4063V1416/Components/Library\libPDM_EEPROM_JN516x_NO_RTOS.a
LOAD C:/Users/Makoto/Desktop/MWSTAGE-2022-08_win10-1/MWSTAGE/MWSDK/TWENET/current/lib/libTWENET_BLUE.a
LOAD C:/Users/Makoto/Desktop/MWSTAGE-2022-08_win10-1/MWSTAGE/MWSDK/TWENET/current/lib/libTWENEText_BLUE.a
LOAD C:/Users/Makoto/Desktop/MWSTAGE-2022-08_win10-1/MWSTAGE/MWSDK/TWENET/current/lib/libTWENETutils_BLUE.a
LOAD C:/Users/Makoto/Desktop/MWSTAGE-2022-08_win10-1/MWSTAGE/MWSDK/TWENET/current/lib/libTWENETstgs_BLUE.a
LOAD C:/Users/Makoto/Desktop/MWSTAGE-2022-08_win10-1/MWSTAGE/MWSDK/TWENET/current/lib/libmwx_BLUE.a
LOAD C:/Users/Makoto/Desktop/MWSTAGE-2022-08_win10-1/MWSTAGE/MWSDK/TWENET/current/lib/libEASTL_BLUE.a
END GROUP
LOAD c:/users/makoto/desktop/mwstage-2022-08_win10-1/mwstage/tools/ba-elf-ba2-r36379.w10/bin/../lib/gcc/ba-elf/4.7.4/../../../../ba-elf/lib/mcpu_jn51xx_sizeopt\libstdc++.a
LOAD c:/users/makoto/desktop/mwstage-2022-08_win10-1/mwstage/tools/ba-elf-ba2-r36379.w10/bin/../lib/gcc/ba-elf/4.7.4/../../../../ba-elf/lib/mcpu_jn51xx_sizeopt\libm.a
LOAD c:/users/makoto/desktop/mwstage-2022-08_win10-1/mwstage/tools/ba-elf-ba2-r36379.w10/bin/../lib/gcc/ba-elf/4.7.4/../../../../ba-elf/lib/mcpu_jn51xx_sizeopt\libc.a
LOAD c:/users/makoto/desktop/mwstage-2022-08_win10-1/mwstage/tools/ba-elf-ba2-r36379.w10/bin/../lib/gcc/ba-elf/4.7.4/mcpu_jn51xx_sizeopt\libgcc.a
LOAD c:/users/makoto/desktop/mwstage-2022-08_win10-1/mwstage/tools/ba-elf-ba2-r36379.w10/bin/../lib/gcc/ba-elf/4.7.4/../../../../ba-elf/lib/mcpu_jn51xx_sizeopt\libc.a
                0x0000000000000800                _stack_size = 0x800
                0x0000000000080038                _exception_vsr_table = 0x80038
                0x0000000004000000                pSPIflashFncTable = 0x4000000
                0x0000000000000800                _stack_size = 0x800
                0x0000000000000044                restore_state = 0x44
                0x000000000000004a                bZSPIWaitWIPClear = 0x4a
                0x0000000000000050                u16ZSPIflashRDID = 0x50
                0x0000000000000056                u8SelectFlashChipType = 0x56
                0x000000000000005c                memcpy = 0x5c
                0x0000000000000066                vBootFlashProg = 0x66
                [0x0000000000000d16]                _minimum_heap_size = DEFINED (_minimum_heap_size)?_minimum_heap_size:0xd16
                0x0000000000000000                _SwConfig = (DEFINED (g_bSWConf_Debug) | (DEFINED (g_bSWConf_AltDebugPort) << 0x1))

.version        0x000000000007fffc        0x4
                0x000000000007fffc        0x4 LONG 0x4030008

.bir            0x0000000000080000       0x10
                0x0000000000080000                _flash_start = ABSOLUTE (.)
                0x0000000000080000                _flash_beg = ABSOLUTE (.)
                0x0000000000080000        0x4 LONG 0x12345678
                0x0000000000080004        0x4 LONG 0x11223344
                0x0000000000080008        0x4 LONG 0x55667788
                0x000000000008000c        0x1 BYTE 0x8
                0x000000000008000d        0x1 BYTE 0x1
                0x000000000008000e        0x2 SHORT 0x0

.flashheader    0x0000000000080010       0x28
                0x0000000000080010        0x4 LONG 0x0
                0x0000000000080014        0x4 LONG 0x0
                0x0000000000080018        0x4 LONG 0x0
                0x000000000008001c        0x2 SHORT 0x0
                0x000000000008001e        0x2 SHORT 0x0 ABSOLUTE (_SwConfig)
                0x0000000000080020                _enc_start = ABSOLUTE (.)
                0x0000000000080020        0x4 LONG 0xf808 ABSOLUTE (_image_len)
                0x0000000000080024        0x4 LONG 0x8f7f0 ABSOLUTE (_flash_data_start)
                0x0000000000080028        0x2 SHORT 0x13 ((ABSOLUTE (_ram_data_start) / 0x4) & 0xffff)
                0x000000000008002a        0x2 SHORT 0x6 ((ABSOLUTE (_ram_data_len) / 0x4) & 0xffff)
                0x000000000008002c        0x2 SHORT 0x19 ((ABSOLUTE (_bss_start) / 0x4) & 0xffff)
                0x000000000008002e        0x2 SHORT 0x577 ((ABSOLUTE (_bss_len) / 0x4) & 0xffff)
                0x0000000000080030        0x4 LONG 0x83e9c ABSOLUTE (AppWarmStart)
                0x0000000000080034        0x4 LONG 0x854b3 ABSOLUTE (AppColdStart)
                0x0000000000000000                _enc_offset = (_enc_start & 0xf)
                0x0000000000000044                PROVIDE (vException_BusError, restore_state)
                0x0000000000000044                PROVIDE (vException_UnalignedAccess, restore_state)
                0x0000000000000044                PROVIDE (vException_IllegalInstruction, restore_state)
                0x0000000000000044                PROVIDE (vException_SysCall, restore_state)
                0x0000000000000044                PROVIDE (vException_Trap, restore_state)
                0x0000000000000044                PROVIDE (vException_StackOverflow, restore_state)
                0x0000000000080038                . = ABSOLUTE (_exception_vsr_table)

.vsr_table      0x0000000000080038       0x18
                0x0000000000080038        0x4 LONG 0x44 ABSOLUTE (vException_BusError)
                0x000000000008003c        0x4 LONG 0x44 ABSOLUTE (vException_UnalignedAccess)
                0x0000000000080040        0x4 LONG 0x44 ABSOLUTE (vException_IllegalInstruction)
                0x0000000000080044        0x4 LONG 0x44 ABSOLUTE (vException_SysCall)
                0x0000000000080048        0x4 LONG 0x44 ABSOLUTE (vException_Trap)
                0x000000000008004c        0x4 LONG 0x44 ABSOLUTE (vException_StackOverflow)

.vsr_handlers   0x0000000000080050       0xaa
 *(.vsr_handlers)
 .vsr_handlers  0x0000000000080050       0xaa C:/Users/Makoto/Desktop/MWSTAGE-2022-08_win10-1/MWSTAGE/MWSDK/ChipLib/SW4063V1416/Components/Library\libBoot_JN516x.a(ExceptionHandler.o)
                0x0000000000080050                _exception_external_interrupt
                0x00000000000800f8                _default_vsr_dummy

.rodata         0x0000000000080100      0x692
 *(.rodata*)
 .rodata.str1.1
                0x0000000000080100       0x4b C:\Users\Makoto\AppData\Local\Temp\ccFH0K0K.ltrans0.ltrans.o
 .rodata        0x000000000008014b        0xa C:\Users\Makoto\AppData\Local\Temp\ccFH0K0K.ltrans0.ltrans.o
 *fill*         0x0000000000080155        0x3 00
 .rodata        0x0000000000080158       0xd4 C:\Users\Makoto\AppData\Local\Temp\ccFH0K0K.ltrans1.ltrans.o
                0x0000000000080158                s_aprScanHandleEvt.14916
                0x0000000000080188                apvActionCalls
                0x0000000000080210                aprLPBMacVectorRamTable
                0x0000000000080224                psTamMacContext
                0x0000000000080228                psTAMcontext
 .rodata        0x000000000008022c      0x131 C:\Users\Makoto\AppData\Local\Temp\ccFH0K0K.ltrans2.ltrans.o
 *fill*         0x000000000008035d        0x3 00
 .rodata        0x0000000000080360       0x1c C:\Users\Makoto\AppData\Local\Temp\ccFH0K0K.ltrans3.ltrans.o
 .rodata.str1.1
                0x000000000008037c        0xe C:\Users\Makoto\AppData\Local\Temp\ccFH0K0K.ltrans4.ltrans.o
 .rodata        0x000000000008038a        0x5 C:\Users\Makoto\AppData\Local\Temp\ccFH0K0K.ltrans4.ltrans.o
                0x000000000008038a                gbHighPowerMode
                0x000000000008038b                gu8ModuleID
 .rodata        0x000000000008038f        0x6 C:\Users\Makoto\AppData\Local\Temp\ccFH0K0K.ltrans5.ltrans.o
                0x000000000008038f                aeXcvPhyEvtToScanEvt.5394.14919
 .rodata.str1.1
                0x0000000000080395       0x11 C:\Users\Makoto\AppData\Local\Temp\ccFH0K0K.ltrans6.ltrans.o
                                         0x22 (size before relaxing)
 *fill*         0x00000000000803a6        0x2 00
 .rodata        0x00000000000803a8       0x38 C:\Users\Makoto\AppData\Local\Temp\ccFH0K0K.ltrans6.ltrans.o
                0x00000000000803a8                asStateFuncTbl.26403
 .rodata.str1.1
                0x00000000000803e0       0x11 C:\Users\Makoto\AppData\Local\Temp\ccFH0K0K.ltrans7.ltrans.o
 *fill*         0x00000000000803f1        0x3 00
 .rodata        0x00000000000803f4       0x7c C:\Users\Makoto\AppData\Local\Temp\ccFH0K0K.ltrans7.ltrans.o
                0x0000000000080428                u32MacLow_TOCOS
                0x000000000008042c                u32MacHigh_TOCOS
 .rodata.str1.1
                0x0000000000080470       0x88 C:\Users\Makoto\AppData\Local\Temp\ccFH0K0K.ltrans8.ltrans.o
 .rodata.str1.1
                0x00000000000804f8       0x12 C:\Users\Makoto\AppData\Local\Temp\ccFH0K0K.ltrans9.ltrans.o
 *fill*         0x000000000008050a        0x6 00
 .rodata        0x0000000000080510       0x50 C:\Users\Makoto\AppData\Local\Temp\ccFH0K0K.ltrans9.ltrans.o
 .rodata.str1.1
                0x0000000000080560        0xd C:\Users\Makoto\AppData\Local\Temp\ccFH0K0K.ltrans10.ltrans.o
 .rodata        0x000000000008056d       0x14 C:\Users\Makoto\AppData\Local\Temp\ccFH0K0K.ltrans10.ltrans.o
 .rodata        0x0000000000080581        0x4 C:\Users\Makoto\AppData\Local\Temp\ccFH0K0K.ltrans11.ltrans.o
 .rodata        0x0000000000080585       0x9a C:\Users\Makoto\AppData\Local\Temp\ccFH0K0K.ltrans12.ltrans.o
 .rodata        0x000000000008061f        0xa C:\Users\Makoto\AppData\Local\Temp\ccFH0K0K.ltrans13.ltrans.o
 *fill*         0x0000000000080629        0x3 00
 .rodata        0x000000000008062c       0x1c C:\Users\Makoto\AppData\Local\Temp\ccFH0K0K.ltrans14.ltrans.o
                0x000000000008062c                psTamXcvContext
 .rodata.str1.1
                0x0000000000080648      0x104 C:\Users\Makoto\AppData\Local\Temp\ccFH0K0K.ltrans17.ltrans.o
                                        0x106 (size before relaxing)
 .rodata        0x000000000008074c       0x30 C:\Users\Makoto\AppData\Local\Temp\ccFH0K0K.ltrans19.ltrans.o
                0x000000000008074c                au32UartAddrOffset
                0x0000000000080754                au32TimerBaseAddress
                0x0000000000080768                CSWTCH.35.25255.25255
 .rodata.str1.1
                0x000000000008077c       0x16 C:\Users\Makoto\AppData\Local\Temp\ccFH0K0K.ltrans20.ltrans.o

.text           0x0000000000080794     0xf05c
 *(.text*)
 .text          0x0000000000080794      0x9c9 C:\Users\Makoto\AppData\Local\Temp\ccFH0K0K.ltrans0.ltrans.o
                0x0000000000080794                ToCoNet_vMain
 *fill*         0x000000000008115d        0x3 00
 .text          0x0000000000081160      0xbac C:\Users\Makoto\AppData\Local\Temp\ccFH0K0K.ltrans1.ltrans.o
                0x0000000000081160                eWBRTTxDone.14573
                0x000000000008117e                vTAMCOframeTXgoingIdle
                0x0000000000081197                vTAMCOframeTXcap
                0x00000000000811bd                eWCoRRxDone.14564
                0x0000000000081267                eWBcnRxDone.14576
                0x0000000000081852                vTAMCOframeRXcap
                0x0000000000081865                vTAMCOframeRXgoingIdle
                0x000000000008187b                vTAMCOframeRXnobeacon
                0x000000000008188e                vTAMDEframeRX
                0x00000000000818b7                vTAMDEframeRXtrackingDR
                0x00000000000818fb                vTAMDEframePreSyncReq
                0x0000000000081914                vTAMCOframeTXbeacon
                0x00000000000819db                vTAMDEframeRXsyncReq
                0x0000000000081c2b                vTAMDEint1FiredTrackingCAPgts
                0x0000000000081cdc                eWONTTxDone.14570
 .text          0x0000000000081d0c      0xaed C:\Users\Makoto\AppData\Local\Temp\ccFH0K0K.ltrans2.ltrans.o
                0x0000000000081d0c                mac_vLPBAdjustBeaconOffset
                0x0000000000081d69                mac_u32LPBGetBeaconTimeout
                0x0000000000081d72                eWEnDTmrExpiry.14557
                0x0000000000081d7d                eWEnDEdDone.14554
                0x0000000000081dd8                eGenlDontCare.14551
                0x0000000000081ddd                eGenlIllegal.14176
                0x0000000000081de4                u32GetTimer0
                0x0000000000081deb                vSetTimer0
                0x0000000000081dfa                _ZN3mwx2L112appdefs_crtpINS0_9NwkSimpleEE18_cbTweNet_vHwEventEPvmm.local.203
                0x0000000000081dfd                _ZN3mwx2L112appdefs_crtpINS0_9NwkSimpleEE17_cbTweNet_u8HwIntEPvmm.local.202
                0x0000000000081e02                _out_fct.5894
                0x0000000000081e14                _out_null.5900
                0x0000000000081e17                vOutputStream.5813
                0x0000000000081e23                _ZN3mwx2L110serial_jen7vOutputEcPv.local.201
                0x0000000000081e4a                vHandlerPatch.4926
                0x0000000000081e81                _ZN3mwx2L112appdefs_crtpINS0_9NwkSimpleEE18_cbTweNet_vTxEventEPvRNS0_12packet_ev_txE.local.200
                0x0000000000081e9b                _ZN3mwx2L112appdefs_crtpINS0_9NwkSimpleEE19_cbTweNet_vNwkEventEPvRNS0_13packet_ev_nwkE.local.209
                0x0000000000081ea4                _ZN3mwx2L112appdefs_crtpINS0_9NwkSimpleEE15_cbTweNet_vMainEPv.local.210
                0x0000000000081ea7                vTACu32ToPayloadM
                0x0000000000081ebf                bTACframeInProgress
                0x0000000000081ee9                bTACassessBeaconForPayload
                0x0000000000081f3a                bIsBbcSafeForTx
                0x0000000000081f6f                vTATwriteAclMaterialToHardware
                0x0000000000081f94                vTATsetBLE
                0x0000000000081fcb                vTATgetFramePayload
                0x0000000000081fe8                eTATreadTXstatus
                0x000000000008202e                vTAHsetPhyStateDirect.part.0.19041
                0x000000000008204a                vMEMreturn
                0x00000000000820bb                vTACinformOriginator
                0x00000000000820dd                pvMEMget
                0x0000000000082109                vTAMDEdetermineNullState
                0x0000000000082123                vTAMCOupdatePendingList
                0x00000000000821f5                vTAMCOsetCoordinator
                0x000000000008221b                vPhySetChannel
                0x0000000000082234                eScanHandleEvt.part.0.14587
                0x000000000008225d                mac_eDcfmIndPost
                0x000000000008227e                mac_psDcfmIndGetBuf
                0x000000000008229f                vMLMErxEnableConfirm
                0x00000000000822d1                vMLMEcommStatus
                0x0000000000082334                vMLMEcommStatusFromFrame
                0x0000000000082378                vMLMEsyncLoss
                0x00000000000823ab                vPMICpostFailedAssocDcfm
                0x00000000000823e3                vPMICassocReqTO_2.13004
                0x00000000000823fa                MAC_vPibSetPanId
                0x0000000000082415                vHandleTofRequest.11110
                0x0000000000082418                vAppApiDefSetPrbsSeed
                0x000000000008243c                mwx::L1::duplciate_checker::_node_ele_init(mwx::L1::duplciate_checker::_node_ele*)
                0x000000000008245b                _ZN3mwx2L113serial_parserINS0_10alloc_heapIhEEEC1Ev.local.52
                0x000000000008247d                _ZN3mwx2L16twenetC1Ev.local.58
                0x0000000000082514                _ZN3mwx2L110serial_jenC1Eh.local.107
                0x0000000000082544                _ZN3mwx2L115periph_analogueC1Ev.local.125
                0x000000000008256f                _ZN3mwx2L112appdefs_virt8on_eventEmRm.local.134
                0x0000000000082587                _ZN3mwx2L112appdefs_virt18cbToCoNet_vHwEventEmm.local.136
                0x000000000008259f                _ZN3mwx2L112appdefs_virt18cbToCoNet_vTxEventERNS0_12packet_ev_txE.local.137
                0x00000000000825b7                _ZN3mwx2L112appdefs_virt19cbToCoNet_vNwkEventERNS0_13packet_ev_nwkE.local.139
                0x00000000000825cf                u8CCITT8
                0x00000000000825f5                bAES_CCM_KeyReg
                0x0000000000082634                bFifoPush.3631
                0x000000000008266d                vAppQApiPostMlme.3617
                0x000000000008268c                vAppQApiPostMcps.3624
                0x00000000000826a7                pvFifoPull.3628
                0x00000000000826ce                psAppQApiGetMlmeBuffer.3614
                0x00000000000826d6                psAppQApiGetMcpsBuffer.3621
                0x00000000000826de                PRSEV_vSetState
                0x00000000000826ee                PRSEV_vProcessEv_core.2501
                0x0000000000082790                PRSEV_vProcessEvPost
                0x00000000000827c2                _PRSEV_vProcessEvSingle
                0x00000000000827cf                ToCoNet_vMacStart
                0x00000000000827dc                _ZN3mwx2L18_smplbufIhNS0_12alloc_attachIhEEE9push_backEOh.local.172
 .text.unlikely
                0x00000000000827f9       0x65 C:\Users\Makoto\AppData\Local\Temp\ccFH0K0K.ltrans2.ltrans.o
                0x00000000000827f9                _ZN3mwx2L112appdefs_virt18cbToCoNet_vRxEventERNS0_9packet_rxE.local.138
                0x0000000000082811                PRSEV_u8Register
                0x000000000008284f                _PRSEV_vProcessEvSingleH
 .text          0x000000000008285e      0xaf6 C:\Users\Makoto\AppData\Local\Temp\ccFH0K0K.ltrans3.ltrans.o
                0x0000000000082873                mac_vLPBStartTimer
                0x0000000000082b58                vTimerCallback.24907
                0x0000000000082b63                vProcessEvCoreTx.26340
                0x0000000000082c53                _ZN3mwx2L115periph_analogue10_adc_startEv.local.43.constprop.301
                0x0000000000082d3c                _ZN3mwx2L16twenet5beginEv.local.112.constprop.286
                0x0000000000082d81                _ZN3mwx2L114periph_buttons5beginEmht.constprop.285
                0x0000000000082de4                vAHI_TimerEnable.part.1.25122.constprop.260
                0x0000000000082e4f                bAHI_SetClockRate
                0x0000000000082f5a                bAES_CCMstar
                0x0000000000083026                bAES_CCM_DecodeKey
                0x00000000000830e2                pvHeap_Alloc
                0x00000000000830e5                operator new(unsigned long)
                0x0000000000083108                u32AHI_Init
                0x00000000000831ca                vMicroIntRestoreState
                0x00000000000831d6                u8AHI_WakeTimerFiredStatus
                0x00000000000831ea                vAHI_WakeTimerStop.part.3.25587
                0x000000000008320a                mac_vLPBStopTimer
                0x0000000000083214                vAHI_UartSetClocksPerBit.part.18.25383
                0x000000000008323b                vAHI_UartSetRTSCTS.part.15.25368
                0x0000000000083262                vAHI_UartReset.part.4.25341
                0x000000000008329a                vAHI_UartSetControl.part.2.25325
                0x00000000000832eb                vAHI_UartSetBaudDivisor.part.1.25321
                0x000000000008332a                vAHI_WatchdogStop
                0x0000000000083341                vAHI_CpuDoze
 .text.unlikely
                0x0000000000083354       0x56 C:\Users\Makoto\AppData\Local\Temp\ccFH0K0K.ltrans3.ltrans.o
                0x0000000000083354                vAHI_MemoryHold.25021
                0x0000000000083399                vStartXtal32kExternalRc.24921
 .text          0x00000000000833aa      0x910 C:\Users\Makoto\AppData\Local\Temp\ccFH0K0K.ltrans4.ltrans.o
                0x00000000000833aa                vHnd_E_STATE_RUNNING.26379
                0x00000000000835f4                SERIAL_vTxReady
                0x000000000008368e                vAppQApiPostHwIntT.3610
                0x0000000000083761                vRxChar.4951
                0x00000000000837b2                MWX_Panic
                0x0000000000083816                cbAppColdStart.part.32.7309
                0x0000000000083a00                SERIAL_i16RxChar
                0x0000000000083a63                TWETERM_iGetC.26745
                0x0000000000083a85                _ZN3mwx2L110serial_jen13_set_baudrateEt.isra.2.6649
                0x0000000000083b36                u8TAM_AES_WriteAuxilliarySecurityHeaderIntoBuffer
                0x0000000000083ba8                phy_ePibSet.part.1.16383
                0x0000000000083bf0                _ZN3mwx2L115periph_analogue5beginEv.local.120.constprop.296
                0x0000000000083c59                u32AHI_ReadIndexSectorBits.constprop.231
 .text.unlikely
                0x0000000000083cba      0x10d C:\Users\Makoto\AppData\Local\Temp\ccFH0K0K.ltrans4.ltrans.o
                0x0000000000083cba                bStartXtal32k.24931
 *fill*         0x0000000000083dc7        0x1 00
 .text          0x0000000000083dc8      0xa8c C:\Users\Makoto\AppData\Local\Temp\ccFH0K0K.ltrans5.ltrans.o
                0x0000000000083dc8                vPostDcfm.14560
                0x0000000000083e9c                AppWarmStart
                0x0000000000083f77                vSetNextChannel.14608
                0x0000000000083fd0                MAC_vHandleMlmeReqRsp
                0x0000000000084781                vTAMDEint1FiredTracking
                0x00000000000847f0                vTAMDEint1FiredSyncReq
 .text          0x0000000000084854      0xc5f C:\Users\Makoto\AppData\Local\Temp\ccFH0K0K.ltrans6.ltrans.o
                0x0000000000084854                TSV_eStart
                0x0000000000084938                eTAStransmitRequest
                0x0000000000084cd3                TSV_eOpen
                0x0000000000084cdb                vAppApiDefRestoreMacSettings
                0x0000000000084dac                vAppApiDefSaveMacSettings
                0x0000000000084e09                mac_vLPBSleep
                0x0000000000084edc                pvAppApiDefGetMacAddrLocation
                0x0000000000084ee5                eAppApiDefPlmeGet
                0x0000000000084f37                eAppApiDefPlmeSet
                0x0000000000084f90                vAppApiDefMcpsRequest
                0x0000000000084fbb                vHnd_E_STATE_PREPARE_TX.26358
 .text          0x00000000000854b3      0x53c C:\Users\Makoto\AppData\Local\Temp\ccFH0K0K.ltrans7.ltrans.o
                0x00000000000854b3                AppColdStart
 .text.unlikely
                0x00000000000859ef      0x440 C:\Users\Makoto\AppData\Local\Temp\ccFH0K0K.ltrans7.ltrans.o
                0x00000000000859ef                ToCoNet_vStart
 .text          0x0000000000085e2f      0x582 C:\Users\Makoto\AppData\Local\Temp\ccFH0K0K.ltrans8.ltrans.o
                0x0000000000085e2f                _ZN3mwx2L112appdefs_crtpINS0_9NwkSimpleEE18_cbTweNet_vRxEventEPvRNS0_9packet_rxE.local.204
                0x000000000008637d                vAppApiDefMlmeRequest
                0x00000000000863a8                pvAppApiDefGetMacHandle
 *fill*         0x00000000000863b1        0x3 00
 .text.unlikely
                0x00000000000863b4      0x310 C:\Users\Makoto\AppData\Local\Temp\ccFH0K0K.ltrans8.ltrans.o
                0x00000000000863d1                vProcessIncomingHwEvent.2880
 .text          0x00000000000866c4      0xbec C:\Users\Makoto\AppData\Local\Temp\ccFH0K0K.ltrans9.ltrans.o
                0x00000000000868bc                mwx::L1::periph_analogue::ADC_handler(unsigned long, unsigned long)
                0x0000000000086904                u8HwEventHandler.2711
                0x00000000000869ac                _ftoa.5968.constprop.333
                0x0000000000086d05                _ntoa_long_long.5942.constprop.330
                0x0000000000086dda                _ntoa_long.5930.constprop.335
                0x0000000000086ea7                vMicroIntEnableOnly.constprop.324
                0x0000000000086ed3                QUEUE__u8RemoveItem.part.1.5128
                0x0000000000086f0e                QUEUE__vAddItem.constprop.316
                0x0000000000086f40                _ToCoNet_bRfChChannel
                0x0000000000086fd5                ToCoNet_ChMgr_bCh_Reconfig
                0x000000000008703d                ToCoNet_ChMgr_vCh_TxFin
                0x0000000000087069                vHnd_E_STATE_WAIT_TX.26371
                0x00000000000870d9                vHnd_E_STATE_IDLE.26363
                0x000000000008713d                vAHI_ProtocolPower.constprop.323
                0x000000000008714b                XCV_vCtor.constprop.321
 .text.unlikely
                0x00000000000872b0      0x205 C:\Users\Makoto\AppData\Local\Temp\ccFH0K0K.ltrans9.ltrans.o
                0x00000000000872b0                _ZN3mwx2L110twenet_mac8transmitERNS0_9packet_txE.local.32.constprop.315
 .text          0x00000000000874b5      0x81f C:\Users\Makoto\AppData\Local\Temp\ccFH0K0K.ltrans10.ltrans.o
                0x00000000000874b5                UART_vHandleUartInterrupt.5053
                0x000000000008753c                vXCV_IntHandlerPhy
                0x00000000000875ee                vScanHandleTimer.14173
                0x00000000000875f3                _ZN3mwx2L114processev_crtpINS0_9NwkSimpleEE14vProcessEvCoreEP8_tsEvent7teEventm.local.206
                0x00000000000876a6                vXCV_IntHandlerBbc
                0x0000000000087749                vTAIsetCapTime
                0x000000000008776a                vTAIsetRxEnableTime
                0x000000000008778b                vDoGoActive.20864
                0x00000000000877ad                vTAMRXEint2Fired
                0x00000000000877e3                _ZN3mwx2L115periph_analogue5setupEbhPFvvE.local.124.constprop.297
                0x000000000008787d                _ZN3mwx2L114periph_twowireC1Eh.local.76
                0x00000000000878ba                vMLMEbeaconNotify
                0x0000000000087a18                vMCPSframeReceived
                0x0000000000087adb                bAHI_ReadMACID
                0x0000000000087b21                vTAMRXEsetPhy
                0x0000000000087be4                vTAHsetPhyState
                0x0000000000087c14                vTAMCOint2Fired
                0x0000000000087c34                vSetPHYfromMacValue.17698
                0x0000000000087c66                vTAMDEint1FiredWaitDR
                0x0000000000087c73                vTACsetPHYfromMacValue
                0x0000000000087c94                vTAMRXEsetReceiveForPibChange
 .text.unlikely
                0x0000000000087cd4       0x79 C:\Users\Makoto\AppData\Local\Temp\ccFH0K0K.ltrans10.ltrans.o
                0x0000000000087cd4                Delay.24925.constprop.257
 .text          0x0000000000087d4d      0x9e5 C:\Users\Makoto\AppData\Local\Temp\ccFH0K0K.ltrans11.ltrans.o
                0x0000000000087d4d                vAHI_IntHandlerTickTimer
                0x0000000000087d94                vTACintRXheader
                0x000000000008858f                eGenRxHdrDone.14567
                0x000000000008859f                vHnd_E_STATE_FINISH_TX_FAIL.26348
                0x0000000000088655                vHnd_E_STATE_FINISH_TX_SUCCESS.26353
                0x00000000000886e7                UART_vSetTxInterrupt
 .text          0x0000000000088732      0xb84 C:\Users\Makoto\AppData\Local\Temp\ccFH0K0K.ltrans12.ltrans.o
                0x0000000000088732                vAHI_IntHandlerSpiMaster
                0x0000000000088758                vAHI_IntHandlerAnalogPeriph
                0x0000000000088778                vTTIBLETimerExpired
                0x0000000000088783                _ZN3mwx2L120periph_pulse_counter10_on_wakeupEv.part.18.6683
                0x00000000000887f9                vAHI_DioSetDirection
                0x000000000008880d                vACI_CmdWaitBusy
                0x0000000000088871                vACI_OptimisedCcmStar
                0x0000000000088a89                vTAIdisableInterrupt
                0x0000000000088aa2                vUpdateRegisters.24170
                0x0000000000088ae9                psRemove.part.0.24120
                0x0000000000088b18                vMAC_MISCpollConfirm
                0x0000000000088b49                MAC_u8AclFindInfo
                0x0000000000088c73                vTASretrieveSecurity
                0x0000000000088c95                MAC_bLookUpKeyDescriptor.21672
                0x0000000000088d0f                u8TSCframeIncrease
                0x0000000000088d48                vTSCpostTransmitUpdate
                0x0000000000088d78                vCopyToDataFromMacAddr.21582
                0x0000000000088dab                bTSCgetOutgoingInfo
                0x0000000000088eb4                vDoGoOff.20862
                0x0000000000088ece                psTAQsearchFifo
                0x0000000000088f17                bTAQremoveFromFifo
                0x0000000000088f54                vTTITransactionTimerExpired
                0x0000000000088f7d                vTAMinsertEvent
                0x0000000000088fe3                vTTITimer2Expired
                0x0000000000088fe7                vTTITimer1Expired
                0x0000000000088feb                vTAM_TxRetryTimeout
                0x0000000000088fef                vTACsetTxFrameDefaults
                0x0000000000089015                u8TACgetHeaderSize
                0x0000000000089052                bUpdateTime.19900
                0x000000000008908d                vTACbuildBeacon
                0x0000000000089295                u32TACpayloadToU32M
 .text          0x00000000000892b6      0xae4 C:\Users\Makoto\AppData\Local\Temp\ccFH0K0K.ltrans13.ltrans.o
                0x00000000000892b6                cbToCoNet_vTxEvent
                0x00000000000893f9                bTAM_AES_CCMstarPatch
                0x000000000008953d                bTAM_AES_CCMstarPatch2006
                0x000000000008981c                bTATsendFrame
                0x000000000008986f                vTrySendFromDirectCAP.17155
                0x000000000008988a                vTrySendFromDirectNoBeacon.17159
                0x00000000000898b5                vTAMCOint1Fired
                0x00000000000899d1                vTAMCOstartBeacon
                0x0000000000089a0c                vStartStoreValues.17223
                0x0000000000089ac3                bStartCallback.17252
                0x0000000000089af2                vTAMCOint1FiredCAP
                0x0000000000089b65                vTAMCOreqTXnoBeacon
                0x0000000000089b77                vTAMCOreqTXinCAP
                0x0000000000089b9d                vTrySendUnslotted.17700
                0x0000000000089bb7                bSendDataRequest.17702
                0x0000000000089cc9                bProcessBeaconRX.17705
 *fill*         0x0000000000089d9a        0x2 00
 .text          0x0000000000089d9c      0xa10 C:\Users\Makoto\AppData\Local\Temp\ccFH0K0K.ltrans14.ltrans.o
                0x0000000000089d9c                vPMICassocReqTO_1.12997
                0x0000000000089e24                vTAM_MCPSdataRequest
                0x0000000000089e67                bTACcheckPANconflict
                0x0000000000089f20                vTAMDEstartSync
                0x0000000000089f9f                eTAMselect
                0x000000000008a0e0                MAC_pvCtor
                0x000000000008a4fb                u32AppApiDefInit
                0x000000000008a5b0                vDeterminePowerState.17822
                0x000000000008a634                vTAMDEint1FiredTrackingBeacon
                0x000000000008a6d4                vTAMDEint2FiredTrackingDR
                0x000000000008a6f9                vTAMDEframeTXtrackingDR
                0x000000000008a752                vTAMDEint2FiredPollActive
                0x000000000008a786                vTAMDEreqTXnullTrackingCAP
                0x000000000008a79f                vTAM_TxRetryTimer
 .text          0x000000000008a7ac      0x71f C:\Users\Makoto\AppData\Local\Temp\ccFH0K0K.ltrans15.ltrans.o
                0x000000000008a7ac                bAES_CCM_EncodeKey
                0x000000000008aade                u8Write802_15_4HeaderIntoBuffer.22871
                0x000000000008ac3e                _ZN3mwx2L110serial_jen10_on_wakeupEv.part.27.6827
                0x000000000008acb8                _MWX_periph_init()
                0x000000000008adb2                vTimerStart
 .text          0x000000000008aecb      0xddc C:\Users\Makoto\AppData\Local\Temp\ccFH0K0K.ltrans16.ltrans.o
                0x000000000008aecb                vExpireHead.24125
                0x000000000008aefb                ToCoNet_vInit
                0x000000000008b23e                _etoa.5988.constprop.331
                0x000000000008b5e9                _vsnprintf.constprop.329
                0x000000000008bc1e                _ZN3mwx2L111_printobj_4ImhhhE9_do_printEPvPFvcS3_ES3_.local.208
                0x000000000008bc42                _ZN3mwx2L111_printobj_4IPhttmE9_do_printEPvPFvcS4_ES4_.local.207
                0x000000000008bc66                MWX_DebugMsg
 .text.unlikely
                0x000000000008bca7       0x40 C:\Users\Makoto\AppData\Local\Temp\ccFH0K0K.ltrans16.ltrans.o
                0x000000000008bca7                u32AppQApiInitInt_PATCH
                0x000000000008bcb6                _ZN3mwx2L19_printobj8do_printEPFvcPvES2_.local.199.constprop.310
 .text          0x000000000008bce7      0x422 C:\Users\Makoto\AppData\Local\Temp\ccFH0K0K.ltrans17.ltrans.o
                0x000000000008bce7                _ToCoNet_vMacInit
                0x000000000008bd4d                _ToCoNet_vRfConfig
                0x000000000008be8e                mwx::L1::NwkSimple::on_create(unsigned long&)
                0x000000000008c04a                setup()
 .text.unlikely
                0x000000000008c109      0x2cd C:\Users\Makoto\AppData\Local\Temp\ccFH0K0K.ltrans17.ltrans.o
                0x000000000008c109                vTransmit(char const*, unsigned long)
 *fill*         0x000000000008c3d6        0x2 00
 .text          0x000000000008c3d8      0x780 C:\Users\Makoto\AppData\Local\Temp\ccFH0K0K.ltrans18.ltrans.o
                0x000000000008c3d8                eGenTmrExpiry.14869
                0x000000000008c41a                eWEDTEdDone.14872
                0x000000000008c43e                TSV_eStop
                0x000000000008c4fd                bPMICdisassocReqSent.12993
                0x000000000008c5b7                MAC_vHandleMcpsReqRsp
                0x000000000008c644                bMCPSframeTXcomplete.15604
                0x000000000008c699                bSendSyncLoss.19835
                0x000000000008c6b1                bPollReqSent.23431
                0x000000000008c6c9                bTASsendCommStatusInd
                0x000000000008c6de                bAssocRespSent.12989
                0x000000000008c6f1                eTACprocessFrameTXcomplete
                0x000000000008c86d                vTAMCOframeTXnobeacon
                0x000000000008c882                vTAMCOframeStarting
                0x000000000008c89b                vTAMDEframeTXDEnull
                0x000000000008c8be                vTAMDEframeTXtrackingCAPgts
                0x000000000008c8ea                bPMICassocReqSent.12985
                0x000000000008c96c                bPMICassocReqPollSent.13000
                0x000000000008c9c0                eWChCChanChgd.14584
 .text          0x000000000008cb58      0x548 C:\Users\Makoto\AppData\Local\Temp\ccFH0K0K.ltrans19.ltrans.o
                0x000000000008cb58                SERIAL_bTxChar
                0x000000000008cc09                TWETERM_iPutS.26737
                0x000000000008cc2e                TWETERM_iPutC.26741
                0x000000000008cc3f                TWETERM_vFlush.26714
                0x000000000008ccbd                vTimerConfig
                0x000000000008cec9                cbAppWarmStart.part.28.7088
                0x000000000008d079                _ZN3mwx2L110serial_jen5writeEi.local.146
                0x000000000008d088                _ZN3mwx2L16streamINS0_10serial_jenEElsERNS0_18MWX_Stream_EndLineE.isra.27.2100
 .text          0x000000000008d0a0      0x157 C:\Users\Makoto\AppData\Local\Temp\ccFH0K0K.ltrans20.ltrans.o
                0x000000000008d0a0                _ZN3mwx2L112appdefs_crtpINS0_9NwkSimpleEE9_on_eventEPvmRm.local.205
                0x000000000008d18f                vProcessEvCoreMac
 .text          0x000000000008d1f7       0x25 c:/users/makoto/desktop/mwstage-2022-08_win10-1/mwstage/tools/ba-elf-ba2-r36379.w10/bin/../lib/gcc/ba-elf/4.7.4/../../../../ba-elf/lib/mcpu_jn51xx_sizeopt\libc.a(lib_a-memcmp.o)
                0x000000000008d1f7                memcmp
 *fill*         0x000000000008d21c        0x0 00
 .text          0x000000000008d21c      0x204 c:/users/makoto/desktop/mwstage-2022-08_win10-1/mwstage/tools/ba-elf-ba2-r36379.w10/bin/../lib/gcc/ba-elf/4.7.4/mcpu_jn51xx_sizeopt\libgcc.a(__udivsi3.o)
                0x000000000008d21c                __udivsi3
 .text          0x000000000008d420       0x30 c:/users/makoto/desktop/mwstage-2022-08_win10-1/mwstage/tools/ba-elf-ba2-r36379.w10/bin/../lib/gcc/ba-elf/4.7.4/mcpu_jn51xx_sizeopt\libgcc.a(__divsi3.o)
                0x000000000008d420                __divsi3
 .text          0x000000000008d450      0x1b0 c:/users/makoto/desktop/mwstage-2022-08_win10-1/mwstage/tools/ba-elf-ba2-r36379.w10/bin/../lib/gcc/ba-elf/4.7.4/mcpu_jn51xx_sizeopt\libgcc.a(__umodsi3.o)
                0x000000000008d450                __umodsi3
 .text          0x000000000008d600       0x24 c:/users/makoto/desktop/mwstage-2022-08_win10-1/mwstage/tools/ba-elf-ba2-r36379.w10/bin/../lib/gcc/ba-elf/4.7.4/mcpu_jn51xx_sizeopt\libgcc.a(__modsi3.o)
                0x000000000008d600                __modsi3
 .text          0x000000000008d624       0x39 c:/users/makoto/desktop/mwstage-2022-08_win10-1/mwstage/tools/ba-elf-ba2-r36379.w10/bin/../lib/gcc/ba-elf/4.7.4/mcpu_jn51xx_sizeopt\libgcc.a(_fixunsdfsi.o)
                0x000000000008d624                __fixunsdfsi
 .text          0x000000000008d65d      0x350 c:/users/makoto/desktop/mwstage-2022-08_win10-1/mwstage/tools/ba-elf-ba2-r36379.w10/bin/../lib/gcc/ba-elf/4.7.4/mcpu_jn51xx_sizeopt\libgcc.a(_udivdi3.o)
                0x000000000008d65d                __udivdi3
 .text          0x000000000008d9ad      0x312 c:/users/makoto/desktop/mwstage-2022-08_win10-1/mwstage/tools/ba-elf-ba2-r36379.w10/bin/../lib/gcc/ba-elf/4.7.4/mcpu_jn51xx_sizeopt\libgcc.a(_umoddi3.o)
                0x000000000008d9ad                __umoddi3
 .text          0x000000000008dcbf      0x682 c:/users/makoto/desktop/mwstage-2022-08_win10-1/mwstage/tools/ba-elf-ba2-r36379.w10/bin/../lib/gcc/ba-elf/4.7.4/mcpu_jn51xx_sizeopt\libgcc.a(adddf3.o)
                0x000000000008dcbf                __adddf3
 *fill*         0x000000000008e341        0x3 00
 .text          0x000000000008e344      0x5c8 c:/users/makoto/desktop/mwstage-2022-08_win10-1/mwstage/tools/ba-elf-ba2-r36379.w10/bin/../lib/gcc/ba-elf/4.7.4/mcpu_jn51xx_sizeopt\libgcc.a(divdf3.o)
                0x000000000008e344                __divdf3
 .text          0x000000000008e90c       0x7f c:/users/makoto/desktop/mwstage-2022-08_win10-1/mwstage/tools/ba-elf-ba2-r36379.w10/bin/../lib/gcc/ba-elf/4.7.4/mcpu_jn51xx_sizeopt\libgcc.a(eqdf2.o)
                0x000000000008e90c                __nedf2
                0x000000000008e90c                __eqdf2
 .text          0x000000000008e98b       0xca c:/users/makoto/desktop/mwstage-2022-08_win10-1/mwstage/tools/ba-elf-ba2-r36379.w10/bin/../lib/gcc/ba-elf/4.7.4/mcpu_jn51xx_sizeopt\libgcc.a(gedf2.o)
                0x000000000008e98b                __gedf2
                0x000000000008e98b                __gtdf2
 .text          0x000000000008ea55       0xcb c:/users/makoto/desktop/mwstage-2022-08_win10-1/mwstage/tools/ba-elf-ba2-r36379.w10/bin/../lib/gcc/ba-elf/4.7.4/mcpu_jn51xx_sizeopt\libgcc.a(ledf2.o)
                0x000000000008ea55                __ledf2
                0x000000000008ea55                __ltdf2
 .text          0x000000000008eb20      0x488 c:/users/makoto/desktop/mwstage-2022-08_win10-1/mwstage/tools/ba-elf-ba2-r36379.w10/bin/../lib/gcc/ba-elf/4.7.4/mcpu_jn51xx_sizeopt\libgcc.a(muldf3.o)
                0x000000000008eb20                __muldf3
 .text          0x000000000008efa8      0x693 c:/users/makoto/desktop/mwstage-2022-08_win10-1/mwstage/tools/ba-elf-ba2-r36379.w10/bin/../lib/gcc/ba-elf/4.7.4/mcpu_jn51xx_sizeopt\libgcc.a(subdf3.o)
                0x000000000008efa8                __subdf3
 .text          0x000000000008f63b       0x64 c:/users/makoto/desktop/mwstage-2022-08_win10-1/mwstage/tools/ba-elf-ba2-r36379.w10/bin/../lib/gcc/ba-elf/4.7.4/mcpu_jn51xx_sizeopt\libgcc.a(fixdfsi.o)
                0x000000000008f63b                __fixdfsi
 .text          0x000000000008f69f       0x61 c:/users/makoto/desktop/mwstage-2022-08_win10-1/mwstage/tools/ba-elf-ba2-r36379.w10/bin/../lib/gcc/ba-elf/4.7.4/mcpu_jn51xx_sizeopt\libgcc.a(floatsidf.o)
                0x000000000008f69f                __floatsidf
 .text          0x000000000008f700       0x4f c:/users/makoto/desktop/mwstage-2022-08_win10-1/mwstage/tools/ba-elf-ba2-r36379.w10/bin/../lib/gcc/ba-elf/4.7.4/mcpu_jn51xx_sizeopt\libgcc.a(floatunsidf.o)
                0x000000000008f700                __floatunsidf
 .text          0x000000000008f74f       0x27 C:/Users/Makoto/Desktop/MWSTAGE-2022-08_win10-1/MWSTAGE/MWSDK/ChipLib/SW4063V1416/Components/Library\libHardwareApi_JN516x.a(AHI_Interrupt.o)
                0x000000000008f74f                vAHI_InterruptSetPriority
                0x000000000008f76d                vAHI_InterruptSetActivePriorityLevel
 .text.vMicroSyscall
                0x000000000008f776       0x17 C:/Users/Makoto/Desktop/MWSTAGE-2022-08_win10-1/MWSTAGE/MWSDK/ChipLib/SW4063V1416/Components/Library\libMicroSpecific_JN516x.a(MicroSyscall_ba.o)
                0x000000000008f776                vMicroSyscall
 .text          0x000000000008f78d       0x19 c:/users/makoto/desktop/mwstage-2022-08_win10-1/mwstage/tools/ba-elf-ba2-r36379.w10/bin/../lib/gcc/ba-elf/4.7.4/../../../../ba-elf/lib/mcpu_jn51xx_sizeopt\libc.a(lib_a-memcpy.o)
 .text          0x000000000008f7a6       0x12 c:/users/makoto/desktop/mwstage-2022-08_win10-1/mwstage/tools/ba-elf-ba2-r36379.w10/bin/../lib/gcc/ba-elf/4.7.4/../../../../ba-elf/lib/mcpu_jn51xx_sizeopt\libc.a(lib_a-memset.o)
                0x000000000008f7a6                memset
 .text          0x000000000008f7b8       0x38 c:/users/makoto/desktop/mwstage-2022-08_win10-1/mwstage/tools/ba-elf-ba2-r36379.w10/bin/../lib/gcc/ba-elf/4.7.4/../../../../ba-elf/lib/mcpu_jn51xx_sizeopt\libc.a(lib_a-strncmp.o)
                0x000000000008f7b8                strncmp
                0x000000000008f7f0                _flash_end = ABSOLUTE (.)

.rela.dyn       0x000000000008f7f0        0x0
 .rela.text     0x0000000000000000        0x0 C:\Users\Makoto\AppData\Local\Temp\ccFH0K0K.ltrans0.ltrans.o
 .rela.rodata   0x0000000000000000        0x0 C:\Users\Makoto\AppData\Local\Temp\ccFH0K0K.ltrans0.ltrans.o
 .rela.text.unlikely
                0x0000000000000000        0x0 C:\Users\Makoto\AppData\Local\Temp\ccFH0K0K.ltrans0.ltrans.o
 .rela.data     0x0000000000000000        0x0 C:\Users\Makoto\AppData\Local\Temp\ccFH0K0K.ltrans0.ltrans.o
                0x000000000400004c                . = ORIGIN (ram)

.data           0x000000000400004c       0x18 load address 0x000000000008f7f0
                0x000000000400004c                _ram_data_start = ABSOLUTE (.)
 *(.data*)
 .data          0x000000000400004c        0x2 C:\Users\Makoto\AppData\Local\Temp\ccFH0K0K.ltrans0.ltrans.o
 *fill*         0x000000000400004e        0x2 00
 .data          0x0000000004000050        0x4 C:\Users\Makoto\AppData\Local\Temp\ccFH0K0K.ltrans3.ltrans.o
                0x0000000004000050                u32HeapStart
 .data          0x0000000004000054        0x1 C:\Users\Makoto\AppData\Local\Temp\ccFH0K0K.ltrans4.ltrans.o
                0x0000000004000054                _toconet_tx_u8_init_queue_flag
 .data          0x0000000004000055        0x1 C:\Users\Makoto\AppData\Local\Temp\ccFH0K0K.ltrans6.ltrans.o
                0x0000000004000055                u8TxWkrNow.26481
 *fill*         0x0000000004000056        0x2 00
 .data.initinboot
                0x0000000004000058        0x8 C:\Users\Makoto\AppData\Local\Temp\ccFH0K0K.ltrans9.ltrans.o
 .data          0x0000000004000060        0x1 C:\Users\Makoto\AppData\Local\Temp\ccFH0K0K.ltrans14.ltrans.o
 .data.initinboot
                0x0000000004000061        0x1 C:\Users\Makoto\AppData\Local\Temp\ccFH0K0K.ltrans14.ltrans.o
                0x0000000004000061                gMAC_u8MaxBuffers
 *(.data.*)
                0x0000000004000064                . = ALIGN (0x4)
 *fill*         0x0000000004000062        0x2 00
                0x0000000004000064                _ram_data_end = ABSOLUTE (.)

.bss            0x0000000004000064     0x15dc load address 0x000000000008f808
                0x0000000004000064                _bss_start = ABSOLUTE (.)
 *(.bss*)
 .bss           0x0000000004000064       0xe8 C:\Users\Makoto\AppData\Local\Temp\ccFH0K0K.ltrans0.ltrans.o
                0x0000000004000064                sMcpsIndQueue.3849
                0x0000000004000074                sMcpsIndBufferQueue.3847
                0x0000000004000084                sMlmeIndQueue.3850
                0x0000000004000094                sMlmeIndBufferQueue.3848
                0x00000000040000a4                sHwIndQueue.3851
                0x00000000040000b4                sHwIndBufferQueue.3852
                0x00000000040000c4                _u32_INT_adc_comp
                0x00000000040000c8                _u32_INT_ticktimer
                0x00000000040000cc                the_vsettings
                0x00000000040000d0                the_vhw
                0x00000000040000d4                the_vapp
                0x00000000040000d8                the_vnet2
                0x00000000040000dc                the_vnet
                0x00000000040000e0                asSerialPorts
                0x0000000004000118                Buttons
                0x0000000004000120                Serial
                0x0000000004000140                _periph_availmap
 .bss           0x000000000400014c       0x40 C:\Users\Makoto\AppData\Local\Temp\ccFH0K0K.ltrans1.ltrans.o
                0x000000000400014c                g_sLP
                0x0000000004000188                g_pvMac
 .bss.initinboot
                0x000000000400018c      0x1c0 C:\Users\Makoto\AppData\Local\Temp\ccFH0K0K.ltrans1.ltrans.o
                0x000000000400018c                g_sMac
 .bss           0x000000000400034c        0xc C:\Users\Makoto\AppData\Local\Temp\ccFH0K0K.ltrans2.ltrans.o
 .bss           0x0000000004000358        0x8 C:\Users\Makoto\AppData\Local\Temp\ccFH0K0K.ltrans3.ltrans.o
 .bss.dontinitinboot
                0x0000000004000360        0x4 C:\Users\Makoto\AppData\Local\Temp\ccFH0K0K.ltrans3.ltrans.o
 .bss           0x0000000004000364      0x618 C:\Users\Makoto\AppData\Local\Temp\ccFH0K0K.ltrans4.ltrans.o
                0x0000000004000364                prAppHwCallback.3855
                0x0000000004000368                TxWorker_u8Num.26438
 .bss           0x000000000400097c       0x90 C:\Users\Makoto\AppData\Local\Temp\ccFH0K0K.ltrans5.ltrans.o
                0x000000000400097c                _ZL5_vcbs.7461
                0x0000000004000990                sToCoNet_AppContext
                0x00000000040009ac                sToCoNet_Context
                0x00000000040009f4                sAssocSecurity.13614
                0x0000000004000a00                g_bJenieBackwardsCompatibilityMode
 .bss           0x0000000004000a0c       0x28 C:\Users\Makoto\AppData\Local\Temp\ccFH0K0K.ltrans6.ltrans.o
                0x0000000004000a0c                sCh_Context.3487
                0x0000000004000a10                asTx.26437
 .bss.initinboot
                0x0000000004000a34        0x1 C:\Users\Makoto\AppData\Local\Temp\ccFH0K0K.ltrans6.ltrans.o
 *fill*         0x0000000004000a35        0x3 00
 .bss           0x0000000004000a38      0x28c C:\Users\Makoto\AppData\Local\Temp\ccFH0K0K.ltrans7.ltrans.o
                0x0000000004000a38                u8AppId_Pkt_head.4799
                0x0000000004000a3c                u32AppId.4796
                0x0000000004000a40                u32MyAddr.4798
                0x0000000004000a44                bRxQueue_Init.4797
                0x0000000004000a48                psRxQueueList.4795
                0x0000000004000a5c                asEventHandler.2568
                0x0000000004000afc                sEvVars
                0x0000000004000b18                u32TickCount_ms
                0x0000000004000b1c                au8Txdatabuff_idx_sTxQueue
                0x0000000004000b20                u8TxBuffSiz_sTxQueue
                0x0000000004000b24                sTxdatabuff_sTxQueue
                0x0000000004000b28                sTxQueue
                0x0000000004000b44                au8Rxdatabuff_idx_sRxQueue
                0x0000000004000b48                u8RxBuffSiz_sRxQueue
                0x0000000004000b4c                sRxdatabuff_sRxQueue
                0x0000000004000b50                sRxQueue
                0x0000000004000b6c                au8Rxdatabuff_idx_sRxQueueCmd
                0x0000000004000b70                u8RxBuffSiz_sRxQueueCmd
                0x0000000004000b74                sRxdatabuff_sRxQueueCmd
                0x0000000004000b78                sRxQueueCmd.3019
                0x0000000004000b94                sContext.4920
                0x0000000004000bc0                the_twelite
                0x0000000004000c58                sToCoNet_Modules
 .bss           0x0000000004000cc4       0xac C:\Users\Makoto\AppData\Local\Temp\ccFH0K0K.ltrans8.ltrans.o
                0x0000000004000cc4                Timer4
                0x0000000004000ccc                Timer3
                0x0000000004000cd4                Timer2
                0x0000000004000cdc                Timer1
                0x0000000004000ce4                Timer0
                0x0000000004000cec                SPI
                0x0000000004000cf0                Wire
                0x0000000004000d08                SerialParser
                0x0000000004000d44                Serial1
                0x0000000004000d64                PulseCounter1
                0x0000000004000d68                PulseCounter0
 .bss           0x0000000004000d70       0x14 C:\Users\Makoto\AppData\Local\Temp\ccFH0K0K.ltrans9.ltrans.o
                0x0000000004000d70                bAccumulateModeFlag.24660
                0x0000000004000d74                pvPostFunc.2582
                0x0000000004000d78                u32PostArg.2581
                0x0000000004000d7c                evPost.2580
 .bss.dontinitinboot
                0x0000000004000d84        0x8 C:\Users\Makoto\AppData\Local\Temp\ccFH0K0K.ltrans9.ltrans.o
 .bss           0x0000000004000d8c       0x24 C:\Users\Makoto\AppData\Local\Temp\ccFH0K0K.ltrans10.ltrans.o
                0x0000000004000d8c                bTxEventQueued.20730
                0x0000000004000d8d                u8TxEventStatus.20731
                0x0000000004000d8e                gbTimeOutFlag.25094
                0x0000000004000d90                sAppHousekeeping
                0x0000000004000da8                prApAppCallback.24661
                0x0000000004000dac                bIntEnableFlag.24658
 .bss           0x0000000004000db0       0x28 C:\Users\Makoto\AppData\Local\Temp\ccFH0K0K.ltrans11.ltrans.o
                0x0000000004000db0                asUARTS.5095
 .bss           0x0000000004000dd8        0x1 C:\Users\Makoto\AppData\Local\Temp\ccFH0K0K.ltrans12.ltrans.o
                0x0000000004000dd8                u8TAM_TxStatusOverride
 .bss.dontinitinboot
                0x0000000004000dd9        0x1 C:\Users\Makoto\AppData\Local\Temp\ccFH0K0K.ltrans13.ltrans.o
                0x0000000004000dd9                u8SecurityMode.22898
 *fill*         0x0000000004000dda        0x2 00
 .bss           0x0000000004000ddc        0xc C:\Users\Makoto\AppData\Local\Temp\ccFH0K0K.ltrans14.ltrans.o
                0x0000000004000ddc                g_sXcv
                0x0000000004000de0                prMcpsRequest.9997
                0x0000000004000de4                prMlmeRequest.9996
 .bss.initinboot
                0x0000000004000de8        0x8 C:\Users\Makoto\AppData\Local\Temp\ccFH0K0K.ltrans14.ltrans.o
                0x0000000004000de8                g_u32MacAddrLocation
                0x0000000004000dec                prvUserTxStartedCallback
 .bss           0x0000000004000df0       0x64 C:\Users\Makoto\AppData\Local\Temp\ccFH0K0K.ltrans15.ltrans.o
                0x0000000004000df0                prUart1AppCallback.25562
                0x0000000004000df4                prUart0AppCallback.25561
                0x0000000004000df8                sOpt.5102
                0x0000000004000e08                _psSerial
 .bss           0x0000000004000e54      0x718 C:\Users\Makoto\AppData\Local\Temp\ccFH0K0K.ltrans16.ltrans.o
                0x0000000004000e54                prSpiAppCallback.24895
                0x0000000004000e58                prSiAppCallback.26108
                0x0000000004000e5c                prAppMcpsCallback.3853
                0x0000000004000e60                prAppMlmeCallback.3854
 .bss.initinboot
                0x000000000400156c        0x4 C:\Users\Makoto\AppData\Local\Temp\ccFH0K0K.ltrans16.ltrans.o
                0x000000000400156c                prSysCtrlAppCallback.25098
 .bss           0x0000000004001570       0x48 C:\Users\Makoto\AppData\Local\Temp\ccFH0K0K.ltrans17.ltrans.o
                0x0000000004001570                prOriginalHandler.4930
                0x0000000004001574                the_mac
                0x0000000004001590                Analogue
 .bss           0x00000000040015b8       0x14 C:\Users\Makoto\AppData\Local\Temp\ccFH0K0K.ltrans18.ltrans.o
                0x00000000040015b8                s_sTimerList
                0x00000000040015c8                u8AssocResponsesInProgress.13613
 .bss           0x00000000040015cc       0x34 C:\Users\Makoto\AppData\Local\Temp\ccFH0K0K.ltrans19.ltrans.o
                0x00000000040015cc                _SERIAL_bmTxIntEnabled
                0x00000000040015d0                sSerCmd_P3.5765
                0x00000000040015dc                apfTimerAppCallback.25307
                0x00000000040015f0                prTickTimeAppCallback
                0x00000000040015f4                au16TimerSettings.25256
 .bss.dontinitinboot
                0x0000000004001600       0x40 C:/Users/Makoto/Desktop/MWSTAGE-2022-08_win10-1/MWSTAGE/MWSDK/ChipLib/SW4063V1416/Components/Library\libBoot_JN516x.a(ExceptionHandler.o)
                0x0000000004001600                isr_handlers
 *(.bss.*)
 *(.scommon*)
 *(.scommon.*)
 *(COMMON)
                0x0000000004001640                . = ALIGN (0x4)
                0x0000000004001640                _bss_end = ABSOLUTE (.)

.heap           0x0000000004001640      0xd16 load address 0x0000000000090de4
                0x0000000004001640                _heap_start = ABSOLUTE (.)
                0x0000000004002356                . = (. + _minimum_heap_size)
 *fill*         0x0000000004001640      0xd16 00

.stack          0x0000000004007800      0x800 load address 0x0000000000096fa4
                0x0000000004007800                _heap_end = ABSOLUTE (.)
                0x0000000004007800                _stack_low_water_mark = ABSOLUTE (.)
                0x0000000004008000                . = (. + _stack_size)
 *fill*         0x0000000004007800      0x800 00

.test           0x000000000008f808        0x1
                0x000000000008f808        0x1 BYTE 0xff
                0x000000000008f7f0                _flash_data_start = LOADADDR (.data)
                0x0000000000000018                _ram_data_len = (((_ram_data_end - _ram_data_start) + 0x3) & 0xfffffffffffffffc)
                0x00000000000015dc                _bss_len = (((_bss_end - _bss_start) + 0x3) & 0xfffffffffffffffc)
                0x000000000000f808                _image_len = ((((_flash_end - _flash_start) + _ram_data_len) + 0x3) & 0xfffffffffffffffc)
                0x0000000004008000                _ram_top = (ABSOLUTE (ORIGIN (ram)) + 0x7fb4)
                0x0000000004008000                ram_top = (ABSOLUTE (ORIGIN (ram)) + 0x7fb4)
                0x0000000001001580                _app_ram_start = 0x1001580
                0x0000000004000050                PROVIDE (_heap_location, u32HeapStart)
                0x0000000004000050                PROVIDE (heap_location, u32HeapStart)
                0x0000000000084cd3                TSV_eOpenVector = TSV_eOpen
                0x0000000000084854                TSV_eStartVector = TSV_eStart
                0x000000000008c43e                TSV_eStopVector = TSV_eStop
                0x00000000000863a8                pvAppApiGetMacHandle = pvAppApiDefGetMacHandle
                0x000000000008a4fb                u32AppApiInit = u32AppApiDefInit
                0x000000000008637d                vAppApiMlmeRequest = vAppApiDefMlmeRequest
                0x0000000000084f90                vAppApiMcpsRequest = vAppApiDefMcpsRequest
                0x0000000000084f37                eAppApiPlmeSet = eAppApiDefPlmeSet
                0x0000000000084ee5                eAppApiPlmeGet = eAppApiDefPlmeGet
                0x0000000000084edc                pvAppApiGetMacAddrLocation = pvAppApiDefGetMacAddrLocation
                0x0000000000084dac                vAppApiSaveMacSettings = vAppApiDefSaveMacSettings
                0x0000000000084cdb                vAppApiRestoreMacSettings = vAppApiDefRestoreMacSettings
OUTPUT(objs_BLUE/PingPong_BLUE_L1305_V0-1-0.elf elf32-ba)

.comment        0x0000000000000000       0x11
 .comment       0x0000000000000000       0x12 C:\Users\Makoto\AppData\Local\Temp\ccFH0K0K.ltrans0.ltrans.o
 .comment       0x0000000000000000       0x12 C:\Users\Makoto\AppData\Local\Temp\ccFH0K0K.ltrans1.ltrans.o
 .comment       0x0000000000000000       0x12 C:\Users\Makoto\AppData\Local\Temp\ccFH0K0K.ltrans2.ltrans.o
 .comment       0x0000000000000000       0x12 C:\Users\Makoto\AppData\Local\Temp\ccFH0K0K.ltrans3.ltrans.o
 .comment       0x0000000000000000       0x12 C:\Users\Makoto\AppData\Local\Temp\ccFH0K0K.ltrans4.ltrans.o
 .comment       0x0000000000000000       0x12 C:\Users\Makoto\AppData\Local\Temp\ccFH0K0K.ltrans5.ltrans.o
 .comment       0x0000000000000000       0x12 C:\Users\Makoto\AppData\Local\Temp\ccFH0K0K.ltrans6.ltrans.o
 .comment       0x0000000000000000       0x12 C:\Users\Makoto\AppData\Local\Temp\ccFH0K0K.ltrans7.ltrans.o
 .comment       0x0000000000000000       0x12 C:\Users\Makoto\AppData\Local\Temp\ccFH0K0K.ltrans8.ltrans.o
 .comment       0x0000000000000000       0x12 C:\Users\Makoto\AppData\Local\Temp\ccFH0K0K.ltrans9.ltrans.o
 .comment       0x0000000000000000       0x12 C:\Users\Makoto\AppData\Local\Temp\ccFH0K0K.ltrans10.ltrans.o
 .comment       0x0000000000000000       0x12 C:\Users\Makoto\AppData\Local\Temp\ccFH0K0K.ltrans11.ltrans.o
 .comment       0x0000000000000000       0x12 C:\Users\Makoto\AppData\Local\Temp\ccFH0K0K.ltrans12.ltrans.o
 .comment       0x0000000000000000       0x12 C:\Users\Makoto\AppData\Local\Temp\ccFH0K0K.ltrans13.ltrans.o
 .comment       0x0000000000000000       0x12 C:\Users\Makoto\AppData\Local\Temp\ccFH0K0K.ltrans14.ltrans.o
 .comment       0x0000000000000000       0x12 C:\Users\Makoto\AppData\Local\Temp\ccFH0K0K.ltrans15.ltrans.o
 .comment       0x0000000000000000       0x12 C:\Users\Makoto\AppData\Local\Temp\ccFH0K0K.ltrans16.ltrans.o
 .comment       0x0000000000000000       0x12 C:\Users\Makoto\AppData\Local\Temp\ccFH0K0K.ltrans17.ltrans.o
 .comment       0x0000000000000000       0x12 C:\Users\Makoto\AppData\Local\Temp\ccFH0K0K.ltrans18.ltrans.o
 .comment       0x0000000000000000       0x12 C:\Users\Makoto\AppData\Local\Temp\ccFH0K0K.ltrans19.ltrans.o
 .comment       0x0000000000000000       0x12 C:\Users\Makoto\AppData\Local\Temp\ccFH0K0K.ltrans20.ltrans.o
 .comment       0x0000000000000000       0x12 c:/users/makoto/desktop/mwstage-2022-08_win10-1/mwstage/tools/ba-elf-ba2-r36379.w10/bin/../lib/gcc/ba-elf/4.7.4/../../../../ba-elf/lib/mcpu_jn51xx_sizeopt\libc.a(lib_a-memcmp.o)
 .comment       0x0000000000000000       0x12 c:/users/makoto/desktop/mwstage-2022-08_win10-1/mwstage/tools/ba-elf-ba2-r36379.w10/bin/../lib/gcc/ba-elf/4.7.4/mcpu_jn51xx_sizeopt\libgcc.a(_fixunsdfsi.o)
 .comment       0x0000000000000000       0x12 c:/users/makoto/desktop/mwstage-2022-08_win10-1/mwstage/tools/ba-elf-ba2-r36379.w10/bin/../lib/gcc/ba-elf/4.7.4/mcpu_jn51xx_sizeopt\libgcc.a(_udivdi3.o)
 .comment       0x0000000000000000       0x12 c:/users/makoto/desktop/mwstage-2022-08_win10-1/mwstage/tools/ba-elf-ba2-r36379.w10/bin/../lib/gcc/ba-elf/4.7.4/mcpu_jn51xx_sizeopt\libgcc.a(_umoddi3.o)
 .comment       0x0000000000000000       0x12 c:/users/makoto/desktop/mwstage-2022-08_win10-1/mwstage/tools/ba-elf-ba2-r36379.w10/bin/../lib/gcc/ba-elf/4.7.4/mcpu_jn51xx_sizeopt\libgcc.a(adddf3.o)
 .comment       0x0000000000000000       0x12 c:/users/makoto/desktop/mwstage-2022-08_win10-1/mwstage/tools/ba-elf-ba2-r36379.w10/bin/../lib/gcc/ba-elf/4.7.4/mcpu_jn51xx_sizeopt\libgcc.a(divdf3.o)
 .comment       0x0000000000000000       0x12 c:/users/makoto/desktop/mwstage-2022-08_win10-1/mwstage/tools/ba-elf-ba2-r36379.w10/bin/../lib/gcc/ba-elf/4.7.4/mcpu_jn51xx_sizeopt\libgcc.a(eqdf2.o)
 .comment       0x0000000000000000       0x12 c:/users/makoto/desktop/mwstage-2022-08_win10-1/mwstage/tools/ba-elf-ba2-r36379.w10/bin/../lib/gcc/ba-elf/4.7.4/mcpu_jn51xx_sizeopt\libgcc.a(gedf2.o)
 .comment       0x0000000000000000       0x12 c:/users/makoto/desktop/mwstage-2022-08_win10-1/mwstage/tools/ba-elf-ba2-r36379.w10/bin/../lib/gcc/ba-elf/4.7.4/mcpu_jn51xx_sizeopt\libgcc.a(ledf2.o)
 .comment       0x0000000000000000       0x12 c:/users/makoto/desktop/mwstage-2022-08_win10-1/mwstage/tools/ba-elf-ba2-r36379.w10/bin/../lib/gcc/ba-elf/4.7.4/mcpu_jn51xx_sizeopt\libgcc.a(muldf3.o)
 .comment       0x0000000000000000       0x12 c:/users/makoto/desktop/mwstage-2022-08_win10-1/mwstage/tools/ba-elf-ba2-r36379.w10/bin/../lib/gcc/ba-elf/4.7.4/mcpu_jn51xx_sizeopt\libgcc.a(subdf3.o)
 .comment       0x0000000000000000       0x12 c:/users/makoto/desktop/mwstage-2022-08_win10-1/mwstage/tools/ba-elf-ba2-r36379.w10/bin/../lib/gcc/ba-elf/4.7.4/mcpu_jn51xx_sizeopt\libgcc.a(fixdfsi.o)
 .comment       0x0000000000000000       0x12 c:/users/makoto/desktop/mwstage-2022-08_win10-1/mwstage/tools/ba-elf-ba2-r36379.w10/bin/../lib/gcc/ba-elf/4.7.4/mcpu_jn51xx_sizeopt\libgcc.a(floatsidf.o)
 .comment       0x0000000000000000       0x12 c:/users/makoto/desktop/mwstage-2022-08_win10-1/mwstage/tools/ba-elf-ba2-r36379.w10/bin/../lib/gcc/ba-elf/4.7.4/mcpu_jn51xx_sizeopt\libgcc.a(floatunsidf.o)
 .comment       0x0000000000000000       0x11 C:/Users/Makoto/Desktop/MWSTAGE-2022-08_win10-1/MWSTAGE/MWSDK/ChipLib/SW4063V1416/Components/Library\libMicroSpecific_JN516x.a(MicroSyscall_ba.o)
                                         0x12 (size before relaxing)
 .comment       0x0000000000000000       0x12 c:/users/makoto/desktop/mwstage-2022-08_win10-1/mwstage/tools/ba-elf-ba2-r36379.w10/bin/../lib/gcc/ba-elf/4.7.4/../../../../ba-elf/lib/mcpu_jn51xx_sizeopt\libc.a(lib_a-memcpy.o)
 .comment       0x0000000000000000       0x12 c:/users/makoto/desktop/mwstage-2022-08_win10-1/mwstage/tools/ba-elf-ba2-r36379.w10/bin/../lib/gcc/ba-elf/4.7.4/../../../../ba-elf/lib/mcpu_jn51xx_sizeopt\libc.a(lib_a-memset.o)
 .comment       0x0000000000000000       0x12 c:/users/makoto/desktop/mwstage-2022-08_win10-1/mwstage/tools/ba-elf-ba2-r36379.w10/bin/../lib/gcc/ba-elf/4.7.4/../../../../ba-elf/lib/mcpu_jn51xx_sizeopt\libc.a(lib_a-strncmp.o)

.debug_info     0x0000000000000000     0x3526
 .debug_info    0x0000000000000000       0xf3 c:/users/makoto/desktop/mwstage-2022-08_win10-1/mwstage/tools/ba-elf-ba2-r36379.w10/bin/../lib/gcc/ba-elf/4.7.4/../../../../ba-elf/lib/mcpu_jn51xx_sizeopt\libc.a(lib_a-memcmp.o)
 .debug_info    0x00000000000000f3       0xb7 c:/users/makoto/desktop/mwstage-2022-08_win10-1/mwstage/tools/ba-elf-ba2-r36379.w10/bin/../lib/gcc/ba-elf/4.7.4/mcpu_jn51xx_sizeopt\libgcc.a(__udivsi3.o)
 .debug_info    0x00000000000001aa       0xb7 c:/users/makoto/desktop/mwstage-2022-08_win10-1/mwstage/tools/ba-elf-ba2-r36379.w10/bin/../lib/gcc/ba-elf/4.7.4/mcpu_jn51xx_sizeopt\libgcc.a(__divsi3.o)
 .debug_info    0x0000000000000261       0xb7 c:/users/makoto/desktop/mwstage-2022-08_win10-1/mwstage/tools/ba-elf-ba2-r36379.w10/bin/../lib/gcc/ba-elf/4.7.4/mcpu_jn51xx_sizeopt\libgcc.a(__umodsi3.o)
 .debug_info    0x0000000000000318       0xb7 c:/users/makoto/desktop/mwstage-2022-08_win10-1/mwstage/tools/ba-elf-ba2-r36379.w10/bin/../lib/gcc/ba-elf/4.7.4/mcpu_jn51xx_sizeopt\libgcc.a(__modsi3.o)
 .debug_info    0x00000000000003cf       0xd3 c:/users/makoto/desktop/mwstage-2022-08_win10-1/mwstage/tools/ba-elf-ba2-r36379.w10/bin/../lib/gcc/ba-elf/4.7.4/mcpu_jn51xx_sizeopt\libgcc.a(_fixunsdfsi.o)
 .debug_info    0x00000000000004a2      0x648 c:/users/makoto/desktop/mwstage-2022-08_win10-1/mwstage/tools/ba-elf-ba2-r36379.w10/bin/../lib/gcc/ba-elf/4.7.4/mcpu_jn51xx_sizeopt\libgcc.a(_udivdi3.o)
 .debug_info    0x0000000000000aea      0x69d c:/users/makoto/desktop/mwstage-2022-08_win10-1/mwstage/tools/ba-elf-ba2-r36379.w10/bin/../lib/gcc/ba-elf/4.7.4/mcpu_jn51xx_sizeopt\libgcc.a(_umoddi3.o)
 .debug_info    0x0000000000001187      0x4b2 c:/users/makoto/desktop/mwstage-2022-08_win10-1/mwstage/tools/ba-elf-ba2-r36379.w10/bin/../lib/gcc/ba-elf/4.7.4/mcpu_jn51xx_sizeopt\libgcc.a(adddf3.o)
 .debug_info    0x0000000000001639      0x5c5 c:/users/makoto/desktop/mwstage-2022-08_win10-1/mwstage/tools/ba-elf-ba2-r36379.w10/bin/../lib/gcc/ba-elf/4.7.4/mcpu_jn51xx_sizeopt\libgcc.a(divdf3.o)
 .debug_info    0x0000000000001bfe      0x1e7 c:/users/makoto/desktop/mwstage-2022-08_win10-1/mwstage/tools/ba-elf-ba2-r36379.w10/bin/../lib/gcc/ba-elf/4.7.4/mcpu_jn51xx_sizeopt\libgcc.a(eqdf2.o)
 .debug_info    0x0000000000001de5      0x20b c:/users/makoto/desktop/mwstage-2022-08_win10-1/mwstage/tools/ba-elf-ba2-r36379.w10/bin/../lib/gcc/ba-elf/4.7.4/mcpu_jn51xx_sizeopt\libgcc.a(gedf2.o)
 .debug_info    0x0000000000001ff0      0x20b c:/users/makoto/desktop/mwstage-2022-08_win10-1/mwstage/tools/ba-elf-ba2-r36379.w10/bin/../lib/gcc/ba-elf/4.7.4/mcpu_jn51xx_sizeopt\libgcc.a(ledf2.o)
 .debug_info    0x00000000000021fb      0x5c7 c:/users/makoto/desktop/mwstage-2022-08_win10-1/mwstage/tools/ba-elf-ba2-r36379.w10/bin/../lib/gcc/ba-elf/4.7.4/mcpu_jn51xx_sizeopt\libgcc.a(muldf3.o)
 .debug_info    0x00000000000027c2      0x4b2 c:/users/makoto/desktop/mwstage-2022-08_win10-1/mwstage/tools/ba-elf-ba2-r36379.w10/bin/../lib/gcc/ba-elf/4.7.4/mcpu_jn51xx_sizeopt\libgcc.a(subdf3.o)
 .debug_info    0x0000000000002c74      0x1b7 c:/users/makoto/desktop/mwstage-2022-08_win10-1/mwstage/tools/ba-elf-ba2-r36379.w10/bin/../lib/gcc/ba-elf/4.7.4/mcpu_jn51xx_sizeopt\libgcc.a(fixdfsi.o)
 .debug_info    0x0000000000002e2b      0x1d6 c:/users/makoto/desktop/mwstage-2022-08_win10-1/mwstage/tools/ba-elf-ba2-r36379.w10/bin/../lib/gcc/ba-elf/4.7.4/mcpu_jn51xx_sizeopt\libgcc.a(floatsidf.o)
 .debug_info    0x0000000000003001      0x1cb c:/users/makoto/desktop/mwstage-2022-08_win10-1/mwstage/tools/ba-elf-ba2-r36379.w10/bin/../lib/gcc/ba-elf/4.7.4/mcpu_jn51xx_sizeopt\libgcc.a(floatunsidf.o)
 .debug_info    0x00000000000031cc       0xaa C:/Users/Makoto/Desktop/MWSTAGE-2022-08_win10-1/MWSTAGE/MWSDK/ChipLib/SW4063V1416/Components/Library\libBoot_JN516x.a(ExceptionHandler.o)
 .debug_info    0x0000000000003276      0x106 c:/users/makoto/desktop/mwstage-2022-08_win10-1/mwstage/tools/ba-elf-ba2-r36379.w10/bin/../lib/gcc/ba-elf/4.7.4/../../../../ba-elf/lib/mcpu_jn51xx_sizeopt\libc.a(lib_a-memcpy.o)
 .debug_info    0x000000000000337c       0xd7 c:/users/makoto/desktop/mwstage-2022-08_win10-1/mwstage/tools/ba-elf-ba2-r36379.w10/bin/../lib/gcc/ba-elf/4.7.4/../../../../ba-elf/lib/mcpu_jn51xx_sizeopt\libc.a(lib_a-memset.o)
 .debug_info    0x0000000000003453       0xd3 c:/users/makoto/desktop/mwstage-2022-08_win10-1/mwstage/tools/ba-elf-ba2-r36379.w10/bin/../lib/gcc/ba-elf/4.7.4/../../../../ba-elf/lib/mcpu_jn51xx_sizeopt\libc.a(lib_a-strncmp.o)

.debug_abbrev   0x0000000000000000     0x11ae
 .debug_abbrev  0x0000000000000000       0x8e c:/users/makoto/desktop/mwstage-2022-08_win10-1/mwstage/tools/ba-elf-ba2-r36379.w10/bin/../lib/gcc/ba-elf/4.7.4/../../../../ba-elf/lib/mcpu_jn51xx_sizeopt\libc.a(lib_a-memcmp.o)
 .debug_abbrev  0x000000000000008e       0x14 c:/users/makoto/desktop/mwstage-2022-08_win10-1/mwstage/tools/ba-elf-ba2-r36379.w10/bin/../lib/gcc/ba-elf/4.7.4/mcpu_jn51xx_sizeopt\libgcc.a(__udivsi3.o)
 .debug_abbrev  0x00000000000000a2       0x14 c:/users/makoto/desktop/mwstage-2022-08_win10-1/mwstage/tools/ba-elf-ba2-r36379.w10/bin/../lib/gcc/ba-elf/4.7.4/mcpu_jn51xx_sizeopt\libgcc.a(__divsi3.o)
 .debug_abbrev  0x00000000000000b6       0x14 c:/users/makoto/desktop/mwstage-2022-08_win10-1/mwstage/tools/ba-elf-ba2-r36379.w10/bin/../lib/gcc/ba-elf/4.7.4/mcpu_jn51xx_sizeopt\libgcc.a(__umodsi3.o)
 .debug_abbrev  0x00000000000000ca       0x14 c:/users/makoto/desktop/mwstage-2022-08_win10-1/mwstage/tools/ba-elf-ba2-r36379.w10/bin/../lib/gcc/ba-elf/4.7.4/mcpu_jn51xx_sizeopt\libgcc.a(__modsi3.o)
 .debug_abbrev  0x00000000000000de       0x60 c:/users/makoto/desktop/mwstage-2022-08_win10-1/mwstage/tools/ba-elf-ba2-r36379.w10/bin/../lib/gcc/ba-elf/4.7.4/mcpu_jn51xx_sizeopt\libgcc.a(_fixunsdfsi.o)
 .debug_abbrev  0x000000000000013e      0x15d c:/users/makoto/desktop/mwstage-2022-08_win10-1/mwstage/tools/ba-elf-ba2-r36379.w10/bin/../lib/gcc/ba-elf/4.7.4/mcpu_jn51xx_sizeopt\libgcc.a(_udivdi3.o)
 .debug_abbrev  0x000000000000029b      0x175 c:/users/makoto/desktop/mwstage-2022-08_win10-1/mwstage/tools/ba-elf-ba2-r36379.w10/bin/../lib/gcc/ba-elf/4.7.4/mcpu_jn51xx_sizeopt\libgcc.a(_umoddi3.o)
 .debug_abbrev  0x0000000000000410      0x133 c:/users/makoto/desktop/mwstage-2022-08_win10-1/mwstage/tools/ba-elf-ba2-r36379.w10/bin/../lib/gcc/ba-elf/4.7.4/mcpu_jn51xx_sizeopt\libgcc.a(adddf3.o)
 .debug_abbrev  0x0000000000000543      0x12f c:/users/makoto/desktop/mwstage-2022-08_win10-1/mwstage/tools/ba-elf-ba2-r36379.w10/bin/../lib/gcc/ba-elf/4.7.4/mcpu_jn51xx_sizeopt\libgcc.a(divdf3.o)
 .debug_abbrev  0x0000000000000672      0x128 c:/users/makoto/desktop/mwstage-2022-08_win10-1/mwstage/tools/ba-elf-ba2-r36379.w10/bin/../lib/gcc/ba-elf/4.7.4/mcpu_jn51xx_sizeopt\libgcc.a(eqdf2.o)
 .debug_abbrev  0x000000000000079a      0x137 c:/users/makoto/desktop/mwstage-2022-08_win10-1/mwstage/tools/ba-elf-ba2-r36379.w10/bin/../lib/gcc/ba-elf/4.7.4/mcpu_jn51xx_sizeopt\libgcc.a(gedf2.o)
 .debug_abbrev  0x00000000000008d1      0x139 c:/users/makoto/desktop/mwstage-2022-08_win10-1/mwstage/tools/ba-elf-ba2-r36379.w10/bin/../lib/gcc/ba-elf/4.7.4/mcpu_jn51xx_sizeopt\libgcc.a(ledf2.o)
 .debug_abbrev  0x0000000000000a0a      0x141 c:/users/makoto/desktop/mwstage-2022-08_win10-1/mwstage/tools/ba-elf-ba2-r36379.w10/bin/../lib/gcc/ba-elf/4.7.4/mcpu_jn51xx_sizeopt\libgcc.a(muldf3.o)
 .debug_abbrev  0x0000000000000b4b      0x133 c:/users/makoto/desktop/mwstage-2022-08_win10-1/mwstage/tools/ba-elf-ba2-r36379.w10/bin/../lib/gcc/ba-elf/4.7.4/mcpu_jn51xx_sizeopt\libgcc.a(subdf3.o)
 .debug_abbrev  0x0000000000000c7e      0x12a c:/users/makoto/desktop/mwstage-2022-08_win10-1/mwstage/tools/ba-elf-ba2-r36379.w10/bin/../lib/gcc/ba-elf/4.7.4/mcpu_jn51xx_sizeopt\libgcc.a(fixdfsi.o)
 .debug_abbrev  0x0000000000000da8      0x128 c:/users/makoto/desktop/mwstage-2022-08_win10-1/mwstage/tools/ba-elf-ba2-r36379.w10/bin/../lib/gcc/ba-elf/4.7.4/mcpu_jn51xx_sizeopt\libgcc.a(floatsidf.o)
 .debug_abbrev  0x0000000000000ed0      0x128 c:/users/makoto/desktop/mwstage-2022-08_win10-1/mwstage/tools/ba-elf-ba2-r36379.w10/bin/../lib/gcc/ba-elf/4.7.4/mcpu_jn51xx_sizeopt\libgcc.a(floatunsidf.o)
 .debug_abbrev  0x0000000000000ff8       0x14 C:/Users/Makoto/Desktop/MWSTAGE-2022-08_win10-1/MWSTAGE/MWSDK/ChipLib/SW4063V1416/Components/Library\libBoot_JN516x.a(ExceptionHandler.o)
 .debug_abbrev  0x000000000000100c       0xa4 c:/users/makoto/desktop/mwstage-2022-08_win10-1/mwstage/tools/ba-elf-ba2-r36379.w10/bin/../lib/gcc/ba-elf/4.7.4/../../../../ba-elf/lib/mcpu_jn51xx_sizeopt\libc.a(lib_a-memcpy.o)
 .debug_abbrev  0x00000000000010b0       0x8e c:/users/makoto/desktop/mwstage-2022-08_win10-1/mwstage/tools/ba-elf-ba2-r36379.w10/bin/../lib/gcc/ba-elf/4.7.4/../../../../ba-elf/lib/mcpu_jn51xx_sizeopt\libc.a(lib_a-memset.o)
 .debug_abbrev  0x000000000000113e       0x70 c:/users/makoto/desktop/mwstage-2022-08_win10-1/mwstage/tools/ba-elf-ba2-r36379.w10/bin/../lib/gcc/ba-elf/4.7.4/../../../../ba-elf/lib/mcpu_jn51xx_sizeopt\libc.a(lib_a-strncmp.o)

.debug_loc      0x0000000000000000     0x59f6
 .debug_loc     0x0000000000000000       0x73 c:/users/makoto/desktop/mwstage-2022-08_win10-1/mwstage/tools/ba-elf-ba2-r36379.w10/bin/../lib/gcc/ba-elf/4.7.4/../../../../ba-elf/lib/mcpu_jn51xx_sizeopt\libc.a(lib_a-memcmp.o)
 .debug_loc     0x0000000000000073       0x48 c:/users/makoto/desktop/mwstage-2022-08_win10-1/mwstage/tools/ba-elf-ba2-r36379.w10/bin/../lib/gcc/ba-elf/4.7.4/mcpu_jn51xx_sizeopt\libgcc.a(_fixunsdfsi.o)
 .debug_loc     0x00000000000000bb      0xa7b c:/users/makoto/desktop/mwstage-2022-08_win10-1/mwstage/tools/ba-elf-ba2-r36379.w10/bin/../lib/gcc/ba-elf/4.7.4/mcpu_jn51xx_sizeopt\libgcc.a(_udivdi3.o)
 .debug_loc     0x0000000000000b36      0x985 c:/users/makoto/desktop/mwstage-2022-08_win10-1/mwstage/tools/ba-elf-ba2-r36379.w10/bin/../lib/gcc/ba-elf/4.7.4/mcpu_jn51xx_sizeopt\libgcc.a(_umoddi3.o)
 .debug_loc     0x00000000000014bb     0x10f3 c:/users/makoto/desktop/mwstage-2022-08_win10-1/mwstage/tools/ba-elf-ba2-r36379.w10/bin/../lib/gcc/ba-elf/4.7.4/mcpu_jn51xx_sizeopt\libgcc.a(adddf3.o)
 .debug_loc     0x00000000000025ae     0x117e c:/users/makoto/desktop/mwstage-2022-08_win10-1/mwstage/tools/ba-elf-ba2-r36379.w10/bin/../lib/gcc/ba-elf/4.7.4/mcpu_jn51xx_sizeopt\libgcc.a(divdf3.o)
 .debug_loc     0x000000000000372c       0x83 c:/users/makoto/desktop/mwstage-2022-08_win10-1/mwstage/tools/ba-elf-ba2-r36379.w10/bin/../lib/gcc/ba-elf/4.7.4/mcpu_jn51xx_sizeopt\libgcc.a(eqdf2.o)
 .debug_loc     0x00000000000037af      0x154 c:/users/makoto/desktop/mwstage-2022-08_win10-1/mwstage/tools/ba-elf-ba2-r36379.w10/bin/../lib/gcc/ba-elf/4.7.4/mcpu_jn51xx_sizeopt\libgcc.a(gedf2.o)
 .debug_loc     0x0000000000003903       0xe6 c:/users/makoto/desktop/mwstage-2022-08_win10-1/mwstage/tools/ba-elf-ba2-r36379.w10/bin/../lib/gcc/ba-elf/4.7.4/mcpu_jn51xx_sizeopt\libgcc.a(ledf2.o)
 .debug_loc     0x00000000000039e9      0xa0e c:/users/makoto/desktop/mwstage-2022-08_win10-1/mwstage/tools/ba-elf-ba2-r36379.w10/bin/../lib/gcc/ba-elf/4.7.4/mcpu_jn51xx_sizeopt\libgcc.a(muldf3.o)
 .debug_loc     0x00000000000043f7     0x114e c:/users/makoto/desktop/mwstage-2022-08_win10-1/mwstage/tools/ba-elf-ba2-r36379.w10/bin/../lib/gcc/ba-elf/4.7.4/mcpu_jn51xx_sizeopt\libgcc.a(subdf3.o)
 .debug_loc     0x0000000000005545       0xa8 c:/users/makoto/desktop/mwstage-2022-08_win10-1/mwstage/tools/ba-elf-ba2-r36379.w10/bin/../lib/gcc/ba-elf/4.7.4/mcpu_jn51xx_sizeopt\libgcc.a(fixdfsi.o)
 .debug_loc     0x00000000000055ed      0x1be c:/users/makoto/desktop/mwstage-2022-08_win10-1/mwstage/tools/ba-elf-ba2-r36379.w10/bin/../lib/gcc/ba-elf/4.7.4/mcpu_jn51xx_sizeopt\libgcc.a(floatsidf.o)
 .debug_loc     0x00000000000057ab      0x179 c:/users/makoto/desktop/mwstage-2022-08_win10-1/mwstage/tools/ba-elf-ba2-r36379.w10/bin/../lib/gcc/ba-elf/4.7.4/mcpu_jn51xx_sizeopt\libgcc.a(floatunsidf.o)
 .debug_loc     0x0000000000005924       0x39 c:/users/makoto/desktop/mwstage-2022-08_win10-1/mwstage/tools/ba-elf-ba2-r36379.w10/bin/../lib/gcc/ba-elf/4.7.4/../../../../ba-elf/lib/mcpu_jn51xx_sizeopt\libc.a(lib_a-memcpy.o)
 .debug_loc     0x000000000000595d       0x3f c:/users/makoto/desktop/mwstage-2022-08_win10-1/mwstage/tools/ba-elf-ba2-r36379.w10/bin/../lib/gcc/ba-elf/4.7.4/../../../../ba-elf/lib/mcpu_jn51xx_sizeopt\libc.a(lib_a-memset.o)
 .debug_loc     0x000000000000599c       0x5a c:/users/makoto/desktop/mwstage-2022-08_win10-1/mwstage/tools/ba-elf-ba2-r36379.w10/bin/../lib/gcc/ba-elf/4.7.4/../../../../ba-elf/lib/mcpu_jn51xx_sizeopt\libc.a(lib_a-strncmp.o)

.debug_aranges  0x0000000000000000      0x2c0
 .debug_aranges
                0x0000000000000000       0x20 c:/users/makoto/desktop/mwstage-2022-08_win10-1/mwstage/tools/ba-elf-ba2-r36379.w10/bin/../lib/gcc/ba-elf/4.7.4/../../../../ba-elf/lib/mcpu_jn51xx_sizeopt\libc.a(lib_a-memcmp.o)
 .debug_aranges
                0x0000000000000020       0x20 c:/users/makoto/desktop/mwstage-2022-08_win10-1/mwstage/tools/ba-elf-ba2-r36379.w10/bin/../lib/gcc/ba-elf/4.7.4/mcpu_jn51xx_sizeopt\libgcc.a(__udivsi3.o)
 .debug_aranges
                0x0000000000000040       0x20 c:/users/makoto/desktop/mwstage-2022-08_win10-1/mwstage/tools/ba-elf-ba2-r36379.w10/bin/../lib/gcc/ba-elf/4.7.4/mcpu_jn51xx_sizeopt\libgcc.a(__divsi3.o)
 .debug_aranges
                0x0000000000000060       0x20 c:/users/makoto/desktop/mwstage-2022-08_win10-1/mwstage/tools/ba-elf-ba2-r36379.w10/bin/../lib/gcc/ba-elf/4.7.4/mcpu_jn51xx_sizeopt\libgcc.a(__umodsi3.o)
 .debug_aranges
                0x0000000000000080       0x20 c:/users/makoto/desktop/mwstage-2022-08_win10-1/mwstage/tools/ba-elf-ba2-r36379.w10/bin/../lib/gcc/ba-elf/4.7.4/mcpu_jn51xx_sizeopt\libgcc.a(__modsi3.o)
 .debug_aranges
                0x00000000000000a0       0x20 c:/users/makoto/desktop/mwstage-2022-08_win10-1/mwstage/tools/ba-elf-ba2-r36379.w10/bin/../lib/gcc/ba-elf/4.7.4/mcpu_jn51xx_sizeopt\libgcc.a(_fixunsdfsi.o)
 .debug_aranges
                0x00000000000000c0       0x20 c:/users/makoto/desktop/mwstage-2022-08_win10-1/mwstage/tools/ba-elf-ba2-r36379.w10/bin/../lib/gcc/ba-elf/4.7.4/mcpu_jn51xx_sizeopt\libgcc.a(_udivdi3.o)
 .debug_aranges
                0x00000000000000e0       0x20 c:/users/makoto/desktop/mwstage-2022-08_win10-1/mwstage/tools/ba-elf-ba2-r36379.w10/bin/../lib/gcc/ba-elf/4.7.4/mcpu_jn51xx_sizeopt\libgcc.a(_umoddi3.o)
 .debug_aranges
                0x0000000000000100       0x20 c:/users/makoto/desktop/mwstage-2022-08_win10-1/mwstage/tools/ba-elf-ba2-r36379.w10/bin/../lib/gcc/ba-elf/4.7.4/mcpu_jn51xx_sizeopt\libgcc.a(adddf3.o)
 .debug_aranges
                0x0000000000000120       0x20 c:/users/makoto/desktop/mwstage-2022-08_win10-1/mwstage/tools/ba-elf-ba2-r36379.w10/bin/../lib/gcc/ba-elf/4.7.4/mcpu_jn51xx_sizeopt\libgcc.a(divdf3.o)
 .debug_aranges
                0x0000000000000140       0x20 c:/users/makoto/desktop/mwstage-2022-08_win10-1/mwstage/tools/ba-elf-ba2-r36379.w10/bin/../lib/gcc/ba-elf/4.7.4/mcpu_jn51xx_sizeopt\libgcc.a(eqdf2.o)
 .debug_aranges
                0x0000000000000160       0x20 c:/users/makoto/desktop/mwstage-2022-08_win10-1/mwstage/tools/ba-elf-ba2-r36379.w10/bin/../lib/gcc/ba-elf/4.7.4/mcpu_jn51xx_sizeopt\libgcc.a(gedf2.o)
 .debug_aranges
                0x0000000000000180       0x20 c:/users/makoto/desktop/mwstage-2022-08_win10-1/mwstage/tools/ba-elf-ba2-r36379.w10/bin/../lib/gcc/ba-elf/4.7.4/mcpu_jn51xx_sizeopt\libgcc.a(ledf2.o)
 .debug_aranges
                0x00000000000001a0       0x20 c:/users/makoto/desktop/mwstage-2022-08_win10-1/mwstage/tools/ba-elf-ba2-r36379.w10/bin/../lib/gcc/ba-elf/4.7.4/mcpu_jn51xx_sizeopt\libgcc.a(muldf3.o)
 .debug_aranges
                0x00000000000001c0       0x20 c:/users/makoto/desktop/mwstage-2022-08_win10-1/mwstage/tools/ba-elf-ba2-r36379.w10/bin/../lib/gcc/ba-elf/4.7.4/mcpu_jn51xx_sizeopt\libgcc.a(subdf3.o)
 .debug_aranges
                0x00000000000001e0       0x20 c:/users/makoto/desktop/mwstage-2022-08_win10-1/mwstage/tools/ba-elf-ba2-r36379.w10/bin/../lib/gcc/ba-elf/4.7.4/mcpu_jn51xx_sizeopt\libgcc.a(fixdfsi.o)
 .debug_aranges
                0x0000000000000200       0x20 c:/users/makoto/desktop/mwstage-2022-08_win10-1/mwstage/tools/ba-elf-ba2-r36379.w10/bin/../lib/gcc/ba-elf/4.7.4/mcpu_jn51xx_sizeopt\libgcc.a(floatsidf.o)
 .debug_aranges
                0x0000000000000220       0x20 c:/users/makoto/desktop/mwstage-2022-08_win10-1/mwstage/tools/ba-elf-ba2-r36379.w10/bin/../lib/gcc/ba-elf/4.7.4/mcpu_jn51xx_sizeopt\libgcc.a(floatunsidf.o)
 .debug_aranges
                0x0000000000000240       0x20 C:/Users/Makoto/Desktop/MWSTAGE-2022-08_win10-1/MWSTAGE/MWSDK/ChipLib/SW4063V1416/Components/Library\libBoot_JN516x.a(ExceptionHandler.o)
 .debug_aranges
                0x0000000000000260       0x20 c:/users/makoto/desktop/mwstage-2022-08_win10-1/mwstage/tools/ba-elf-ba2-r36379.w10/bin/../lib/gcc/ba-elf/4.7.4/../../../../ba-elf/lib/mcpu_jn51xx_sizeopt\libc.a(lib_a-memcpy.o)
 .debug_aranges
                0x0000000000000280       0x20 c:/users/makoto/desktop/mwstage-2022-08_win10-1/mwstage/tools/ba-elf-ba2-r36379.w10/bin/../lib/gcc/ba-elf/4.7.4/../../../../ba-elf/lib/mcpu_jn51xx_sizeopt\libc.a(lib_a-memset.o)
 .debug_aranges
                0x00000000000002a0       0x20 c:/users/makoto/desktop/mwstage-2022-08_win10-1/mwstage/tools/ba-elf-ba2-r36379.w10/bin/../lib/gcc/ba-elf/4.7.4/../../../../ba-elf/lib/mcpu_jn51xx_sizeopt\libc.a(lib_a-strncmp.o)

.debug_line     0x0000000000000000     0x2d38
 .debug_line    0x0000000000000000      0x15a c:/users/makoto/desktop/mwstage-2022-08_win10-1/mwstage/tools/ba-elf-ba2-r36379.w10/bin/../lib/gcc/ba-elf/4.7.4/../../../../ba-elf/lib/mcpu_jn51xx_sizeopt\libc.a(lib_a-memcmp.o)
 .debug_line    0x000000000000015a      0x47b c:/users/makoto/desktop/mwstage-2022-08_win10-1/mwstage/tools/ba-elf-ba2-r36379.w10/bin/../lib/gcc/ba-elf/4.7.4/mcpu_jn51xx_sizeopt\libgcc.a(__udivsi3.o)
 .debug_line    0x00000000000005d5       0xbb c:/users/makoto/desktop/mwstage-2022-08_win10-1/mwstage/tools/ba-elf-ba2-r36379.w10/bin/../lib/gcc/ba-elf/4.7.4/mcpu_jn51xx_sizeopt\libgcc.a(__divsi3.o)
 .debug_line    0x0000000000000690      0x3c7 c:/users/makoto/desktop/mwstage-2022-08_win10-1/mwstage/tools/ba-elf-ba2-r36379.w10/bin/../lib/gcc/ba-elf/4.7.4/mcpu_jn51xx_sizeopt\libgcc.a(__umodsi3.o)
 .debug_line    0x0000000000000a57       0xa3 c:/users/makoto/desktop/mwstage-2022-08_win10-1/mwstage/tools/ba-elf-ba2-r36379.w10/bin/../lib/gcc/ba-elf/4.7.4/mcpu_jn51xx_sizeopt\libgcc.a(__modsi3.o)
 .debug_line    0x0000000000000afa       0x9f c:/users/makoto/desktop/mwstage-2022-08_win10-1/mwstage/tools/ba-elf-ba2-r36379.w10/bin/../lib/gcc/ba-elf/4.7.4/mcpu_jn51xx_sizeopt\libgcc.a(_fixunsdfsi.o)
 .debug_line    0x0000000000000b99      0x1b7 c:/users/makoto/desktop/mwstage-2022-08_win10-1/mwstage/tools/ba-elf-ba2-r36379.w10/bin/../lib/gcc/ba-elf/4.7.4/mcpu_jn51xx_sizeopt\libgcc.a(_udivdi3.o)
 .debug_line    0x0000000000000d50      0x1b7 c:/users/makoto/desktop/mwstage-2022-08_win10-1/mwstage/tools/ba-elf-ba2-r36379.w10/bin/../lib/gcc/ba-elf/4.7.4/mcpu_jn51xx_sizeopt\libgcc.a(_umoddi3.o)
 .debug_line    0x0000000000000f07      0x63d c:/users/makoto/desktop/mwstage-2022-08_win10-1/mwstage/tools/ba-elf-ba2-r36379.w10/bin/../lib/gcc/ba-elf/4.7.4/mcpu_jn51xx_sizeopt\libgcc.a(adddf3.o)
 .debug_line    0x0000000000001544      0x3b5 c:/users/makoto/desktop/mwstage-2022-08_win10-1/mwstage/tools/ba-elf-ba2-r36379.w10/bin/../lib/gcc/ba-elf/4.7.4/mcpu_jn51xx_sizeopt\libgcc.a(divdf3.o)
 .debug_line    0x00000000000018f9       0xf1 c:/users/makoto/desktop/mwstage-2022-08_win10-1/mwstage/tools/ba-elf-ba2-r36379.w10/bin/../lib/gcc/ba-elf/4.7.4/mcpu_jn51xx_sizeopt\libgcc.a(eqdf2.o)
 .debug_line    0x00000000000019ea      0x15f c:/users/makoto/desktop/mwstage-2022-08_win10-1/mwstage/tools/ba-elf-ba2-r36379.w10/bin/../lib/gcc/ba-elf/4.7.4/mcpu_jn51xx_sizeopt\libgcc.a(gedf2.o)
 .debug_line    0x0000000000001b49      0x15f c:/users/makoto/desktop/mwstage-2022-08_win10-1/mwstage/tools/ba-elf-ba2-r36379.w10/bin/../lib/gcc/ba-elf/4.7.4/mcpu_jn51xx_sizeopt\libgcc.a(ledf2.o)
 .debug_line    0x0000000000001ca8      0x269 c:/users/makoto/desktop/mwstage-2022-08_win10-1/mwstage/tools/ba-elf-ba2-r36379.w10/bin/../lib/gcc/ba-elf/4.7.4/mcpu_jn51xx_sizeopt\libgcc.a(muldf3.o)
 .debug_line    0x0000000000001f11      0x656 c:/users/makoto/desktop/mwstage-2022-08_win10-1/mwstage/tools/ba-elf-ba2-r36379.w10/bin/../lib/gcc/ba-elf/4.7.4/mcpu_jn51xx_sizeopt\libgcc.a(subdf3.o)
 .debug_line    0x0000000000002567       0xc8 c:/users/makoto/desktop/mwstage-2022-08_win10-1/mwstage/tools/ba-elf-ba2-r36379.w10/bin/../lib/gcc/ba-elf/4.7.4/mcpu_jn51xx_sizeopt\libgcc.a(fixdfsi.o)
 .debug_line    0x000000000000262f       0xbc c:/users/makoto/desktop/mwstage-2022-08_win10-1/mwstage/tools/ba-elf-ba2-r36379.w10/bin/../lib/gcc/ba-elf/4.7.4/mcpu_jn51xx_sizeopt\libgcc.a(floatsidf.o)
 .debug_line    0x00000000000026eb       0xbe c:/users/makoto/desktop/mwstage-2022-08_win10-1/mwstage/tools/ba-elf-ba2-r36379.w10/bin/../lib/gcc/ba-elf/4.7.4/mcpu_jn51xx_sizeopt\libgcc.a(floatunsidf.o)
 .debug_line    0x00000000000027a9      0x197 C:/Users/Makoto/Desktop/MWSTAGE-2022-08_win10-1/MWSTAGE/MWSDK/ChipLib/SW4063V1416/Components/Library\libBoot_JN516x.a(ExceptionHandler.o)
 .debug_line    0x0000000000002940      0x14e c:/users/makoto/desktop/mwstage-2022-08_win10-1/mwstage/tools/ba-elf-ba2-r36379.w10/bin/../lib/gcc/ba-elf/4.7.4/../../../../ba-elf/lib/mcpu_jn51xx_sizeopt\libc.a(lib_a-memcpy.o)
 .debug_line    0x0000000000002a8e      0x144 c:/users/makoto/desktop/mwstage-2022-08_win10-1/mwstage/tools/ba-elf-ba2-r36379.w10/bin/../lib/gcc/ba-elf/4.7.4/../../../../ba-elf/lib/mcpu_jn51xx_sizeopt\libc.a(lib_a-memset.o)
 .debug_line    0x0000000000002bd2      0x166 c:/users/makoto/desktop/mwstage-2022-08_win10-1/mwstage/tools/ba-elf-ba2-r36379.w10/bin/../lib/gcc/ba-elf/4.7.4/../../../../ba-elf/lib/mcpu_jn51xx_sizeopt\libc.a(lib_a-strncmp.o)

.debug_str      0x0000000000000000      0x709
 .debug_str     0x0000000000000000       0x49 c:/users/makoto/desktop/mwstage-2022-08_win10-1/mwstage/tools/ba-elf-ba2-r36379.w10/bin/../lib/gcc/ba-elf/4.7.4/../../../../ba-elf/lib/mcpu_jn51xx_sizeopt\libc.a(lib_a-memcmp.o)
                                        0x155 (size before relaxing)
 .debug_str     0x0000000000000049       0xc5 c:/users/makoto/desktop/mwstage-2022-08_win10-1/mwstage/tools/ba-elf-ba2-r36379.w10/bin/../lib/gcc/ba-elf/4.7.4/mcpu_jn51xx_sizeopt\libgcc.a(_fixunsdfsi.o)
                                        0x169 (size before relaxing)
 .debug_str     0x000000000000010e       0x7b c:/users/makoto/desktop/mwstage-2022-08_win10-1/mwstage/tools/ba-elf-ba2-r36379.w10/bin/../lib/gcc/ba-elf/4.7.4/mcpu_jn51xx_sizeopt\libgcc.a(_udivdi3.o)
                                        0x1d7 (size before relaxing)
 .debug_str     0x0000000000000189        0xa c:/users/makoto/desktop/mwstage-2022-08_win10-1/mwstage/tools/ba-elf-ba2-r36379.w10/bin/../lib/gcc/ba-elf/4.7.4/mcpu_jn51xx_sizeopt\libgcc.a(_umoddi3.o)
                                        0x1d7 (size before relaxing)
 .debug_str     0x0000000000000193       0xc6 c:/users/makoto/desktop/mwstage-2022-08_win10-1/mwstage/tools/ba-elf-ba2-r36379.w10/bin/../lib/gcc/ba-elf/4.7.4/mcpu_jn51xx_sizeopt\libgcc.a(adddf3.o)
                                        0x1ba (size before relaxing)
 .debug_str     0x0000000000000259       0x7a c:/users/makoto/desktop/mwstage-2022-08_win10-1/mwstage/tools/ba-elf-ba2-r36379.w10/bin/../lib/gcc/ba-elf/4.7.4/mcpu_jn51xx_sizeopt\libgcc.a(divdf3.o)
                                        0x1f9 (size before relaxing)
 .debug_str     0x00000000000002d3       0x3f c:/users/makoto/desktop/mwstage-2022-08_win10-1/mwstage/tools/ba-elf-ba2-r36379.w10/bin/../lib/gcc/ba-elf/4.7.4/mcpu_jn51xx_sizeopt\libgcc.a(eqdf2.o)
                                        0x16e (size before relaxing)
 .debug_str     0x0000000000000312       0x57 c:/users/makoto/desktop/mwstage-2022-08_win10-1/mwstage/tools/ba-elf-ba2-r36379.w10/bin/../lib/gcc/ba-elf/4.7.4/mcpu_jn51xx_sizeopt\libgcc.a(gedf2.o)
                                        0x186 (size before relaxing)
 .debug_str     0x0000000000000369       0x3f c:/users/makoto/desktop/mwstage-2022-08_win10-1/mwstage/tools/ba-elf-ba2-r36379.w10/bin/../lib/gcc/ba-elf/4.7.4/mcpu_jn51xx_sizeopt\libgcc.a(ledf2.o)
                                        0x186 (size before relaxing)
 .debug_str     0x00000000000003a8       0x72 c:/users/makoto/desktop/mwstage-2022-08_win10-1/mwstage/tools/ba-elf-ba2-r36379.w10/bin/../lib/gcc/ba-elf/4.7.4/mcpu_jn51xx_sizeopt\libgcc.a(muldf3.o)
                                        0x1eb (size before relaxing)
 .debug_str     0x000000000000041a       0x41 c:/users/makoto/desktop/mwstage-2022-08_win10-1/mwstage/tools/ba-elf-ba2-r36379.w10/bin/../lib/gcc/ba-elf/4.7.4/mcpu_jn51xx_sizeopt\libgcc.a(subdf3.o)
                                        0x1ba (size before relaxing)
 .debug_str     0x000000000000045b       0x4b c:/users/makoto/desktop/mwstage-2022-08_win10-1/mwstage/tools/ba-elf-ba2-r36379.w10/bin/../lib/gcc/ba-elf/4.7.4/mcpu_jn51xx_sizeopt\libgcc.a(fixdfsi.o)
                                        0x17f (size before relaxing)
 .debug_str     0x00000000000004a6       0x54 c:/users/makoto/desktop/mwstage-2022-08_win10-1/mwstage/tools/ba-elf-ba2-r36379.w10/bin/../lib/gcc/ba-elf/4.7.4/mcpu_jn51xx_sizeopt\libgcc.a(floatsidf.o)
                                        0x188 (size before relaxing)
 .debug_str     0x00000000000004fa       0x4b c:/users/makoto/desktop/mwstage-2022-08_win10-1/mwstage/tools/ba-elf-ba2-r36379.w10/bin/../lib/gcc/ba-elf/4.7.4/mcpu_jn51xx_sizeopt\libgcc.a(floatunsidf.o)
                                        0x185 (size before relaxing)
 .debug_str     0x0000000000000545      0x130 c:/users/makoto/desktop/mwstage-2022-08_win10-1/mwstage/tools/ba-elf-ba2-r36379.w10/bin/../lib/gcc/ba-elf/4.7.4/../../../../ba-elf/lib/mcpu_jn51xx_sizeopt\libc.a(lib_a-memcpy.o)