Archive member included because of file (symbol)

C:/Users/Makoto/Desktop/MWSTAGE-2022-08_win10-1/MWSTAGE/MWSDK/TWENET/current/lib/libTWENET_RED.a(ToCoNet_event.o)
                              objs_RED/Receive.o (symbol from plugin) (PRSEV_u8RegisterEx)
C:/Users/Makoto/Desktop/MWSTAGE-2022-08_win10-1/MWSTAGE/MWSDK/TWENET/current/lib/libTWENET_RED.a(ToCoNet_main.o)
                              objs_RED/Receive.o (symbol from plugin) (sToCoNet_Context)
C:/Users/Makoto/Desktop/MWSTAGE-2022-08_win10-1/MWSTAGE/MWSDK/TWENET/current/lib/libTWENET_RED.a(ToCoNet_utils.o)
                              ToCoNet_main.o (symbol from plugin) (ToCoNet_u32GetVersion)
C:/Users/Makoto/Desktop/MWSTAGE-2022-08_win10-1/MWSTAGE/MWSDK/TWENET/current/lib/libTWENET_RED.a(ToCoNet_mod_Nwk_Common.o)
                              ToCoNet_main.o (symbol from plugin) (ToCoNet_vRxProc_Mod)
C:/Users/Makoto/Desktop/MWSTAGE-2022-08_win10-1/MWSTAGE/MWSDK/TWENET/current/lib/libTWENET_RED.a(ToCoNet_mod_Channel_Mgr.o)
                              ToCoNet_main.o (symbol from plugin) (ToCoNet_ChMgr_bCh_Reconfig)
C:/Users/Makoto/Desktop/MWSTAGE-2022-08_win10-1/MWSTAGE/MWSDK/TWENET/current/lib/libTWENET_RED.a(Version.o)
                              ToCoNet_utils.o (symbol from plugin) (au8ToCoNetVersionInfo)
C:/Users/Makoto/Desktop/MWSTAGE-2022-08_win10-1/MWSTAGE/MWSDK/TWENET/current/lib/libTWENET_RED.a(AppQueueApi_ToCoNet.o)
                              ToCoNet_main.o (symbol from plugin) (_u32_INT_ticktimer)
C:/Users/Makoto/Desktop/MWSTAGE-2022-08_win10-1/MWSTAGE/MWSDK/TWENET/current/lib/libTWENEText_RED.a(AppStart.o)
                              (AppColdStart)
C:/Users/Makoto/Desktop/MWSTAGE-2022-08_win10-1/MWSTAGE/MWSDK/TWENET/current/lib/libTWENEText_RED.a(getMacAddr.o)
                              ToCoNet_main.o (symbol from plugin) (ToCoNet_u32GetSerialOnBoot)
C:/Users/Makoto/Desktop/MWSTAGE-2022-08_win10-1/MWSTAGE/MWSDK/TWENET/current/lib/libTWENEText_RED.a(mac.o)
                              ToCoNet_main.o (symbol from plugin) (Mac_vInit)
C:/Users/Makoto/Desktop/MWSTAGE-2022-08_win10-1/MWSTAGE/MWSDK/TWENET/current/lib/libTWENEText_RED.a(AES_CCM.o)
                              AppStart.o (symbol from plugin) (bAES_CCM_KeyReg)
C:/Users/Makoto/Desktop/MWSTAGE-2022-08_win10-1/MWSTAGE/MWSDK/TWENET/current/lib/libTWENEText_RED.a(no_ack_handler.o)
                              AppStart.o (symbol from plugin) (vInstallNoAckHandler)
C:/Users/Makoto/Desktop/MWSTAGE-2022-08_win10-1/MWSTAGE/MWSDK/TWENET/current/lib/libTWENEText_RED.a(Version.o)
                              ToCoNet_utils.o (symbol from plugin) (au8ToCoNetExtVersionInfo)
C:/Users/Makoto/Desktop/MWSTAGE-2022-08_win10-1/MWSTAGE/MWSDK/TWENET/current/lib/libTWENETutils_RED.a(serial.o)
                              objs_RED/Receive.o (symbol from plugin) (SERIAL_bTxChar)
C:/Users/Makoto/Desktop/MWSTAGE-2022-08_win10-1/MWSTAGE/MWSDK/TWENET/current/lib/libTWENETutils_RED.a(uart.o)
                              serial.o (symbol from plugin) (UART_vInit)
C:/Users/Makoto/Desktop/MWSTAGE-2022-08_win10-1/MWSTAGE/MWSDK/TWENET/current/lib/libTWENETutils_RED.a(ByteQueue.o)
                              ToCoNet_main.o (symbol from plugin) (QUEUE__vInit)
C:/Users/Makoto/Desktop/MWSTAGE-2022-08_win10-1/MWSTAGE/MWSDK/TWENET/current/lib/libTWENETutils_RED.a(ccitt8.o)
                              AppStart.o (symbol from plugin) (u8CCITT8)
C:/Users/Makoto/Desktop/MWSTAGE-2022-08_win10-1/MWSTAGE/MWSDK/TWENET/current/lib/libTWENETutils_RED.a(utils.o)
                              ToCoNet_main.o (symbol from plugin) (vTimerConfig)
C:/Users/Makoto/Desktop/MWSTAGE-2022-08_win10-1/MWSTAGE/MWSDK/TWENET/current/lib/libTWENETutils_RED.a(ccm.o)
                              AES_CCM.o (symbol from plugin) (ccm_init_and_key)
C:/Users/Makoto/Desktop/MWSTAGE-2022-08_win10-1/MWSTAGE/MWSDK/TWENET/current/lib/libTWENETutils_RED.a(Version.o)
                              ToCoNet_utils.o (symbol from plugin) (au8ToCoNetUtilsVersionInfo)
C:/Users/Makoto/Desktop/MWSTAGE-2022-08_win10-1/MWSTAGE/MWSDK/TWENET/current/lib/libTWENETutils_RED.a(aescrypt.o)
                              ccm.o (symbol from plugin) (aes_encrypt)
C:/Users/Makoto/Desktop/MWSTAGE-2022-08_win10-1/MWSTAGE/MWSDK/TWENET/current/lib/libTWENETutils_RED.a(aeskey.o)
                              ccm.o (symbol from plugin) (aes_encrypt_key)
C:/Users/Makoto/Desktop/MWSTAGE-2022-08_win10-1/MWSTAGE/MWSDK/TWENET/current/lib/libTWENETutils_RED.a(aestab.o)
                              aeskey.o (symbol from plugin) (t_im)
C:/Users/Makoto/Desktop/MWSTAGE-2022-08_win10-1/MWSTAGE/MWSDK/TWENET/current/lib/libTWENETstgs_RED.a(tweinteractive.o)
                              objs_RED/Receive.o (symbol from plugin) (TWEINTRCT_bIsVerbose)
C:/Users/Makoto/Desktop/MWSTAGE-2022-08_win10-1/MWSTAGE/MWSDK/TWENET/current/lib/libTWENETstgs_RED.a(tweprintf.o)
                              tweinteractive.o (symbol from plugin) (TWE_fprintf)
[...]
Memory Configuration

Name             Origin             Length             Attributes
flash            0x0000000000080000 0x0000000000080000
ram              0x000000000400004c 0x0000000000007fb4
*default*        0x0000000000000000 0xffffffffffffffff

Linker script and memory map

LOAD objs_RED/_mwx_version.o
LOAD C:\Users\Makoto\AppData\Local\Temp\cc3qtSTe.ltrans0.ltrans.o
LOAD C:\Users\Makoto\AppData\Local\Temp\cc3qtSTe.ltrans1.ltrans.o
LOAD C:\Users\Makoto\AppData\Local\Temp\cc3qtSTe.ltrans2.ltrans.o
LOAD C:\Users\Makoto\AppData\Local\Temp\cc3qtSTe.ltrans3.ltrans.o
LOAD C:\Users\Makoto\AppData\Local\Temp\cc3qtSTe.ltrans4.ltrans.o
LOAD C:\Users\Makoto\AppData\Local\Temp\cc3qtSTe.ltrans5.ltrans.o
LOAD C:\Users\Makoto\AppData\Local\Temp\cc3qtSTe.ltrans6.ltrans.o
LOAD C:\Users\Makoto\AppData\Local\Temp\cc3qtSTe.ltrans7.ltrans.o
LOAD C:\Users\Makoto\AppData\Local\Temp\cc3qtSTe.ltrans8.ltrans.o
LOAD C:\Users\Makoto\AppData\Local\Temp\cc3qtSTe.ltrans9.ltrans.o
LOAD C:\Users\Makoto\AppData\Local\Temp\cc3qtSTe.ltrans10.ltrans.o
LOAD C:\Users\Makoto\AppData\Local\Temp\cc3qtSTe.ltrans11.ltrans.o
LOAD C:\Users\Makoto\AppData\Local\Temp\cc3qtSTe.ltrans12.ltrans.o
LOAD C:\Users\Makoto\AppData\Local\Temp\cc3qtSTe.ltrans13.ltrans.o
LOAD C:\Users\Makoto\AppData\Local\Temp\cc3qtSTe.ltrans14.ltrans.o
LOAD C:\Users\Makoto\AppData\Local\Temp\cc3qtSTe.ltrans15.ltrans.o
LOAD C:\Users\Makoto\AppData\Local\Temp\cc3qtSTe.ltrans16.ltrans.o
LOAD C:\Users\Makoto\AppData\Local\Temp\cc3qtSTe.ltrans17.ltrans.o
LOAD C:\Users\Makoto\AppData\Local\Temp\cc3qtSTe.ltrans18.ltrans.o
LOAD C:\Users\Makoto\AppData\Local\Temp\cc3qtSTe.ltrans19.ltrans.o
LOAD C:\Users\Makoto\AppData\Local\Temp\cc3qtSTe.ltrans20.ltrans.o
LOAD C:\Users\Makoto\AppData\Local\Temp\cc3qtSTe.ltrans21.ltrans.o
LOAD C:\Users\Makoto\AppData\Local\Temp\cc3qtSTe.ltrans22.ltrans.o
LOAD c:/users/makoto/desktop/mwstage-2022-08_win10-1/mwstage/tools/ba-elf-ba2-r36379.w10/bin/../lib/gcc/ba-elf/4.7.4/../../../../ba-elf/lib/mcpu_jn51xx_sizeopt\libc.a
LOAD c:/users/makoto/desktop/mwstage-2022-08_win10-1/mwstage/tools/ba-elf-ba2-r36379.w10/bin/../lib/gcc/ba-elf/4.7.4/mcpu_jn51xx_sizeopt\libgcc.a
LOAD c:/users/makoto/desktop/mwstage-2022-08_win10-1/mwstage/tools/ba-elf-ba2-r36379.w10/bin/../lib/gcc/ba-elf/4.7.4/../../../../ba-elf/lib/mcpu_jn51xx_sizeopt\libc.a
LOAD objs_RED/Receive.o
LOAD objs_RED/ST7032.o
LOAD C:/Users/Makoto/Desktop/MWSTAGE-2022-08_win10-1/MWSTAGE/MWSDK/TWENET/current/lib/libTWENET_RED.a
LOAD C:/Users/Makoto/Desktop/MWSTAGE-2022-08_win10-1/MWSTAGE/MWSDK/TWENET/current/lib/libTWENEText_RED.a
LOAD C:/Users/Makoto/Desktop/MWSTAGE-2022-08_win10-1/MWSTAGE/MWSDK/TWENET/current/lib/libTWENETutils_RED.a
LOAD C:/Users/Makoto/Desktop/MWSTAGE-2022-08_win10-1/MWSTAGE/MWSDK/TWENET/current/lib/libTWENETstgs_RED.a
LOAD C:/Users/Makoto/Desktop/MWSTAGE-2022-08_win10-1/MWSTAGE/MWSDK/TWENET/current/lib/libmwx_RED.a
LOAD C:/Users/Makoto/Desktop/MWSTAGE-2022-08_win10-1/MWSTAGE/MWSDK/TWENET/current/lib/libEASTL_RED.a
START GROUP
LOAD C:/Users/Makoto/Desktop/MWSTAGE-2022-08_win10-1/MWSTAGE/MWSDK/ChipLib/SW4063V1416/Components/Library\libAppApi_JN5169.a
LOAD C:/Users/Makoto/Desktop/MWSTAGE-2022-08_win10-1/MWSTAGE/MWSDK/ChipLib/SW4063V1416/Components/Library\libMAC_JN5169.a
LOAD C:/Users/Makoto/Desktop/MWSTAGE-2022-08_win10-1/MWSTAGE/MWSDK/ChipLib/SW4063V1416/Components/Library\libTimerServer_JN516x.a
LOAD C:/Users/Makoto/Desktop/MWSTAGE-2022-08_win10-1/MWSTAGE/MWSDK/ChipLib/SW4063V1416/Components/Library\libTOF_JN516x.a
LOAD C:/Users/Makoto/Desktop/MWSTAGE-2022-08_win10-1/MWSTAGE/MWSDK/ChipLib/SW4063V1416/Components/Library\libXcv_JN5169.a
LOAD C:/Users/Makoto/Desktop/MWSTAGE-2022-08_win10-1/MWSTAGE/MWSDK/ChipLib/SW4063V1416/Components/Library\libMMAC_JN5169.a
LOAD C:/Users/Makoto/Desktop/MWSTAGE-2022-08_win10-1/MWSTAGE/MWSDK/ChipLib/SW4063V1416/Components/Library\libJPT_JN5169.a
LOAD C:/Users/Makoto/Desktop/MWSTAGE-2022-08_win10-1/MWSTAGE/MWSDK/ChipLib/SW4063V1416/Components/Library\libAes_JN516x.a
LOAD C:/Users/Makoto/Desktop/MWSTAGE-2022-08_win10-1/MWSTAGE/MWSDK/ChipLib/SW4063V1416/Components/Library\libHardwareApi_JN5169.a
LOAD C:/Users/Makoto/Desktop/MWSTAGE-2022-08_win10-1/MWSTAGE/MWSDK/ChipLib/SW4063V1416/Components/Library\libMicroSpecific_JN516x.a
LOAD C:/Users/Makoto/Desktop/MWSTAGE-2022-08_win10-1/MWSTAGE/MWSDK/ChipLib/SW4063V1416/Components/Library\libBoot_JN516x.a
LOAD C:/Users/Makoto/Desktop/MWSTAGE-2022-08_win10-1/MWSTAGE/MWSDK/ChipLib/SW4063V1416/Components/Library\libPDM_EEPROM_JN516x_NO_RTOS.a
LOAD C:/Users/Makoto/Desktop/MWSTAGE-2022-08_win10-1/MWSTAGE/MWSDK/TWENET/current/lib/libTWENET_RED.a
LOAD C:/Users/Makoto/Desktop/MWSTAGE-2022-08_win10-1/MWSTAGE/MWSDK/TWENET/current/lib/libTWENEText_RED.a
LOAD C:/Users/Makoto/Desktop/MWSTAGE-2022-08_win10-1/MWSTAGE/MWSDK/TWENET/current/lib/libTWENETutils_RED.a
LOAD C:/Users/Makoto/Desktop/MWSTAGE-2022-08_win10-1/MWSTAGE/MWSDK/TWENET/current/lib/libTWENETstgs_RED.a
LOAD C:/Users/Makoto/Desktop/MWSTAGE-2022-08_win10-1/MWSTAGE/MWSDK/TWENET/current/lib/libmwx_RED.a
LOAD C:/Users/Makoto/Desktop/MWSTAGE-2022-08_win10-1/MWSTAGE/MWSDK/TWENET/current/lib/libEASTL_RED.a
END GROUP
LOAD c:/users/makoto/desktop/mwstage-2022-08_win10-1/mwstage/tools/ba-elf-ba2-r36379.w10/bin/../lib/gcc/ba-elf/4.7.4/../../../../ba-elf/lib/mcpu_jn51xx_sizeopt\libstdc++.a
LOAD c:/users/makoto/desktop/mwstage-2022-08_win10-1/mwstage/tools/ba-elf-ba2-r36379.w10/bin/../lib/gcc/ba-elf/4.7.4/../../../../ba-elf/lib/mcpu_jn51xx_sizeopt\libm.a
LOAD c:/users/makoto/desktop/mwstage-2022-08_win10-1/mwstage/tools/ba-elf-ba2-r36379.w10/bin/../lib/gcc/ba-elf/4.7.4/../../../../ba-elf/lib/mcpu_jn51xx_sizeopt\libc.a
LOAD c:/users/makoto/desktop/mwstage-2022-08_win10-1/mwstage/tools/ba-elf-ba2-r36379.w10/bin/../lib/gcc/ba-elf/4.7.4/mcpu_jn51xx_sizeopt\libgcc.a
LOAD c:/users/makoto/desktop/mwstage-2022-08_win10-1/mwstage/tools/ba-elf-ba2-r36379.w10/bin/../lib/gcc/ba-elf/4.7.4/../../../../ba-elf/lib/mcpu_jn51xx_sizeopt\libc.a
                0x0000000000000800                _stack_size = 0x800
                0x0000000000080038                exception_vsr_table = 0x80038
                0x0000000004000000                pSPIflashFncTable = 0x4000000
                0x0000000000000044                restore_state = 0x44
                0x000000000000004a                bZSPIWaitWIPClear = 0x4a
                0x0000000000000050                u16ZSPIflashRDID = 0x50
                0x0000000000000056                u8SelectFlashChipType = 0x56
                0x000000000000005c                memcpy = 0x5c
                0x0000000000000066                vBootFlashProg = 0x66
                [0x0000000000000d16]                __minimum_heap_size = DEFINED (__minimum_heap_size)?__minimum_heap_size:0xd16
                [0x0000000000000800]                __stack_size = DEFINED (__stack_size)?__stack_size:0x800
                0x0000000000000000                _SwConfig = (DEFINED (g_bSWConf_Debug) | (DEFINED (g_bSWConf_AltDebugPort) << 0x1))

.version        0x000000000007fffc        0x4
                0x000000000007fffc        0x4 LONG 0xf03000b

.bir            0x0000000000080000       0x10
                0x0000000000080000                _flash_start = ABSOLUTE (.)
                0x0000000000080000                _flash_beg = ABSOLUTE (.)
                0x0000000000080000        0x4 LONG 0x12345678
                0x0000000000080004        0x4 LONG 0x11223344
                0x0000000000080008        0x4 LONG 0x55667788
                0x000000000008000c        0x1 BYTE 0x8
                0x000000000008000d        0x1 BYTE 0x1
                0x000000000008000e        0x2 SHORT 0x0

.flashheader    0x0000000000080010       0x28
                0x0000000000080010        0x4 LONG 0x0
                0x0000000000080014        0x4 LONG 0x0
                0x0000000000080018        0x4 LONG 0x0
                0x000000000008001c        0x2 SHORT 0x0
                0x000000000008001e        0x2 SHORT 0x0 ABSOLUTE (_SwConfig)
                0x0000000000080020                _enc_start = ABSOLUTE (.)
                0x0000000000080020        0x4 LONG 0x145a0 ABSOLUTE (_image_len)
                0x0000000000080024        0x4 LONG 0x93cd8 ABSOLUTE (_flash_data_start)
                0x0000000000080028        0x2 SHORT 0x13 ((ABSOLUTE (_ram_data_start) / 0x4) & 0xffff)
                0x000000000008002a        0x2 SHORT 0x232 ((ABSOLUTE (_ram_data_len) / 0x4) & 0xffff)
                0x000000000008002c        0x2 SHORT 0x245 ((ABSOLUTE (_bss_start) / 0x4) & 0xffff)
                0x000000000008002e        0x2 SHORT 0x58a ((ABSOLUTE (_bss_len) / 0x4) & 0xffff)
                0x0000000000080030        0x4 LONG 0x8b0d0 ABSOLUTE (AppWarmStart)
                0x0000000000080034        0x4 LONG 0x8b1a0 ABSOLUTE (AppColdStart)
                0x0000000000000000                _enc_offset = (_enc_start & 0xf)
                0x0000000000000044                PROVIDE (vException_BusError, restore_state)
                0x0000000000000044                PROVIDE (vException_UnalignedAccess, restore_state)
                0x0000000000000044                PROVIDE (vException_IllegalInstruction, restore_state)
                0x0000000000000044                PROVIDE (vException_SysCall, restore_state)
                0x0000000000000044                PROVIDE (vException_Trap, restore_state)
                0x0000000000000044                PROVIDE (vException_StackOverflow, restore_state)
                0x0000000000080038                . = ABSOLUTE (exception_vsr_table)

.vsr_table      0x0000000000080038       0x18
                0x0000000000080038        0x4 LONG 0x44 ABSOLUTE (vException_BusError)
                0x000000000008003c        0x4 LONG 0x44 ABSOLUTE (vException_UnalignedAccess)
                0x0000000000080040        0x4 LONG 0x44 ABSOLUTE (vException_IllegalInstruction)
                0x0000000000080044        0x4 LONG 0x44 ABSOLUTE (vException_SysCall)
                0x0000000000080048        0x4 LONG 0x44 ABSOLUTE (vException_Trap)
                0x000000000008004c        0x4 LONG 0x44 ABSOLUTE (vException_StackOverflow)

.vsr_handlers   0x0000000000080050       0xaa
 *(.vsr_handlers)
 .vsr_handlers  0x0000000000080050       0xaa C:/Users/Makoto/Desktop/MWSTAGE-2022-08_win10-1/MWSTAGE/MWSDK/ChipLib/SW4063V1416/Components/Library\libBoot_JN516x.a(ExceptionHandler.o)
                0x0000000000080050                _exception_external_interrupt
                0x00000000000800f8                _default_vsr_dummy

.rodata         0x0000000000080100      0x861
 *(.rodata*)
 .rodata.str1.1
                0x0000000000080100       0x2f C:\Users\Makoto\AppData\Local\Temp\cc3qtSTe.ltrans0.ltrans.o
 .rodata.str1.1
                0x000000000008012f       0x20 C:\Users\Makoto\AppData\Local\Temp\cc3qtSTe.ltrans1.ltrans.o
 .rodata        0x000000000008014f        0x3 C:\Users\Makoto\AppData\Local\Temp\cc3qtSTe.ltrans1.ltrans.o
 .rodata.str1.1
                0x0000000000080152        0xe C:\Users\Makoto\AppData\Local\Temp\cc3qtSTe.ltrans2.ltrans.o
                                         0x12 (size before relaxing)
 .rodata        0x0000000000080160       0xd0 C:\Users\Makoto\AppData\Local\Temp\cc3qtSTe.ltrans2.ltrans.o
 .rodata        0x0000000000080230        0x6 C:\Users\Makoto\AppData\Local\Temp\cc3qtSTe.ltrans3.ltrans.o
                0x0000000000080230                aeXcvPhyEvtToScanEvt.5424.15430
 .rodata.str1.1
                0x0000000000080236        0xd C:\Users\Makoto\AppData\Local\Temp\cc3qtSTe.ltrans4.ltrans.o
 .rodata        0x0000000000080243       0x14 C:\Users\Makoto\AppData\Local\Temp\cc3qtSTe.ltrans4.ltrans.o
 .rodata        0x0000000000080257        0x4 C:\Users\Makoto\AppData\Local\Temp\cc3qtSTe.ltrans5.ltrans.o
 .rodata.str1.1
                0x000000000008025b       0xd1 C:\Users\Makoto\AppData\Local\Temp\cc3qtSTe.ltrans6.ltrans.o
 .rodata        0x000000000008032c        0xc C:\Users\Makoto\AppData\Local\Temp\cc3qtSTe.ltrans7.ltrans.o
 .rodata        0x0000000000080338       0x24 C:\Users\Makoto\AppData\Local\Temp\cc3qtSTe.ltrans8.ltrans.o
                0x0000000000080340                psTamXcvContext
 .rodata        0x000000000008035c       0x9a C:\Users\Makoto\AppData\Local\Temp\cc3qtSTe.ltrans9.ltrans.o
 .rodata        0x00000000000803f6      0x131 C:\Users\Makoto\AppData\Local\Temp\cc3qtSTe.ltrans10.ltrans.o
 *fill*         0x0000000000080527        0x1 00
 .rodata        0x0000000000080528       0x1c C:\Users\Makoto\AppData\Local\Temp\cc3qtSTe.ltrans11.ltrans.o
 .rodata        0x0000000000080544       0xc0 C:\Users\Makoto\AppData\Local\Temp\cc3qtSTe.ltrans12.ltrans.o
                0x0000000000080544                s_aprScanHandleEvt.15427
                0x0000000000080574                apvActionCalls
                0x00000000000805fc                psTamMacContext
                0x0000000000080600                psTAMcontext
 .rodata        0x0000000000080604       0x28 C:\Users\Makoto\AppData\Local\Temp\cc3qtSTe.ltrans13.ltrans.o
                0x0000000000080604                au32TimerBaseAddress
                0x0000000000080618                CSWTCH.35.26016.26016
 .rodata.str1.1
                0x000000000008062c       0x11 C:\Users\Makoto\AppData\Local\Temp\cc3qtSTe.ltrans17.ltrans.o
 *fill*         0x000000000008063d        0x3 00
 .rodata        0x0000000000080640       0x7c C:\Users\Makoto\AppData\Local\Temp\cc3qtSTe.ltrans17.ltrans.o
                0x0000000000080674                u32MacLow_TOCOS
                0x0000000000080678                u32MacHigh_TOCOS
 .rodata        0x00000000000806bc        0x8 C:\Users\Makoto\AppData\Local\Temp\cc3qtSTe.ltrans18.ltrans.o
                0x00000000000806bc                au32UartAddrOffset
 .rodata.str1.1
                0x00000000000806c4       0x88 C:\Users\Makoto\AppData\Local\Temp\cc3qtSTe.ltrans19.ltrans.o
 .rodata.str1.1
                0x000000000008074c       0x11 C:\Users\Makoto\AppData\Local\Temp\cc3qtSTe.ltrans22.ltrans.o
                                         0x22 (size before relaxing)
 *fill*         0x000000000008075d        0x3 00
 .rodata        0x0000000000080760       0x38 C:\Users\Makoto\AppData\Local\Temp\cc3qtSTe.ltrans22.ltrans.o
                0x0000000000080760                asStateFuncTbl.27181
 .rodata.str1.1
                0x0000000000080798       0x32 c:/users/makoto/desktop/mwstage-2022-08_win10-1/mwstage/tools/ba-elf-ba2-r36379.w10/bin/../lib/gcc/ba-elf/4.7.4/../../../../ba-elf/lib/mcpu_jn51xx_sizeopt\libc.a(lib_a-svfprintf.o)
                                         0x34 (size before relaxing)
 .rodata        0x00000000000807ca       0x20 c:/users/makoto/desktop/mwstage-2022-08_win10-1/mwstage/tools/ba-elf-ba2-r36379.w10/bin/../lib/gcc/ba-elf/4.7.4/../../../../ba-elf/lib/mcpu_jn51xx_sizeopt\libc.a(lib_a-svfprintf.o)
 .rodata.str1.1
                0x00000000000807ea        0xd c:/users/makoto/desktop/mwstage-2022-08_win10-1/mwstage/tools/ba-elf-ba2-r36379.w10/bin/../lib/gcc/ba-elf/4.7.4/../../../../ba-elf/lib/mcpu_jn51xx_sizeopt\libc.a(lib_a-dtoa.o)
                                          0xf (size before relaxing)
 .rodata.str1.1
                0x00000000000807f7        0x2 c:/users/makoto/desktop/mwstage-2022-08_win10-1/mwstage/tools/ba-elf-ba2-r36379.w10/bin/../lib/gcc/ba-elf/4.7.4/../../../../ba-elf/lib/mcpu_jn51xx_sizeopt\libc.a(lib_a-impure.o)
 .rodata.str1.1
                0x00000000000807f9        0x6 c:/users/makoto/desktop/mwstage-2022-08_win10-1/mwstage/tools/ba-elf-ba2-r36379.w10/bin/../lib/gcc/ba-elf/4.7.4/../../../../ba-elf/lib/mcpu_jn51xx_sizeopt\libc.a(lib_a-locale.o)
                                          0xb (size before relaxing)
 *fill*         0x00000000000807ff        0x1 00
 .rodata        0x0000000000080800      0x128 c:/users/makoto/desktop/mwstage-2022-08_win10-1/mwstage/tools/ba-elf-ba2-r36379.w10/bin/../lib/gcc/ba-elf/4.7.4/../../../../ba-elf/lib/mcpu_jn51xx_sizeopt\libc.a(lib_a-mprec.o)
                0x0000000000080800                __mprec_tinytens
                0x0000000000080828                __mprec_bigtens
                0x0000000000080850                __mprec_tens
 .rodata.str1.1
                0x0000000000000000       0x22 c:/users/makoto/desktop/mwstage-2022-08_win10-1/mwstage/tools/ba-elf-ba2-r36379.w10/bin/../lib/gcc/ba-elf/4.7.4/../../../../ba-elf/lib/mcpu_jn51xx_sizeopt\libc.a(lib_a-svfiprintf.o)
 .rodata        0x0000000000080928       0x20 c:/users/makoto/desktop/mwstage-2022-08_win10-1/mwstage/tools/ba-elf-ba2-r36379.w10/bin/../lib/gcc/ba-elf/4.7.4/../../../../ba-elf/lib/mcpu_jn51xx_sizeopt\libc.a(lib_a-svfiprintf.o)
 .rodata        0x0000000000080948       0x19 c:/users/makoto/desktop/mwstage-2022-08_win10-1/mwstage/tools/ba-elf-ba2-r36379.w10/bin/../lib/gcc/ba-elf/4.7.4/../../../../ba-elf/lib/mcpu_jn51xx_sizeopt\libc.a(lib_a-glue.o)

.text           0x0000000000080964    0x13373
 *(.text*)
 .text          0x0000000000080964      0x9c4 C:\Users\Makoto\AppData\Local\Temp\cc3qtSTe.ltrans0.ltrans.o
                0x0000000000080964                ToCoNet_vMain
 .text          0x0000000000081328      0x876 C:\Users\Makoto\AppData\Local\Temp\cc3qtSTe.ltrans1.ltrans.o
                0x0000000000081328                vHnd_E_STATE_RUNNING.27157
                0x00000000000815ab                vAppQApiPostHwIntT.4059
                0x00000000000816bf                TWETERM_iGetC.27523
                0x0000000000081722                vRxChar.5404
                0x0000000000081773                vXCV_IntHandlerPhy
                0x0000000000081825                vScanHandleTimer.14684
                0x000000000008182a                MWX_Panic
                0x000000000008188e                _ZN3mwx2L114periph_twowire14cmd_tx_no_stopEb.isra.4.2528.constprop.302
                0x000000000008189c                _ZN3mwx2L114periph_twowire5writeEh.local.154.constprop.298
                0x00000000000818d9                _ZN3mwx2L114periph_twowire11cmd_tx_stopEb.isra.5.2531.constprop.301
                0x00000000000818e7                _ZN3mwx2L114periph_twowire12cmd_tx_startEv.isra.3.2526
                0x00000000000818f5                _ZN6ST70325writeEh.constprop.296
                0x0000000000081951                _ZN3mwx2L110serial_jen13_set_baudrateEt.isra.2.7150
                0x0000000000081a02                UART_vSetTxInterrupt
                0x0000000000081a4d                TWETERM_vFlush.27492
                0x0000000000081acb                u8TAM_AES_WriteAuxilliarySecurityHeaderIntoBuffer
                0x0000000000081b3d                u32AHI_ReadIndexSectorBits.constprop.216
 .text.unlikely
                0x0000000000081b9e       0x41 C:\Users\Makoto\AppData\Local\Temp\cc3qtSTe.ltrans1.ltrans.o
                0x0000000000081b9e                _ZN3mwx2L114periph_twowire9busy_waitEv.isra.8.1875
 .text          0x0000000000081bdf      0xed1 C:\Users\Makoto\AppData\Local\Temp\cc3qtSTe.ltrans2.ltrans.o
                0x0000000000081dd7                _ftoa.6469.constprop.346
                0x0000000000082130                _ntoa_long_long.6443.constprop.343
                0x0000000000082205                _ntoa_long.6431.constprop.348
                0x00000000000822d2                vMicroIntEnableOnly.constprop.337
                0x00000000000822fe                vMMAC_SetChannelAndPower
                0x00000000000824a7                vPhySetChannel
                0x00000000000824c6                QUEUE__u8RemoveItem.part.1.5581
                0x0000000000082501                QUEUE__vAddItem.constprop.327
                0x0000000000082533                _ToCoNet_bRfChChannel
                0x00000000000825c8                ToCoNet_ChMgr_bCh_Reconfig
                0x0000000000082630                ToCoNet_ChMgr_vCh_TxFin
                0x000000000008265c                vHnd_E_STATE_WAIT_TX.27149
                0x00000000000826cc                vHnd_E_STATE_IDLE.27141
                0x0000000000082730                vAHI_ProtocolPower.constprop.336
                0x000000000008273e                vMMAC_ConfigureRadio
                0x00000000000828e9                bAHI_SetClockRate
                0x00000000000829f4                bAES_CCM_DecodeKey
 .text.unlikely
                0x0000000000082ab0       0x45 C:\Users\Makoto\AppData\Local\Temp\cc3qtSTe.ltrans2.ltrans.o
                0x0000000000082ab0                vAHI_MemoryHold.25780
 *fill*         0x0000000000082af5        0x3 00
 .text          0x0000000000082af8      0xb9c C:\Users\Makoto\AppData\Local\Temp\cc3qtSTe.ltrans3.ltrans.o
                0x0000000000082af8                TSV_eStop
                0x0000000000082b99                vTAStidyUpAfterFrameTX
                0x0000000000082bb6                eWChCChanChgd.15095
                0x0000000000082da6                eGenTmrExpiry.15380
                0x0000000000082de8                eWEDTEdDone.15383
                0x0000000000082e0c                MAC_vHandleMlmeReqRsp
                0x00000000000835bd                vTAMDEint1FiredTracking
                0x000000000008362d                vTAMDEint1FiredSyncReq
 .text          0x0000000000083694      0x824 C:\Users\Makoto\AppData\Local\Temp\cc3qtSTe.ltrans4.ltrans.o
                0x0000000000083694                UART_vHandleUartInterrupt.5506
                0x000000000008371b                _ZN3mwx2L114processev_crtpINS0_9NwkSimpleEE14vProcessEvCoreEP8_tsEvent7teEventm.local.193
                0x00000000000837ce                vXCV_IntHandlerBbc
                0x0000000000083911                SERIAL_vTxReady
                0x0000000000083972                vTAIsetCapTime
                0x0000000000083993                vTAIsetRxEnableTime
                0x00000000000839b4                vDoGoActive.21371
                0x00000000000839d6                vTAMRXEint2Fired
                0x0000000000083a0c                _ZN3mwx2L115periph_analogue5setupEbhPFvvE.local.124.constprop.226
                0x0000000000083aa6                _ZL5delaym.2519
                0x0000000000083ad1                vTAMRXEsetPhy
                0x0000000000083b94                vTAHsetPhyState
                0x0000000000083bc4                vTAMCOint2Fired
                0x0000000000083be4                vSetPHYfromMacValue.18205
                0x0000000000083c16                vTAMDEint1FiredWaitDR
                0x0000000000083c23                vTACsetPHYfromMacValue
                0x0000000000083c44                vTAMRXEsetReceiveForPibChange
                0x0000000000083c84                _ZL17delayMicrosecondsm.2516
                0x0000000000083d14                bAHI_ReadMACID
                0x0000000000083d5a                vMLMEbeaconNotify
 .text.unlikely
                0x0000000000083eb8      0x1ac C:\Users\Makoto\AppData\Local\Temp\cc3qtSTe.ltrans4.ltrans.o
                0x0000000000083f31                _ZL5delaym.1863
                0x0000000000083f5c                bStartXtal32k.25687
 .text          0x0000000000084064      0xa3c C:\Users\Makoto\AppData\Local\Temp\cc3qtSTe.ltrans5.ltrans.o
                0x0000000000084064                vAHI_IntHandlerTickTimer
                0x00000000000840ab                vTACintRXheader
                0x00000000000848a6                eGenRxHdrDone.15078
                0x00000000000848b6                cbAppColdStart.part.32.7810
 .text          0x0000000000084aa0      0x46e C:\Users\Makoto\AppData\Local\Temp\cc3qtSTe.ltrans6.ltrans.o
                0x0000000000084bde                vProcessEvCoreMac
                0x0000000000084c45                setup()
 .text.unlikely
                0x0000000000084f0e      0x43b C:\Users\Makoto\AppData\Local\Temp\cc3qtSTe.ltrans6.ltrans.o
                0x0000000000084f0e                ToCoNet_vStart
 .text          0x0000000000085349      0xaa9 C:\Users\Makoto\AppData\Local\Temp\cc3qtSTe.ltrans7.ltrans.o
                0x0000000000085349                mac_vLPBStartTimer
                0x000000000008562e                vTimerCallback.25663
                0x0000000000085639                vProcessEvCoreTx.27118
                0x0000000000085729                vPollClkSource.25671.constprop.323
                0x000000000008573e                _ZN3mwx2L16twenet5beginEv.local.112.constprop.287
                0x0000000000085783                _ZN3mwx2L114periph_buttons5beginEmht.constprop.284
                0x00000000000857e6                vAHI_DoSetPullup.constprop.283
                0x0000000000085806                vAHI_DioWakeEnable.constprop.282
                0x000000000008581a                vAHI_SiMasterConfigure.constprop.276
                0x000000000008584e                _ZN3mwx2L115periph_analogue10_adc_startEv.local.43.constprop.261
                0x0000000000085937                mwx::L1::periph_analogue::ADC_handler(unsigned long, unsigned long)
                0x000000000008597e                u8HwEventHandler.3160
                0x0000000000085a26                vAHI_TimerEnable.part.1.25883.constprop.245
                0x0000000000085a91                bAES_CCMstar
                0x0000000000085b5d                pvHeap_Alloc
                0x0000000000085b60                operator new(unsigned long)
                0x0000000000085b83                u32AHI_Init
                0x0000000000085c45                vMicroIntRestoreState
                0x0000000000085c51                bAHI_SiMasterPollTransferInProgress
                0x0000000000085c5e                bAHI_DoEnableOutputs
                0x0000000000085c87                u8AHI_WakeTimerFiredStatus
                0x0000000000085c9b                vAHI_WakeTimerStop.part.3.26348
                0x0000000000085cbb                mac_vLPBStopTimer
                0x0000000000085cc5                vAHI_UartSetClocksPerBit.part.18.26144
                0x0000000000085cec                vAHI_UartSetRTSCTS.part.15.26129
                0x0000000000085d13                vAHI_UartReset.part.4.26102
                0x0000000000085d4b                vAHI_UartSetControl.part.2.26086
                0x0000000000085d9c                vAHI_UartSetBaudDivisor.part.1.26082
                0x0000000000085ddb                vAHI_WatchdogStop
 .text.unlikely
                0x0000000000085df2       0x24 C:\Users\Makoto\AppData\Local\Temp\cc3qtSTe.ltrans7.ltrans.o
                0x0000000000085df2                vAHI_CpuDoze
                0x0000000000085e05                vStartXtal32kExternalRc.25677
 *fill*         0x0000000000085e16        0x2 00
 .text          0x0000000000085e18      0x9a4 C:\Users\Makoto\AppData\Local\Temp\cc3qtSTe.ltrans8.ltrans.o
                0x0000000000085e18                vTAMDEint2FiredTrackingDR
                0x0000000000085e3e                vTAMDEint2FiredPollActive
                0x0000000000085e73                vTAMDEreqTXnullTrackingCAP
                0x0000000000085e8d                eTAMselect
                0x0000000000085fcc                MAC_pvCtor
                0x00000000000863f5                u32AppApiDefInit
                0x00000000000864c0                _ToCoNet_vMacInit
                0x0000000000086526                _ToCoNet_vRfConfig
                0x00000000000866c1                vTAMDEint1FiredTrackingBeacon
                0x0000000000086761                vTAMDEframeTXtrackingDR
 .text          0x00000000000867bc      0xba2 C:\Users\Makoto\AppData\Local\Temp\cc3qtSTe.ltrans9.ltrans.o
                0x00000000000867bc                vAHI_IntHandlerSpiMaster
                0x00000000000867e2                vAHI_IntHandlerAnalogPeriph
                0x0000000000086802                vTTIBLETimerExpired
                0x000000000008680d                _ZN3mwx2L120periph_pulse_counter10_on_wakeupEv.part.18.7184
                0x0000000000086883                u32AHI_DioWakeStatus
                0x0000000000086894                vAHI_DioWakeEdge
                0x00000000000868b4                vAHI_DioSetPullup
                0x00000000000868d4                vAHI_DioSetOutput
                0x00000000000868e8                vAHI_DioSetDirection
                0x00000000000868fc                vACI_CmdWaitBusy
                0x0000000000086960                vACI_OptimisedCcmStar
                0x0000000000086b78                vTAIdisableInterrupt
                0x0000000000086b91                psRemove.part.0.24627
                0x0000000000086bc0                vMAC_MISCpollConfirm
                0x0000000000086bf1                MAC_u8AclFindInfo
                0x0000000000086d1b                vTASretrieveSecurity
                0x0000000000086d3d                MAC_bLookUpKeyDescriptor.22179
                0x0000000000086db7                u8TSCframeIncrease
                0x0000000000086df0                vTSCpostTransmitUpdate
                0x0000000000086e20                vCopyToDataFromMacAddr.22089
                0x0000000000086e53                bTSCgetOutgoingInfo
                0x0000000000086f5c                vDoGoOff.21369
                0x0000000000086f76                psTAQsearchFifo
                0x0000000000086fbf                bTAQremoveFromFifo
                0x0000000000086ffc                vTTITransactionTimerExpired
                0x0000000000087025                vTAMinsertEvent
                0x000000000008708b                vTTITimer2Expired
                0x000000000008708f                vTTITimer1Expired
                0x0000000000087093                vTAM_TxRetryTimeout
                0x0000000000087097                vTACsetTxFrameDefaults
                0x00000000000870bd                u8TACgetHeaderSize
                0x00000000000870fa                bUpdateTime.20407
                0x0000000000087135                vTACbuildBeacon
                0x000000000008733d                u32TACpayloadToU32M
 .text          0x000000000008735e      0xa8f C:\Users\Makoto\AppData\Local\Temp\cc3qtSTe.ltrans10.ltrans.o
                0x000000000008735e                mac_vLPBAdjustBeaconOffset
                0x00000000000873bb                mac_u32LPBGetBeaconTimeout
                0x00000000000873c4                eWEnDTmrExpiry.15068
                0x00000000000873cf                eWEnDEdDone.15065
                0x000000000008742a                eGenlDontCare.15062
                0x000000000008742f                eGenlIllegal.14687
                0x0000000000087436                u32GetTimer0
                0x000000000008743d                vSetTimer0
                0x000000000008744c                _ZN3mwx2L112appdefs_crtpINS0_9NwkSimpleEE18_cbTweNet_vHwEventEPvmm.local.190
                0x000000000008744f                _ZN3mwx2L112appdefs_crtpINS0_9NwkSimpleEE17_cbTweNet_u8HwIntEPvmm.local.189
                0x0000000000087454                _out_fct.6395
                0x0000000000087466                _out_null.6401
                0x0000000000087469                vOutputStream.6266
                0x0000000000087475                vHandlerPatch.5379
                0x00000000000874ac                _ZN3mwx2L112appdefs_crtpINS0_9NwkSimpleEE18_cbTweNet_vTxEventEPvRNS0_12packet_ev_txE.local.188
                0x00000000000874c6                _ZN3mwx2L112appdefs_crtpINS0_9NwkSimpleEE19_cbTweNet_vNwkEventEPvRNS0_13packet_ev_nwkE.local.194
                0x00000000000874cf                _ZN3mwx2L112appdefs_crtpINS0_9NwkSimpleEE15_cbTweNet_vMainEPv.local.195
                0x00000000000874d2                vTACu32ToPayloadM
                0x00000000000874ea                bTACframeInProgress
                0x0000000000087514                bTACassessBeaconForPayload
                0x0000000000087565                bIsBbcSafeForTx
                0x000000000008759a                vTATwriteAclMaterialToHardware
                0x00000000000875bf                vTATsetBLE
                0x00000000000875f6                vTATgetFramePayload
                0x0000000000087613                eTATreadTXstatus
                0x0000000000087659                vTAHsetPhyStateDirect.part.0.19548
                0x0000000000087675                vMEMreturn
                0x00000000000876e6                vTACinformOriginator
                0x0000000000087708                pvMEMget
                0x0000000000087734                vTAMDEdetermineNullState
                0x000000000008774e                vTAMCOupdatePendingList
                0x0000000000087820                vTAMCOsetCoordinator
                0x0000000000087846                eScanHandleEvt.part.0.15098
                0x000000000008786f                mac_eDcfmIndPost
                0x0000000000087890                mac_psDcfmIndGetBuf
                0x00000000000878b1                vMLMErxEnableConfirm
                0x00000000000878e3                vMLMEcommStatus
                0x0000000000087946                vMLMEcommStatusFromFrame
                0x000000000008798a                vMLMEsyncLoss
                0x00000000000879bd                vPMICpostFailedAssocDcfm
                0x00000000000879f5                vPMICassocReqTO_2.13515
                0x0000000000087a0c                MAC_vPibSetPanId
                0x0000000000087a27                vHandleTofRequest.11621
                0x0000000000087a2a                vAppApiDefSetPrbsSeed
                0x0000000000087a4e                mwx::L1::duplciate_checker::_node_ele_init(mwx::L1::duplciate_checker::_node_ele*)
                0x0000000000087a6c                _ZN3mwx2L113serial_parserINS0_10alloc_heapIhEEEC1Ev.local.52
                0x0000000000087a8e                _ZN3mwx2L16twenetC1Ev.local.58
                0x0000000000087b25                _ZN3mwx2L110serial_jenC1Eh.local.107
                0x0000000000087b55                _ZN3mwx2L115periph_analogueC1Ev.local.125
                0x0000000000087b80                _ZN3mwx2L112appdefs_virt8on_eventEmRm.local.134
                0x0000000000087b98                _ZN3mwx2L112appdefs_virt18cbToCoNet_vHwEventEmm.local.136
                0x0000000000087bb0                _ZN3mwx2L112appdefs_virt18cbToCoNet_vTxEventERNS0_12packet_ev_txE.local.137
                0x0000000000087bc8                _ZN3mwx2L112appdefs_virt19cbToCoNet_vNwkEventERNS0_13packet_ev_nwkE.local.139
                0x0000000000087be0                u8CCITT8
                0x0000000000087c06                bAES_CCM_KeyReg
                0x0000000000087c45                bFifoPush.4080
                0x0000000000087c7e                vAppQApiPostMlme.4066
                0x0000000000087c9d                vAppQApiPostMcps.4073
                0x0000000000087cb8                pvFifoPull.4077
                0x0000000000087cdf                psAppQApiGetMlmeBuffer.4063
                0x0000000000087ce7                psAppQApiGetMcpsBuffer.4070
                0x0000000000087cef                PRSEV_vSetState
                0x0000000000087cff                PRSEV_vProcessEv_core.2950
                0x0000000000087da1                PRSEV_vProcessEvPost
                0x0000000000087dd3                _PRSEV_vProcessEvSingle
                0x0000000000087de0                ToCoNet_vMacStart
 .text.unlikely
                0x0000000000087ded       0x65 C:\Users\Makoto\AppData\Local\Temp\cc3qtSTe.ltrans10.ltrans.o
                0x0000000000087ded                _ZN3mwx2L112appdefs_virt18cbToCoNet_vRxEventERNS0_9packet_rxE.local.138
                0x0000000000087e05                PRSEV_u8Register
                0x0000000000087e43                _PRSEV_vProcessEvSingleH
 .text          0x0000000000087e52      0x915 C:\Users\Makoto\AppData\Local\Temp\cc3qtSTe.ltrans11.ltrans.o
                0x0000000000087fb2                bAES_CCM_EncodeKey
                0x000000000008805f                bTAM_AES_CCMstarPatch
                0x00000000000881a3                bTAM_AES_CCMstarPatch2006
                0x00000000000882aa                vWriteFrame.19907
                0x0000000000088482                bTATsendFrame
                0x00000000000884d5                bSendDataRequest.18209
                0x00000000000885e7                vTimerStart
                0x0000000000088700                _ZN6ST70327commandEh.constprop.295
                0x0000000000088759                _ZN6ST703217normalFunctionSetEv.constprop.281
 .text.unlikely
                0x0000000000088767       0x6f C:\Users\Makoto\AppData\Local\Temp\cc3qtSTe.ltrans11.ltrans.o
                0x0000000000088767                _ZN6ST70325printEPc.constprop.292
 *fill*         0x00000000000887d6        0x2 00
 .text          0x00000000000887d8      0x7e4 C:\Users\Makoto\AppData\Local\Temp\cc3qtSTe.ltrans12.ltrans.o
                0x0000000000088bf2                vTAMCOframeRXcap
                0x0000000000088c04                vTAMCOframeRXgoingIdle
                0x0000000000088c1a                vTAMCOframeRXnobeacon
                0x0000000000088c2c                vTAMDEframeRX
                0x0000000000088c54                vTAMDEframeRXtrackingDR
                0x0000000000088c97                vTAMDEframePreSyncReq
                0x0000000000088caf                eWCoRRxDone.15075
                0x0000000000088d59                eWBcnRxDone.15087
                0x0000000000088ef4                vTAMCOframeTXbeacon
 .text          0x0000000000088fbc      0x424 C:\Users\Makoto\AppData\Local\Temp\cc3qtSTe.ltrans13.ltrans.o
                0x0000000000088fbc                vAppApiDefMlmeRequest
                0x0000000000088fe7                pvAppApiDefGetMacHandle
                0x0000000000088ff0                vTimerConfig
                0x00000000000891fd                cbAppWarmStart.part.28.7589
 .text.unlikely
                0x00000000000893e0      0x310 C:\Users\Makoto\AppData\Local\Temp\cc3qtSTe.ltrans13.ltrans.o
                0x00000000000893fd                vProcessIncomingHwEvent.3329
 .text          0x00000000000896f0      0x9e6 C:\Users\Makoto\AppData\Local\Temp\cc3qtSTe.ltrans14.ltrans.o
                0x00000000000896f0                TSV_eStart
                0x00000000000897d4                vTAMDEstartSync
                0x0000000000089852                vDeterminePowerState.18329
                0x00000000000898d5                vTAM_TxRetryTimer
                0x00000000000898e1                eTAStransmitRequest
                0x0000000000089c7c                vPMICassocReqTO_1.13508
                0x0000000000089d04                vTAM_MCPSdataRequest
                0x0000000000089d47                bTACcheckPANconflict
                0x0000000000089e00                TSV_eOpen
                0x0000000000089e08                vAppApiDefRestoreMacSettings
                0x0000000000089eef                vAppApiDefSaveMacSettings
                0x0000000000089f4c                mac_vLPBSleep
                0x000000000008a00a                pvAppApiDefGetMacAddrLocation
                0x000000000008a013                eAppApiDefPlmeGet
                0x000000000008a065                eAppApiDefPlmeSet
 .text          0x000000000008a0d6      0x6a0 C:\Users\Makoto\AppData\Local\Temp\cc3qtSTe.ltrans15.ltrans.o
                0x000000000008a0d6                vTAMCOreqTXinCAP
                0x000000000008a0fc                _ZN3mwx2L110serial_jen6_beginEv.part.25.7203
                0x000000000008a381                vTrySendFromDirectCAP.17662
                0x000000000008a39d                vTrySendFromDirectNoBeacon.17666
                0x000000000008a3c9                vTAMCOint1Fired
                0x000000000008a4e5                vTAMCOstartBeacon
                0x000000000008a520                vStartStoreValues.17730
                0x000000000008a5d7                bStartCallback.17759
                0x000000000008a606                vTAMCOint1FiredCAP
                0x000000000008a679                vTAMCOreqTXnoBeacon
                0x000000000008a68b                vTrySendUnslotted.18207
                0x000000000008a6a5                bProcessBeaconRX.18212
 *fill*         0x000000000008a776        0x2 00
 .text          0x000000000008a778      0x884 C:\Users\Makoto\AppData\Local\Temp\cc3qtSTe.ltrans16.ltrans.o
                0x000000000008a7b7                bSendSyncLoss.20342
                0x000000000008a7cf                bPollReqSent.23938
                0x000000000008a7e7                bMCPSframeTXcomplete.16115
                0x000000000008a83c                bPMICdisassocReqSent.13504
                0x000000000008a8b7                MAC_vHandleMcpsReqRsp
                0x000000000008a944                bTASsendCommStatusInd
                0x000000000008a959                bAssocRespSent.13500
                0x000000000008a96c                vTACcheckPollResponse
                0x000000000008a9a0                vTAMDEframeRXsyncReq
                0x000000000008abef                vTAMDEint1FiredTrackingCAPgts
                0x000000000008aca0                eTACprocessFrameTXcomplete
                0x000000000008ae1d                eWONTTxDone.15081
                0x000000000008ae4b                eWBRTTxDone.15084
                0x000000000008ae69                vTAMCOframeTXgoingIdle
                0x000000000008ae82                vTAMCOframeTXcap
                0x000000000008aea6                vTAMCOframeTXnobeacon
                0x000000000008aebb                vTAMCOframeStarting
                0x000000000008aed4                vTAMDEframeTXDEnull
                0x000000000008aef7                vTAMDEframeTXtrackingCAPgts
                0x000000000008af23                bPMICassocReqSent.13496
                0x000000000008afa5                bPMICassocReqPollSent.13511
 .text          0x000000000008affc      0x700 C:\Users\Makoto\AppData\Local\Temp\cc3qtSTe.ltrans17.ltrans.o
                0x000000000008affc                vPostDcfm.15071
                0x000000000008b0d0                AppWarmStart
                0x000000000008b1a0                AppColdStart
 *fill*         0x000000000008b6fc        0x0 00
 .text          0x000000000008b6fc      0x67c C:\Users\Makoto\AppData\Local\Temp\cc3qtSTe.ltrans18.ltrans.o
                0x000000000008b7ad                TWETERM_iPutS.27515
                0x000000000008b7d2                TWETERM_iPutC.27519
                0x000000000008b926                vHnd_E_STATE_FINISH_TX_FAIL.27126
                0x000000000008b9dc                vHnd_E_STATE_FINISH_TX_SUCCESS.27131
                0x000000000008ba6e                _ZN3mwx2L110serial_jen5writeEi.local.146.constprop.314
                0x000000000008ba80                pinMode(unsigned char, mwx::L1::enum_wapper<PIN_MODE::eMWX_DIO_MODE, unsigned char>)
                0x000000000008bc03                _ZN3mwx2L110serial_jen10_on_wakeupEv.part.27.7328
                0x000000000008bc7d                _MWX_periph_init()
 .text          0x000000000008bd78      0x704 C:\Users\Makoto\AppData\Local\Temp\cc3qtSTe.ltrans19.ltrans.o
                0x000000000008bd78                MWX_DebugMsg
                0x000000000008bdb9                _ZN3mwx2L112appdefs_crtpINS0_9NwkSimpleEE18_cbTweNet_vRxEventEPvRNS0_9packet_rxE.local.191
 .text          0x000000000008c47c      0x9bf C:\Users\Makoto\AppData\Local\Temp\cc3qtSTe.ltrans20.ltrans.o
                0x000000000008c47c                _etoa.6489.constprop.344
                0x000000000008c828                _vsnprintf.constprop.342
 .text          0x000000000008ce3b      0x4ce C:\Users\Makoto\AppData\Local\Temp\cc3qtSTe.ltrans21.ltrans.o
                0x000000000008ce3b                _ZN3mwx2L114periph_twowireC1Eh.local.76
                0x000000000008ce78                _ZN3mwx2L114periph_buttons5setupEh.part.0.8204.constprop.286
                0x000000000008cea2                vMCPSframeReceived
                0x000000000008cf65                ToCoNet_vInit
                0x000000000008d2a8                _ZN3mwx2L114periph_twowire8_init_hwEb.isra.7.2536.constprop.274
                0x000000000008d2d9                vExpireHead.24632
 .text.unlikely
                0x000000000008d309        0xf C:\Users\Makoto\AppData\Local\Temp\cc3qtSTe.ltrans21.ltrans.o
                0x000000000008d309                u32AppQApiInitInt_PATCH
 .text          0x000000000008d318      0x523 C:\Users\Makoto\AppData\Local\Temp\cc3qtSTe.ltrans22.ltrans.o
                0x000000000008d318                vAppApiDefMcpsRequest
                0x000000000008d343                vHnd_E_STATE_PREPARE_TX.27136
 .text          0x000000000008d83b       0x25 c:/users/makoto/desktop/mwstage-2022-08_win10-1/mwstage/tools/ba-elf-ba2-r36379.w10/bin/../lib/gcc/ba-elf/4.7.4/../../../../ba-elf/lib/mcpu_jn51xx_sizeopt\libc.a(lib_a-memcmp.o)
                0x000000000008d83b                memcmp
 .text          0x000000000008d860       0x39 c:/users/makoto/desktop/mwstage-2022-08_win10-1/mwstage/tools/ba-elf-ba2-r36379.w10/bin/../lib/gcc/ba-elf/4.7.4/mcpu_jn51xx_sizeopt\libgcc.a(_fixunsdfsi.o)
                0x000000000008d860                __fixunsdfsi
 .text          0x000000000008d899      0x350 c:/users/makoto/desktop/mwstage-2022-08_win10-1/mwstage/tools/ba-elf-ba2-r36379.w10/bin/../lib/gcc/ba-elf/4.7.4/mcpu_jn51xx_sizeopt\libgcc.a(_udivdi3.o)
                0x000000000008d899                __udivdi3
 .text          0x000000000008dbe9      0x312 c:/users/makoto/desktop/mwstage-2022-08_win10-1/mwstage/tools/ba-elf-ba2-r36379.w10/bin/../lib/gcc/ba-elf/4.7.4/mcpu_jn51xx_sizeopt\libgcc.a(_umoddi3.o)
                0x000000000008dbe9                __umoddi3
 .text          0x000000000008defb       0x27 C:/Users/Makoto/Desktop/MWSTAGE-2022-08_win10-1/MWSTAGE/MWSDK/ChipLib/SW4063V1416/Components/Library\libHardwareApi_JN5169.a(AHI_Interrupt.o)
                0x000000000008defb                vAHI_InterruptSetPriority
                0x000000000008df19                vAHI_InterruptSetActivePriorityLevel
 .text.vMicroSyscall
                0x000000000008df22       0x17 C:/Users/Makoto/Desktop/MWSTAGE-2022-08_win10-1/MWSTAGE/MWSDK/ChipLib/SW4063V1416/Components/Library\libMicroSpecific_JN516x.a(MicroSyscall_ba.o)
                0x000000000008df22                vMicroSyscall
 .text          0x000000000008df39       0x19 c:/users/makoto/desktop/mwstage-2022-08_win10-1/mwstage/tools/ba-elf-ba2-r36379.w10/bin/../lib/gcc/ba-elf/4.7.4/../../../../ba-elf/lib/mcpu_jn51xx_sizeopt\libc.a(lib_a-memcpy.o)
 .text          0x000000000008df52       0x12 c:/users/makoto/desktop/mwstage-2022-08_win10-1/mwstage/tools/ba-elf-ba2-r36379.w10/bin/../lib/gcc/ba-elf/4.7.4/../../../../ba-elf/lib/mcpu_jn51xx_sizeopt\libc.a(lib_a-memset.o)
                0x000000000008df52                memset
 .text          0x000000000008df64       0x84 c:/users/makoto/desktop/mwstage-2022-08_win10-1/mwstage/tools/ba-elf-ba2-r36379.w10/bin/../lib/gcc/ba-elf/4.7.4/../../../../ba-elf/lib/mcpu_jn51xx_sizeopt\libc.a(lib_a-sprintf.o)
                0x000000000008df64                _sprintf_r
                0x000000000008dfa2                sprintf
 *fill*         0x000000000008dfe8        0x0 00
 .text          0x000000000008dfe8     0x10e4 c:/users/makoto/desktop/mwstage-2022-08_win10-1/mwstage/tools/ba-elf-ba2-r36379.w10/bin/../lib/gcc/ba-elf/4.7.4/../../../../ba-elf/lib/mcpu_jn51xx_sizeopt\libc.a(lib_a-svfprintf.o)
                0x000000000008dfe8                _svfprintf_r
 .text          0x000000000008f0cc      0xd83 c:/users/makoto/desktop/mwstage-2022-08_win10-1/mwstage/tools/ba-elf-ba2-r36379.w10/bin/../lib/gcc/ba-elf/4.7.4/../../../../ba-elf/lib/mcpu_jn51xx_sizeopt\libc.a(lib_a-dtoa.o)
                0x000000000008f217                _dtoa_r
 .text          0x000000000008fe4f       0x86 c:/users/makoto/desktop/mwstage-2022-08_win10-1/mwstage/tools/ba-elf-ba2-r36379.w10/bin/../lib/gcc/ba-elf/4.7.4/../../../../ba-elf/lib/mcpu_jn51xx_sizeopt\libc.a(lib_a-locale.o)
                0x000000000008fe4f                _setlocale_r
                0x000000000008fe95                __locale_charset
                0x000000000008fe9e                __locale_mb_cur_max
                0x000000000008fea7                __locale_msgcharset
                0x000000000008feb0                __locale_cjk_lang
                0x000000000008feb5                _localeconv_r
                0x000000000008febe                setlocale
                0x000000000008fecc                localeconv
 .text          0x000000000008fed5      0x4ba c:/users/makoto/desktop/mwstage-2022-08_win10-1/mwstage/tools/ba-elf-ba2-r36379.w10/bin/../lib/gcc/ba-elf/4.7.4/../../../../ba-elf/lib/mcpu_jn51xx_sizeopt\libc.a(lib_a-mallocr.o)
                0x000000000008fed5                _malloc_r
 .text          0x000000000009038f       0x19 c:/users/makoto/desktop/mwstage-2022-08_win10-1/mwstage/tools/ba-elf-ba2-r36379.w10/bin/../lib/gcc/ba-elf/4.7.4/../../../../ba-elf/lib/mcpu_jn51xx_sizeopt\libc.a(lib_a-memchr.o)
                0x000000000009038f                memchr
 .text          0x00000000000903a8        0x6 c:/users/makoto/desktop/mwstage-2022-08_win10-1/mwstage/tools/ba-elf-ba2-r36379.w10/bin/../lib/gcc/ba-elf/4.7.4/../../../../ba-elf/lib/mcpu_jn51xx_sizeopt\libc.a(lib_a-mlock.o)
                0x00000000000903a8                __malloc_lock
                0x00000000000903ab                __malloc_unlock
 .text          0x00000000000903ae      0x8bb c:/users/makoto/desktop/mwstage-2022-08_win10-1/mwstage/tools/ba-elf-ba2-r36379.w10/bin/../lib/gcc/ba-elf/4.7.4/../../../../ba-elf/lib/mcpu_jn51xx_sizeopt\libc.a(lib_a-mprec.o)
                0x00000000000903ae                _Balloc
                0x0000000000090406                _Bfree
                0x0000000000090420                __multadd
                0x00000000000904ad                __s2b
                0x000000000009053a                __hi0bits
                0x000000000009058f                __lo0bits
                0x0000000000090608                __i2b
                0x000000000009061d                __multiply
                0x000000000009075e                __pow5mult
                0x00000000000907dd                __lshift
                0x0000000000090891                __mcmp
                0x00000000000908d0                __mdiff
                0x00000000000909b2                __ulp
                0x00000000000909f6                __b2d
                0x0000000000090a99                __d2b
                0x0000000000090b58                __ratio
                0x0000000000090ba8                _mprec_log10
                0x0000000000090bdc                __copybits
                0x0000000000090c15                __any_on
 .text          0x0000000000090c69       0x23 c:/users/makoto/desktop/mwstage-2022-08_win10-1/mwstage/tools/ba-elf-ba2-r36379.w10/bin/../lib/gcc/ba-elf/4.7.4/../../../../ba-elf/lib/mcpu_jn51xx_sizeopt\libc.a(lib_a-sbrkr.o)
                0x0000000000090c69                _sbrk_r
 .text          0x0000000000090c8c       0x5c c:/users/makoto/desktop/mwstage-2022-08_win10-1/mwstage/tools/ba-elf-ba2-r36379.w10/bin/../lib/gcc/ba-elf/4.7.4/../../../../ba-elf/lib/mcpu_jn51xx_sizeopt\libc.a(lib_a-s_fpclassify.o)
                0x0000000000090c8c                __fpclassifyd
 .text          0x0000000000090ce8       0x25 c:/users/makoto/desktop/mwstage-2022-08_win10-1/mwstage/tools/ba-elf-ba2-r36379.w10/bin/../lib/gcc/ba-elf/4.7.4/../../../../ba-elf/lib/mcpu_jn51xx_sizeopt\libc.a(lib_a-strcmp.o)
                0x0000000000090ce8                strcmp
 .text          0x0000000000090d0d       0x12 c:/users/makoto/desktop/mwstage-2022-08_win10-1/mwstage/tools/ba-elf-ba2-r36379.w10/bin/../lib/gcc/ba-elf/4.7.4/../../../../ba-elf/lib/mcpu_jn51xx_sizeopt\libc.a(lib_a-strlen.o)
                0x0000000000090d0d                strlen
 .text          0x0000000000090d1f      0x8f1 c:/users/makoto/desktop/mwstage-2022-08_win10-1/mwstage/tools/ba-elf-ba2-r36379.w10/bin/../lib/gcc/ba-elf/4.7.4/../../../../ba-elf/lib/mcpu_jn51xx_sizeopt\libc.a(lib_a-svfiprintf.o)
                0x0000000000090d1f                __ssprint_r
                0x0000000000090e43                _svfiprintf_r
 .text          0x0000000000091610       0x64 c:/users/makoto/desktop/mwstage-2022-08_win10-1/mwstage/tools/ba-elf-ba2-r36379.w10/bin/../lib/gcc/ba-elf/4.7.4/../../../../ba-elf/lib/mcpu_jn51xx_sizeopt\libc.a(lib_a-callocr.o)
                0x0000000000091610                _calloc_r
 .text          0x0000000000091674      0x271 c:/users/makoto/desktop/mwstage-2022-08_win10-1/mwstage/tools/ba-elf-ba2-r36379.w10/bin/../lib/gcc/ba-elf/4.7.4/../../../../ba-elf/lib/mcpu_jn51xx_sizeopt\libc.a(lib_a-freer.o)
                0x0000000000091674                _malloc_trim_r
                0x0000000000091728                _free_r
 .text          0x00000000000918e5      0x1d0 c:/users/makoto/desktop/mwstage-2022-08_win10-1/mwstage/tools/ba-elf-ba2-r36379.w10/bin/../lib/gcc/ba-elf/4.7.4/../../../../ba-elf/lib/mcpu_jn51xx_sizeopt\libc.a(lib_a-glue.o)
                0x00000000000918e5                _read
                0x00000000000918ff                _write
                0x0000000000091919                _open
                0x0000000000091933                _close
                0x000000000009194d                _isatty
                0x0000000000091968                _lseek
                0x0000000000091983                _fstat
                0x000000000009199e                _times
                0x00000000000919b9                _time
                0x00000000000919d4                _creat
                0x00000000000919ef                _link
                0x0000000000091a0a                _unlink
                0x0000000000091a25                _fork
                0x0000000000091a3f                isatty
                0x0000000000091a41                __unlink
                0x0000000000091a43                _exit
                0x0000000000091a47                _kill
                0x0000000000091a4b                _getpid
                0x0000000000091a50                _sbrk
 .text          0x0000000000091ab5       0x44 c:/users/makoto/desktop/mwstage-2022-08_win10-1/mwstage/tools/ba-elf-ba2-r36379.w10/bin/../lib/gcc/ba-elf/4.7.4/../../../../ba-elf/lib/mcpu_jn51xx_sizeopt\libc.a(lib_a-memmove.o)
                0x0000000000091ab5                memmove
 .text          0x0000000000091af9      0x33c c:/users/makoto/desktop/mwstage-2022-08_win10-1/mwstage/tools/ba-elf-ba2-r36379.w10/bin/../lib/gcc/ba-elf/4.7.4/../../../../ba-elf/lib/mcpu_jn51xx_sizeopt\libc.a(lib_a-reallocr.o)
                0x0000000000091af9                _realloc_r
 .text          0x0000000000091e35        0x9 c:/users/makoto/desktop/mwstage-2022-08_win10-1/mwstage/tools/ba-elf-ba2-r36379.w10/bin/../lib/gcc/ba-elf/4.7.4/../../../../ba-elf/lib/mcpu_jn51xx_sizeopt\libc.a(lib_a-errno.o)
                0x0000000000091e35                __errno
 *fill*         0x0000000000091e3e        0x2 00
 .text          0x0000000000091e40      0x204 c:/users/makoto/desktop/mwstage-2022-08_win10-1/mwstage/tools/ba-elf-ba2-r36379.w10/bin/../lib/gcc/ba-elf/4.7.4/mcpu_jn51xx_sizeopt\libgcc.a(__udivsi3.o)
                0x0000000000091e40                __udivsi3
 .text          0x0000000000092044       0x30 c:/users/makoto/desktop/mwstage-2022-08_win10-1/mwstage/tools/ba-elf-ba2-r36379.w10/bin/../lib/gcc/ba-elf/4.7.4/mcpu_jn51xx_sizeopt\libgcc.a(__divsi3.o)
                0x0000000000092044                __divsi3
 .text          0x0000000000092074      0x1b0 c:/users/makoto/desktop/mwstage-2022-08_win10-1/mwstage/tools/ba-elf-ba2-r36379.w10/bin/../lib/gcc/ba-elf/4.7.4/mcpu_jn51xx_sizeopt\libgcc.a(__umodsi3.o)
                0x0000000000092074                __umodsi3
 .text          0x0000000000092224       0x24 c:/users/makoto/desktop/mwstage-2022-08_win10-1/mwstage/tools/ba-elf-ba2-r36379.w10/bin/../lib/gcc/ba-elf/4.7.4/mcpu_jn51xx_sizeopt\libgcc.a(__modsi3.o)
                0x0000000000092224                __modsi3
 .text          0x0000000000092248      0x682 c:/users/makoto/desktop/mwstage-2022-08_win10-1/mwstage/tools/ba-elf-ba2-r36379.w10/bin/../lib/gcc/ba-elf/4.7.4/mcpu_jn51xx_sizeopt\libgcc.a(adddf3.o)
                0x0000000000092248                __adddf3
 *fill*         0x00000000000928ca        0x2 00
 .text          0x00000000000928cc      0x5c8 c:/users/makoto/desktop/mwstage-2022-08_win10-1/mwstage/tools/ba-elf-ba2-r36379.w10/bin/../lib/gcc/ba-elf/4.7.4/mcpu_jn51xx_sizeopt\libgcc.a(divdf3.o)
                0x00000000000928cc                __divdf3
 .text          0x0000000000092e94       0x7f c:/users/makoto/desktop/mwstage-2022-08_win10-1/mwstage/tools/ba-elf-ba2-r36379.w10/bin/../lib/gcc/ba-elf/4.7.4/mcpu_jn51xx_sizeopt\libgcc.a(eqdf2.o)
                0x0000000000092e94                __nedf2
                0x0000000000092e94                __eqdf2
 .text          0x0000000000092f13       0xca c:/users/makoto/desktop/mwstage-2022-08_win10-1/mwstage/tools/ba-elf-ba2-r36379.w10/bin/../lib/gcc/ba-elf/4.7.4/mcpu_jn51xx_sizeopt\libgcc.a(gedf2.o)
                0x0000000000092f13                __gedf2
                0x0000000000092f13                __gtdf2
 .text          0x0000000000092fdd       0xcb c:/users/makoto/desktop/mwstage-2022-08_win10-1/mwstage/tools/ba-elf-ba2-r36379.w10/bin/../lib/gcc/ba-elf/4.7.4/mcpu_jn51xx_sizeopt\libgcc.a(ledf2.o)
                0x0000000000092fdd                __ledf2
                0x0000000000092fdd                __ltdf2
 .text          0x00000000000930a8      0x488 c:/users/makoto/desktop/mwstage-2022-08_win10-1/mwstage/tools/ba-elf-ba2-r36379.w10/bin/../lib/gcc/ba-elf/4.7.4/mcpu_jn51xx_sizeopt\libgcc.a(muldf3.o)
                0x00000000000930a8                __muldf3
 .text          0x0000000000093530      0x693 c:/users/makoto/desktop/mwstage-2022-08_win10-1/mwstage/tools/ba-elf-ba2-r36379.w10/bin/../lib/gcc/ba-elf/4.7.4/mcpu_jn51xx_sizeopt\libgcc.a(subdf3.o)
                0x0000000000093530                __subdf3
 .text          0x0000000000093bc3       0x64 c:/users/makoto/desktop/mwstage-2022-08_win10-1/mwstage/tools/ba-elf-ba2-r36379.w10/bin/../lib/gcc/ba-elf/4.7.4/mcpu_jn51xx_sizeopt\libgcc.a(fixdfsi.o)
                0x0000000000093bc3                __fixdfsi
 .text          0x0000000000093c27       0x61 c:/users/makoto/desktop/mwstage-2022-08_win10-1/mwstage/tools/ba-elf-ba2-r36379.w10/bin/../lib/gcc/ba-elf/4.7.4/mcpu_jn51xx_sizeopt\libgcc.a(floatsidf.o)
                0x0000000000093c27                __floatsidf
 .text          0x0000000000093c88       0x4f c:/users/makoto/desktop/mwstage-2022-08_win10-1/mwstage/tools/ba-elf-ba2-r36379.w10/bin/../lib/gcc/ba-elf/4.7.4/mcpu_jn51xx_sizeopt\libgcc.a(floatunsidf.o)
                0x0000000000093c88                __floatunsidf
                0x0000000000093cd7                _flash_end = ABSOLUTE (.)

.rela.dyn       0x0000000000093cd8        0x0
 .rela.text     0x0000000000000000        0x0 c:/users/makoto/desktop/mwstage-2022-08_win10-1/mwstage/tools/ba-elf-ba2-r36379.w10/bin/../lib/gcc/ba-elf/4.7.4/../../../../ba-elf/lib/mcpu_jn51xx_sizeopt\libc.a(lib_a-sprintf.o)
 .rela.text.unlikely
                0x0000000000000000        0x0 c:/users/makoto/desktop/mwstage-2022-08_win10-1/mwstage/tools/ba-elf-ba2-r36379.w10/bin/../lib/gcc/ba-elf/4.7.4/../../../../ba-elf/lib/mcpu_jn51xx_sizeopt\libc.a(lib_a-sprintf.o)
 .rela.data     0x0000000000000000        0x0 c:/users/makoto/desktop/mwstage-2022-08_win10-1/mwstage/tools/ba-elf-ba2-r36379.w10/bin/../lib/gcc/ba-elf/4.7.4/../../../../ba-elf/lib/mcpu_jn51xx_sizeopt\libc.a(lib_a-sprintf.o)
 .rela.rodata   0x0000000000000000        0x0 c:/users/makoto/desktop/mwstage-2022-08_win10-1/mwstage/tools/ba-elf-ba2-r36379.w10/bin/../lib/gcc/ba-elf/4.7.4/../../../../ba-elf/lib/mcpu_jn51xx_sizeopt\libc.a(lib_a-sprintf.o)
                0x000000000400004c                . = ORIGIN (ram)

.data           0x000000000400004c      0x8c8 load address 0x0000000000093cd8
                0x000000000400004c                _ram_data_start = ABSOLUTE (.)
 *(.data*)
 .data          0x000000000400004c        0x2 C:\Users\Makoto\AppData\Local\Temp\cc3qtSTe.ltrans0.ltrans.o
 .data          0x000000000400004e        0x1 C:\Users\Makoto\AppData\Local\Temp\cc3qtSTe.ltrans2.ltrans.o
 .data          0x000000000400004f        0x1 C:\Users\Makoto\AppData\Local\Temp\cc3qtSTe.ltrans5.ltrans.o
                0x000000000400004f                _toconet_tx_u8_init_queue_flag
 .data          0x0000000004000050        0x4 C:\Users\Makoto\AppData\Local\Temp\cc3qtSTe.ltrans7.ltrans.o
                0x0000000004000050                u32HeapStart
 .data          0x0000000004000054        0x1 C:\Users\Makoto\AppData\Local\Temp\cc3qtSTe.ltrans8.ltrans.o
 .data.initinboot
                0x0000000004000055        0x1 C:\Users\Makoto\AppData\Local\Temp\cc3qtSTe.ltrans8.ltrans.o
                0x0000000004000055                gMAC_u8MaxBuffers
 .data          0x0000000004000056        0x1 C:\Users\Makoto\AppData\Local\Temp\cc3qtSTe.ltrans22.ltrans.o
                0x0000000004000056                u8TxWkrNow.27259
 *fill*         0x0000000004000057        0x1 00
 .data          0x0000000004000058      0x430 c:/users/makoto/desktop/mwstage-2022-08_win10-1/mwstage/tools/ba-elf-ba2-r36379.w10/bin/../lib/gcc/ba-elf/4.7.4/../../../../ba-elf/lib/mcpu_jn51xx_sizeopt\libc.a(lib_a-impure.o)
                0x0000000004000058                _impure_ptr
 .data          0x0000000004000488       0x7c c:/users/makoto/desktop/mwstage-2022-08_win10-1/mwstage/tools/ba-elf-ba2-r36379.w10/bin/../lib/gcc/ba-elf/4.7.4/../../../../ba-elf/lib/mcpu_jn51xx_sizeopt\libc.a(lib_a-locale.o)
                0x0000000004000488                __mb_cur_max
 .data          0x0000000004000504      0x410 c:/users/makoto/desktop/mwstage-2022-08_win10-1/mwstage/tools/ba-elf-ba2-r36379.w10/bin/../lib/gcc/ba-elf/4.7.4/../../../../ba-elf/lib/mcpu_jn51xx_sizeopt\libc.a(lib_a-mallocr.o)
                0x0000000004000504                __malloc_sbrk_base
                0x0000000004000508                __malloc_trim_threshold
                0x000000000400050c                __malloc_av_
 *(.data.*)
                0x0000000004000914                . = ALIGN (0x4)
                0x0000000004000914                _ram_data_end = ABSOLUTE (.)

.bss            0x0000000004000914     0x1628 load address 0x00000000000945a0
                0x0000000004000914                _bss_start = ABSOLUTE (.)
 *(.bss*)
 .bss           0x0000000004000914       0x74 C:\Users\Makoto\AppData\Local\Temp\cc3qtSTe.ltrans0.ltrans.o
                0x0000000004000914                sMcpsIndQueue.4298
                0x0000000004000924                sMcpsIndBufferQueue.4296
                0x0000000004000934                sMlmeIndQueue.4299
                0x0000000004000944                sMlmeIndBufferQueue.4297
                0x0000000004000954                sHwIndQueue.4300
                0x0000000004000964                sHwIndBufferQueue.4301
                0x0000000004000974                _u32_INT_adc_comp
                0x0000000004000978                _u32_INT_ticktimer
                0x000000000400097c                _periph_availmap
 .bss           0x0000000004000988        0x8 C:\Users\Makoto\AppData\Local\Temp\cc3qtSTe.ltrans1.ltrans.o
                0x0000000004000988                prAppHwCallback.4304
                0x000000000400098c                TxWorker_u8Num.27216
 .bss           0x0000000004000990       0x18 C:\Users\Makoto\AppData\Local\Temp\cc3qtSTe.ltrans2.ltrans.o
 .bss           0x00000000040009a8       0x20 C:\Users\Makoto\AppData\Local\Temp\cc3qtSTe.ltrans3.ltrans.o
                0x00000000040009a8                sAssocSecurity.14125
                0x00000000040009b4                bScanInProgress.15423
                0x00000000040009b5                g_bJenieBackwardsCompatibilityMode
                0x00000000040009b8                s_sTimerList
 .bss           0x00000000040009c8       0x24 C:\Users\Makoto\AppData\Local\Temp\cc3qtSTe.ltrans4.ltrans.o
                0x00000000040009c8                gbTimeOutFlag.25855
                0x00000000040009c9                bTxEventQueued.21237
                0x00000000040009ca                u8TxEventStatus.21238
                0x00000000040009cc                sAppHousekeeping
                0x00000000040009e4                prApAppCallback.25417
                0x00000000040009e8                bIntEnableFlag.25414
 .bss           0x00000000040009ec      0x618 C:\Users\Makoto\AppData\Local\Temp\cc3qtSTe.ltrans5.ltrans.o
 .bss           0x0000000004001004      0x15c C:\Users\Makoto\AppData\Local\Temp\cc3qtSTe.ltrans6.ltrans.o
                0x0000000004001004                u8AppId_Pkt_head.5252
                0x0000000004001008                u32AppId.5249
                0x000000000400100c                u32MyAddr.5251
                0x0000000004001010                bRxQueue_Init.5250
                0x0000000004001014                psRxQueueList.5248
                0x0000000004001028                asEventHandler.3017
                0x00000000040010c8                sEvVars
                0x00000000040010e4                u32TickCount_ms
                0x00000000040010e8                au8Txdatabuff_idx_sTxQueue
                0x00000000040010ec                u8TxBuffSiz_sTxQueue
                0x00000000040010f0                sTxdatabuff_sTxQueue
                0x00000000040010f4                sTxQueue
                0x0000000004001110                au8Rxdatabuff_idx_sRxQueue
                0x0000000004001114                u8RxBuffSiz_sRxQueue
                0x0000000004001118                sRxdatabuff_sRxQueue
                0x000000000400111c                sRxQueue
                0x0000000004001138                au8Rxdatabuff_idx_sRxQueueCmd
                0x000000000400113c                u8RxBuffSiz_sRxQueueCmd
                0x0000000004001140                sRxdatabuff_sRxQueueCmd
                0x0000000004001144                sRxQueueCmd.3468
 .bss           0x0000000004001160        0x8 C:\Users\Makoto\AppData\Local\Temp\cc3qtSTe.ltrans7.ltrans.o
 .bss.dontinitinboot
                0x0000000004001168        0x4 C:\Users\Makoto\AppData\Local\Temp\cc3qtSTe.ltrans7.ltrans.o
 .bss           0x000000000400116c       0x24 C:\Users\Makoto\AppData\Local\Temp\cc3qtSTe.ltrans8.ltrans.o
                0x000000000400116c                i8TxPower.16915
                0x0000000004001170                g_sXcv
                0x0000000004001174                prMcpsRequest.10509
                0x0000000004001178                prMlmeRequest.10508
                0x000000000400117c                prOriginalHandler.5383
 .bss.initinboot
                0x0000000004001190        0x8 C:\Users\Makoto\AppData\Local\Temp\cc3qtSTe.ltrans8.ltrans.o
                0x0000000004001190                g_u32MacAddrLocation
                0x0000000004001194                prvUserTxStartedCallback
 .bss           0x0000000004001198        0x1 C:\Users\Makoto\AppData\Local\Temp\cc3qtSTe.ltrans9.ltrans.o
                0x0000000004001198                u8TAM_TxStatusOverride
 *fill*         0x0000000004001199        0x3 00
 .bss           0x000000000400119c        0xc C:\Users\Makoto\AppData\Local\Temp\cc3qtSTe.ltrans10.ltrans.o
 .bss.dontinitinboot
                0x00000000040011a8        0x1 C:\Users\Makoto\AppData\Local\Temp\cc3qtSTe.ltrans11.ltrans.o
 *fill*         0x00000000040011a9        0x3 00
 .bss           0x00000000040011ac      0x1bc C:\Users\Makoto\AppData\Local\Temp\cc3qtSTe.ltrans12.ltrans.o
                0x00000000040011ac                g_pvMac
                0x00000000040011b0                the_mac
                0x00000000040011cc                Buttons
                0x00000000040011d4                Timer4
                0x00000000040011dc                Timer3
                0x00000000040011e4                Timer2
                0x00000000040011ec                Timer1
                0x00000000040011f4                Timer0
                0x00000000040011fc                PulseCounter1
                0x0000000004001200                PulseCounter0
                0x0000000004001204                Analogue
                0x000000000400121c                SPI
                0x0000000004001220                Wire
                0x0000000004001238                SerialParser
                0x0000000004001274                Serial1
                0x0000000004001294                Serial
                0x00000000040012b4                the_vnet2
                0x00000000040012b8                the_vnet
                0x00000000040012bc                the_vhw
                0x00000000040012c0                the_vsettings
                0x00000000040012c4                the_vapp
                0x00000000040012c8                the_twelite
                0x0000000004001360                lcd
 .bss.initinboot
                0x0000000004001368      0x1c0 C:\Users\Makoto\AppData\Local\Temp\cc3qtSTe.ltrans12.ltrans.o
                0x0000000004001368                g_sMac
 .bss           0x0000000004001528       0x28 C:\Users\Makoto\AppData\Local\Temp\cc3qtSTe.ltrans13.ltrans.o
                0x0000000004001528                apfTimerAppCallback.26068
                0x000000000400153c                prTickTimeAppCallback
                0x0000000004001540                au16TimerSettings.26017
 .bss           0x0000000004001550       0x1c C:\Users\Makoto\AppData\Local\Temp\cc3qtSTe.ltrans14.ltrans.o
 .bss.initinboot
                0x000000000400156c        0x1 C:\Users\Makoto\AppData\Local\Temp\cc3qtSTe.ltrans14.ltrans.o
 *fill*         0x000000000400156d        0x3 00
 .bss           0x0000000004001570       0x78 C:\Users\Makoto\AppData\Local\Temp\cc3qtSTe.ltrans15.ltrans.o
                0x0000000004001570                prUart1AppCallback.26323
                0x0000000004001574                prUart0AppCallback.26322
                0x0000000004001578                asUARTS.5548
                0x0000000004001598                sOpt.5555
 .bss           0x00000000040015e8       0x40 C:\Users\Makoto\AppData\Local\Temp\cc3qtSTe.ltrans16.ltrans.o
                0x00000000040015e8                u8AssocResponsesInProgress.14124
                0x00000000040015ec                g_sLP
 .bss           0x0000000004001628      0x118 C:\Users\Makoto\AppData\Local\Temp\cc3qtSTe.ltrans17.ltrans.o
                0x0000000004001628                sContext.5373
                0x0000000004001654                TWENET_u8RFdevice_minor.4673
                0x0000000004001655                TWENET_u8RFdevice_major.4672
                0x0000000004001656                _TWENET_TX_POWER_MAX
                0x0000000004001658                sToCoNet_Modules
                0x00000000040016b0                _ZL5_vcbs.7962
                0x00000000040016c4                sToCoNet_AppContext
                0x00000000040016e0                sToCoNet_Context
 .bss           0x0000000004001740       0x48 C:\Users\Makoto\AppData\Local\Temp\cc3qtSTe.ltrans18.ltrans.o
                0x0000000004001740                _psSerial
                0x0000000004001744                _SERIAL_bmTxIntEnabled
                0x0000000004001748                asSerialPorts
 .bss           0x0000000004001788       0x10 C:\Users\Makoto\AppData\Local\Temp\cc3qtSTe.ltrans19.ltrans.o
                0x0000000004001788                pvPostFunc.3031
                0x000000000400178c                u32PostArg.3030
                0x0000000004001790                evPost.3029
 .bss           0x0000000004001798      0x718 C:\Users\Makoto\AppData\Local\Temp\cc3qtSTe.ltrans21.ltrans.o
                0x0000000004001798                prSpiAppCallback.25651
                0x000000000400179c                prSiAppCallback.26886
                0x00000000040017a0                prAppMcpsCallback.4302
                0x00000000040017a4                prAppMlmeCallback.4303
 .bss.initinboot
                0x0000000004001eb0        0x4 C:\Users\Makoto\AppData\Local\Temp\cc3qtSTe.ltrans21.ltrans.o
                0x0000000004001eb0                prSysCtrlAppCallback.25859
 .bss           0x0000000004001eb4        0xc C:\Users\Makoto\AppData\Local\Temp\cc3qtSTe.ltrans22.ltrans.o
                0x0000000004001eb4                sCh_Context.3936
                0x0000000004001eb8                asTx.27215
 .bss.dontinitinboot
                0x0000000004001ec0       0x40 C:/Users/Makoto/Desktop/MWSTAGE-2022-08_win10-1/MWSTAGE/MWSDK/ChipLib/SW4063V1416/Components/Library\libBoot_JN516x.a(ExceptionHandler.o)
                0x0000000004001ec0                isr_handlers
 .bss           0x0000000004001f00       0x34 c:/users/makoto/desktop/mwstage-2022-08_win10-1/mwstage/tools/ba-elf-ba2-r36379.w10/bin/../lib/gcc/ba-elf/4.7.4/../../../../ba-elf/lib/mcpu_jn51xx_sizeopt\libc.a(lib_a-mallocr.o)
                0x0000000004001f00                __malloc_current_mallinfo
                0x0000000004001f28                __malloc_max_total_mem
                0x0000000004001f2c                __malloc_max_sbrked_mem
                0x0000000004001f30                __malloc_top_pad
 .bss           0x0000000004001f34        0x4 c:/users/makoto/desktop/mwstage-2022-08_win10-1/mwstage/tools/ba-elf-ba2-r36379.w10/bin/../lib/gcc/ba-elf/4.7.4/../../../../ba-elf/lib/mcpu_jn51xx_sizeopt\libc.a(lib_a-glue.o)
 *(.bss.*)
 *(.scommon*)
 .scommon       0x0000000004001f38        0x4 c:/users/makoto/desktop/mwstage-2022-08_win10-1/mwstage/tools/ba-elf-ba2-r36379.w10/bin/../lib/gcc/ba-elf/4.7.4/../../../../ba-elf/lib/mcpu_jn51xx_sizeopt\libc.a(lib_a-reent.o)
                0x0000000004001f38                errno
 *(.scommon.*)
 *(COMMON)
                0x0000000004001f3c                . = ALIGN (0x4)
                0x0000000004001f3c                _bss_end = ABSOLUTE (.)
                0x0000000004001f3c                end = .

.heap           0x0000000004001f3c      0xd16 load address 0x0000000000095bc8
                0x0000000004001f3c                _heap_start = ABSOLUTE (.)
                0x0000000004002c52                . = (. + __minimum_heap_size)
 *fill*         0x0000000004001f3c      0xd16 00

.stack          0x0000000004007800      0x800 load address 0x000000000009b48c
                0x0000000004007800                _heap_end = ABSOLUTE (.)
                0x0000000004007800                _stack_low_water_mark = ABSOLUTE (.)
                0x0000000004008000                . = (. + __stack_size)
 *fill*         0x0000000004007800      0x800 00
                0x0000000004008000                _stack = .

.test           0x00000000000945a0        0x1
                0x00000000000945a0        0x1 BYTE 0xff
                0x0000000000093cd8                _flash_data_start = LOADADDR (.data)
                0x00000000000008c8                _ram_data_len = (((_ram_data_end - _ram_data_start) + 0x3) & 0xfffffffffffffffc)
                0x0000000000001628                _bss_len = (((_bss_end - _bss_start) + 0x3) & 0xfffffffffffffffc)
                0x00000000000145a0                _image_len = ((((_flash_end - _flash_start) + _ram_data_len) + 0x3) & 0xfffffffffffffffc)
                0x0000000004008000                _ram_top = (ABSOLUTE (ORIGIN (ram)) + 0x7fb4)
                0x0000000004008000                ram_top = (ABSOLUTE (ORIGIN (ram)) + 0x7fb4)
                0x0000000001001580                _app_ram_start = 0x1001580
                0x0000000004000050                PROVIDE (_heap_location, u32HeapStart)
                0x0000000004000050                PROVIDE (heap_location, u32HeapStart)
                0x0000000000089e00                TSV_eOpenVector = TSV_eOpen
                0x00000000000896f0                TSV_eStartVector = TSV_eStart
                0x0000000000082af8                TSV_eStopVector = TSV_eStop
                0x0000000000088fe7                pvAppApiGetMacHandle = pvAppApiDefGetMacHandle
                0x00000000000863f5                u32AppApiInit = u32AppApiDefInit
                0x0000000000088fbc                vAppApiMlmeRequest = vAppApiDefMlmeRequest
                0x000000000008d318                vAppApiMcpsRequest = vAppApiDefMcpsRequest
                0x000000000008a065                eAppApiPlmeSet = eAppApiDefPlmeSet
                0x000000000008a013                eAppApiPlmeGet = eAppApiDefPlmeGet
                0x000000000008a00a                pvAppApiGetMacAddrLocation = pvAppApiDefGetMacAddrLocation
                0x0000000000089eef                vAppApiSaveMacSettings = vAppApiDefSaveMacSettings
                0x0000000000089e08                vAppApiRestoreMacSettings = vAppApiDefRestoreMacSettings
OUTPUT(objs_RED/Receive_RED_L1305_V0-1-0.elf elf32-ba)

.comment        0x0000000000000000       0x11
 .comment       0x0000000000000000       0x12 C:\Users\Makoto\AppData\Local\Temp\cc3qtSTe.ltrans0.ltrans.o
 .comment       0x0000000000000000       0x12 C:\Users\Makoto\AppData\Local\Temp\cc3qtSTe.ltrans1.ltrans.o
 .comment       0x0000000000000000       0x12 C:\Users\Makoto\AppData\Local\Temp\cc3qtSTe.ltrans2.ltrans.o
 .comment       0x0000000000000000       0x12 C:\Users\Makoto\AppData\Local\Temp\cc3qtSTe.ltrans3.ltrans.o
 .comment       0x0000000000000000       0x12 C:\Users\Makoto\AppData\Local\Temp\cc3qtSTe.ltrans4.ltrans.o
 .comment       0x0000000000000000       0x12 C:\Users\Makoto\AppData\Local\Temp\cc3qtSTe.ltrans5.ltrans.o
 .comment       0x0000000000000000       0x12 C:\Users\Makoto\AppData\Local\Temp\cc3qtSTe.ltrans6.ltrans.o
 .comment       0x0000000000000000       0x12 C:\Users\Makoto\AppData\Local\Temp\cc3qtSTe.ltrans7.ltrans.o
 .comment       0x0000000000000000       0x12 C:\Users\Makoto\AppData\Local\Temp\cc3qtSTe.ltrans8.ltrans.o
 .comment       0x0000000000000000       0x12 C:\Users\Makoto\AppData\Local\Temp\cc3qtSTe.ltrans9.ltrans.o
 .comment       0x0000000000000000       0x12 C:\Users\Makoto\AppData\Local\Temp\cc3qtSTe.ltrans10.ltrans.o
 .comment       0x0000000000000000       0x12 C:\Users\Makoto\AppData\Local\Temp\cc3qtSTe.ltrans11.ltrans.o
 .comment       0x0000000000000000       0x12 C:\Users\Makoto\AppData\Local\Temp\cc3qtSTe.ltrans12.ltrans.o
 .comment       0x0000000000000000       0x12 C:\Users\Makoto\AppData\Local\Temp\cc3qtSTe.ltrans13.ltrans.o
 .comment       0x0000000000000000       0x12 C:\Users\Makoto\AppData\Local\Temp\cc3qtSTe.ltrans14.ltrans.o
 .comment       0x0000000000000000       0x12 C:\Users\Makoto\AppData\Local\Temp\cc3qtSTe.ltrans15.ltrans.o
 .comment       0x0000000000000000       0x12 C:\Users\Makoto\AppData\Local\Temp\cc3qtSTe.ltrans16.ltrans.o
 .comment       0x0000000000000000       0x12 C:\Users\Makoto\AppData\Local\Temp\cc3qtSTe.ltrans17.ltrans.o
 .comment       0x0000000000000000       0x12 C:\Users\Makoto\AppData\Local\Temp\cc3qtSTe.ltrans18.ltrans.o
 .comment       0x0000000000000000       0x12 C:\Users\Makoto\AppData\Local\Temp\cc3qtSTe.ltrans19.ltrans.o
 .comment       0x0000000000000000       0x12 C:\Users\Makoto\AppData\Local\Temp\cc3qtSTe.ltrans20.ltrans.o
 .comment       0x0000000000000000       0x12 C:\Users\Makoto\AppData\Local\Temp\cc3qtSTe.ltrans21.ltrans.o
 .comment       0x0000000000000000       0x12 C:\Users\Makoto\AppData\Local\Temp\cc3qtSTe.ltrans22.ltrans.o
 .comment       0x0000000000000000       0x12 c:/users/makoto/desktop/mwstage-2022-08_win10-1/mwstage/tools/ba-elf-ba2-r36379.w10/bin/../lib/gcc/ba-elf/4.7.4/../../../../ba-elf/lib/mcpu_jn51xx_sizeopt\libc.a(lib_a-memcmp.o)
 .comment       0x0000000000000000       0x12 c:/users/makoto/desktop/mwstage-2022-08_win10-1/mwstage/tools/ba-elf-ba2-r36379.w10/bin/../lib/gcc/ba-elf/4.7.4/mcpu_jn51xx_sizeopt\libgcc.a(_fixunsdfsi.o)
 .comment       0x0000000000000000       0x12 c:/users/makoto/desktop/mwstage-2022-08_win10-1/mwstage/tools/ba-elf-ba2-r36379.w10/bin/../lib/gcc/ba-elf/4.7.4/mcpu_jn51xx_sizeopt\libgcc.a(_udivdi3.o)
 .comment       0x0000000000000000       0x12 c:/users/makoto/desktop/mwstage-2022-08_win10-1/mwstage/tools/ba-elf-ba2-r36379.w10/bin/../lib/gcc/ba-elf/4.7.4/mcpu_jn51xx_sizeopt\libgcc.a(_umoddi3.o)
 .comment       0x0000000000000000       0x11 C:/Users/Makoto/Desktop/MWSTAGE-2022-08_win10-1/MWSTAGE/MWSDK/ChipLib/SW4063V1416/Components/Library\libMicroSpecific_JN516x.a(MicroSyscall_ba.o)
                                         0x12 (size before relaxing)
 .comment       0x0000000000000000       0x12 c:/users/makoto/desktop/mwstage-2022-08_win10-1/mwstage/tools/ba-elf-ba2-r36379.w10/bin/../lib/gcc/ba-elf/4.7.4/../../../../ba-elf/lib/mcpu_jn51xx_sizeopt\libc.a(lib_a-memcpy.o)
 .comment       0x0000000000000000       0x12 c:/users/makoto/desktop/mwstage-2022-08_win10-1/mwstage/tools/ba-elf-ba2-r36379.w10/bin/../lib/gcc/ba-elf/4.7.4/../../../../ba-elf/lib/mcpu_jn51xx_sizeopt\libc.a(lib_a-memset.o)
 .comment       0x0000000000000000       0x12 c:/users/makoto/desktop/mwstage-2022-08_win10-1/mwstage/tools/ba-elf-ba2-r36379.w10/bin/../lib/gcc/ba-elf/4.7.4/../../../../ba-elf/lib/mcpu_jn51xx_sizeopt\libc.a(lib_a-sprintf.o)
 .comment       0x0000000000000000       0x12 c:/users/makoto/desktop/mwstage-2022-08_win10-1/mwstage/tools/ba-elf-ba2-r36379.w10/bin/../lib/gcc/ba-elf/4.7.4/../../../../ba-elf/lib/mcpu_jn51xx_sizeopt\libc.a(lib_a-svfprintf.o)
 .comment       0x0000000000000000       0x12 c:/users/makoto/desktop/mwstage-2022-08_win10-1/mwstage/tools/ba-elf-ba2-r36379.w10/bin/../lib/gcc/ba-elf/4.7.4/../../../../ba-elf/lib/mcpu_jn51xx_sizeopt\libc.a(lib_a-dtoa.o)
 .comment       0x0000000000000000       0x12 c:/users/makoto/desktop/mwstage-2022-08_win10-1/mwstage/tools/ba-elf-ba2-r36379.w10/bin/../lib/gcc/ba-elf/4.7.4/../../../../ba-elf/lib/mcpu_jn51xx_sizeopt\libc.a(lib_a-impure.o)
 .comment       0x0000000000000000       0x12 c:/users/makoto/desktop/mwstage-2022-08_win10-1/mwstage/tools/ba-elf-ba2-r36379.w10/bin/../lib/gcc/ba-elf/4.7.4/../../../../ba-elf/lib/mcpu_jn51xx_sizeopt\libc.a(lib_a-locale.o)
 .comment       0x0000000000000000       0x12 c:/users/makoto/desktop/mwstage-2022-08_win10-1/mwstage/tools/ba-elf-ba2-r36379.w10/bin/../lib/gcc/ba-elf/4.7.4/../../../../ba-elf/lib/mcpu_jn51xx_sizeopt\libc.a(lib_a-mallocr.o)
 .comment       0x0000000000000000       0x12 c:/users/makoto/desktop/mwstage-2022-08_win10-1/mwstage/tools/ba-elf-ba2-r36379.w10/bin/../lib/gcc/ba-elf/4.7.4/../../../../ba-elf/lib/mcpu_jn51xx_sizeopt\libc.a(lib_a-memchr.o)
 .comment       0x0000000000000000       0x12 c:/users/makoto/desktop/mwstage-2022-08_win10-1/mwstage/tools/ba-elf-ba2-r36379.w10/bin/../lib/gcc/ba-elf/4.7.4/../../../../ba-elf/lib/mcpu_jn51xx_sizeopt\libc.a(lib_a-mlock.o)
 .comment       0x0000000000000000       0x12 c:/users/makoto/desktop/mwstage-2022-08_win10-1/mwstage/tools/ba-elf-ba2-r36379.w10/bin/../lib/gcc/ba-elf/4.7.4/../../../../ba-elf/lib/mcpu_jn51xx_sizeopt\libc.a(lib_a-mprec.o)
 .comment       0x0000000000000000       0x12 c:/users/makoto/desktop/mwstage-2022-08_win10-1/mwstage/tools/ba-elf-ba2-r36379.w10/bin/../lib/gcc/ba-elf/4.7.4/../../../../ba-elf/lib/mcpu_jn51xx_sizeopt\libc.a(lib_a-sbrkr.o)
 .comment       0x0000000000000000       0x12 c:/users/makoto/desktop/mwstage-2022-08_win10-1/mwstage/tools/ba-elf-ba2-r36379.w10/bin/../lib/gcc/ba-elf/4.7.4/../../../../ba-elf/lib/mcpu_jn51xx_sizeopt\libc.a(lib_a-s_fpclassify.o)
 .comment       0x0000000000000000       0x12 c:/users/makoto/desktop/mwstage-2022-08_win10-1/mwstage/tools/ba-elf-ba2-r36379.w10/bin/../lib/gcc/ba-elf/4.7.4/../../../../ba-elf/lib/mcpu_jn51xx_sizeopt\libc.a(lib_a-strcmp.o)
 .comment       0x0000000000000000       0x12 c:/users/makoto/desktop/mwstage-2022-08_win10-1/mwstage/tools/ba-elf-ba2-r36379.w10/bin/../lib/gcc/ba-elf/4.7.4/../../../../ba-elf/lib/mcpu_jn51xx_sizeopt\libc.a(lib_a-strlen.o)
 .comment       0x0000000000000000       0x12 c:/users/makoto/desktop/mwstage-2022-08_win10-1/mwstage/tools/ba-elf-ba2-r36379.w10/bin/../lib/gcc/ba-elf/4.7.4/../../../../ba-elf/lib/mcpu_jn51xx_sizeopt\libc.a(lib_a-svfiprintf.o)
 .comment       0x0000000000000000       0x12 c:/users/makoto/desktop/mwstage-2022-08_win10-1/mwstage/tools/ba-elf-ba2-r36379.w10/bin/../lib/gcc/ba-elf/4.7.4/../../../../ba-elf/lib/mcpu_jn51xx_sizeopt\libc.a(lib_a-callocr.o)
 .comment       0x0000000000000000       0x12 c:/users/makoto/desktop/mwstage-2022-08_win10-1/mwstage/tools/ba-elf-ba2-r36379.w10/bin/../lib/gcc/ba-elf/4.7.4/../../../../ba-elf/lib/mcpu_jn51xx_sizeopt\libc.a(lib_a-freer.o)
 .comment       0x0000000000000000       0x12 c:/users/makoto/desktop/mwstage-2022-08_win10-1/mwstage/tools/ba-elf-ba2-r36379.w10/bin/../lib/gcc/ba-elf/4.7.4/../../../../ba-elf/lib/mcpu_jn51xx_sizeopt\libc.a(lib_a-glue.o)
 .comment       0x0000000000000000       0x12 c:/users/makoto/desktop/mwstage-2022-08_win10-1/mwstage/tools/ba-elf-ba2-r36379.w10/bin/../lib/gcc/ba-elf/4.7.4/../../../../ba-elf/lib/mcpu_jn51xx_sizeopt\libc.a(lib_a-memmove.o)
 .comment       0x0000000000000000       0x12 c:/users/makoto/desktop/mwstage-2022-08_win10-1/mwstage/tools/ba-elf-ba2-r36379.w10/bin/../lib/gcc/ba-elf/4.7.4/../../../../ba-elf/lib/mcpu_jn51xx_sizeopt\libc.a(lib_a-reallocr.o)
 .comment       0x0000000000000000       0x12 c:/users/makoto/desktop/mwstage-2022-08_win10-1/mwstage/tools/ba-elf-ba2-r36379.w10/bin/../lib/gcc/ba-elf/4.7.4/../../../../ba-elf/lib/mcpu_jn51xx_sizeopt\libc.a(lib_a-reent.o)
 .comment       0x0000000000000000       0x12 c:/users/makoto/desktop/mwstage-2022-08_win10-1/mwstage/tools/ba-elf-ba2-r36379.w10/bin/../lib/gcc/ba-elf/4.7.4/../../../../ba-elf/lib/mcpu_jn51xx_sizeopt\libc.a(lib_a-errno.o)
 .comment       0x0000000000000000       0x12 c:/users/makoto/desktop/mwstage-2022-08_win10-1/mwstage/tools/ba-elf-ba2-r36379.w10/bin/../lib/gcc/ba-elf/4.7.4/mcpu_jn51xx_sizeopt\libgcc.a(adddf3.o)
 .comment       0x0000000000000000       0x12 c:/users/makoto/desktop/mwstage-2022-08_win10-1/mwstage/tools/ba-elf-ba2-r36379.w10/bin/../lib/gcc/ba-elf/4.7.4/mcpu_jn51xx_sizeopt\libgcc.a(divdf3.o)
 .comment       0x0000000000000000       0x12 c:/users/makoto/desktop/mwstage-2022-08_win10-1/mwstage/tools/ba-elf-ba2-r36379.w10/bin/../lib/gcc/ba-elf/4.7.4/mcpu_jn51xx_sizeopt\libgcc.a(eqdf2.o)
 .comment       0x0000000000000000       0x12 c:/users/makoto/desktop/mwstage-2022-08_win10-1/mwstage/tools/ba-elf-ba2-r36379.w10/bin/../lib/gcc/ba-elf/4.7.4/mcpu_jn51xx_sizeopt\libgcc.a(gedf2.o)
 .comment       0x0000000000000000       0x12 c:/users/makoto/desktop/mwstage-2022-08_win10-1/mwstage/tools/ba-elf-ba2-r36379.w10/bin/../lib/gcc/ba-elf/4.7.4/mcpu_jn51xx_sizeopt\libgcc.a(ledf2.o)
 .comment       0x0000000000000000       0x12 c:/users/makoto/desktop/mwstage-2022-08_win10-1/mwstage/tools/ba-elf-ba2-r36379.w10/bin/../lib/gcc/ba-elf/4.7.4/mcpu_jn51xx_sizeopt\libgcc.a(muldf3.o)
 .comment       0x0000000000000000       0x12 c:/users/makoto/desktop/mwstage-2022-08_win10-1/mwstage/tools/ba-elf-ba2-r36379.w10/bin/../lib/gcc/ba-elf/4.7.4/mcpu_jn51xx_sizeopt\libgcc.a(subdf3.o)
 .comment       0x0000000000000000       0x12 c:/users/makoto/desktop/mwstage-2022-08_win10-1/mwstage/tools/ba-elf-ba2-r36379.w10/bin/../lib/gcc/ba-elf/4.7.4/mcpu_jn51xx_sizeopt\libgcc.a(fixdfsi.o)
 .comment       0x0000000000000000       0x12 c:/users/makoto/desktop/mwstage-2022-08_win10-1/mwstage/tools/ba-elf-ba2-r36379.w10/bin/../lib/gcc/ba-elf/4.7.4/mcpu_jn51xx_sizeopt\libgcc.a(floatsidf.o)
 .comment       0x0000000000000000       0x12 c:/users/makoto/desktop/mwstage-2022-08_win10-1/mwstage/tools/ba-elf-ba2-r36379.w10/bin/../lib/gcc/ba-elf/4.7.4/mcpu_jn51xx_sizeopt\libgcc.a(floatunsidf.o)

.debug_info     0x0000000000000000    0x11452
 .debug_info    0x0000000000000000       0xf3 c:/users/makoto/desktop/mwstage-2022-08_win10-1/mwstage/tools/ba-elf-ba2-r36379.w10/bin/../lib/gcc/ba-elf/4.7.4/../../../../ba-elf/lib/mcpu_jn51xx_sizeopt\libc.a(lib_a-memcmp.o)
 .debug_info    0x00000000000000f3       0xd3 c:/users/makoto/desktop/mwstage-2022-08_win10-1/mwstage/tools/ba-elf-ba2-r36379.w10/bin/../lib/gcc/ba-elf/4.7.4/mcpu_jn51xx_sizeopt\libgcc.a(_fixunsdfsi.o)
 .debug_info    0x00000000000001c6      0x648 c:/users/makoto/desktop/mwstage-2022-08_win10-1/mwstage/tools/ba-elf-ba2-r36379.w10/bin/../lib/gcc/ba-elf/4.7.4/mcpu_jn51xx_sizeopt\libgcc.a(_udivdi3.o)
 .debug_info    0x000000000000080e      0x69d c:/users/makoto/desktop/mwstage-2022-08_win10-1/mwstage/tools/ba-elf-ba2-r36379.w10/bin/../lib/gcc/ba-elf/4.7.4/mcpu_jn51xx_sizeopt\libgcc.a(_umoddi3.o)
 .debug_info    0x0000000000000eab       0xaa C:/Users/Makoto/Desktop/MWSTAGE-2022-08_win10-1/MWSTAGE/MWSDK/ChipLib/SW4063V1416/Components/Library\libBoot_JN516x.a(ExceptionHandler.o)
 .debug_info    0x0000000000000f55      0x106 c:/users/makoto/desktop/mwstage-2022-08_win10-1/mwstage/tools/ba-elf-ba2-r36379.w10/bin/../lib/gcc/ba-elf/4.7.4/../../../../ba-elf/lib/mcpu_jn51xx_sizeopt\libc.a(lib_a-memcpy.o)
 .debug_info    0x000000000000105b       0xd7 c:/users/makoto/desktop/mwstage-2022-08_win10-1/mwstage/tools/ba-elf-ba2-r36379.w10/bin/../lib/gcc/ba-elf/4.7.4/../../../../ba-elf/lib/mcpu_jn51xx_sizeopt\libc.a(lib_a-memset.o)
 .debug_info    0x0000000000001132      0xac6 c:/users/makoto/desktop/mwstage-2022-08_win10-1/mwstage/tools/ba-elf-ba2-r36379.w10/bin/../lib/gcc/ba-elf/4.7.4/../../../../ba-elf/lib/mcpu_jn51xx_sizeopt\libc.a(lib_a-sprintf.o)
 .debug_info    0x0000000000001bf8     0x1797 c:/users/makoto/desktop/mwstage-2022-08_win10-1/mwstage/tools/ba-elf-ba2-r36379.w10/bin/../lib/gcc/ba-elf/4.7.4/../../../../ba-elf/lib/mcpu_jn51xx_sizeopt\libc.a(lib_a-svfprintf.o)
 .debug_info    0x000000000000338f     0x143b c:/users/makoto/desktop/mwstage-2022-08_win10-1/mwstage/tools/ba-elf-ba2-r36379.w10/bin/../lib/gcc/ba-elf/4.7.4/../../../../ba-elf/lib/mcpu_jn51xx_sizeopt\libc.a(lib_a-dtoa.o)
 .debug_info    0x00000000000047ca      0x970 c:/users/makoto/desktop/mwstage-2022-08_win10-1/mwstage/tools/ba-elf-ba2-r36379.w10/bin/../lib/gcc/ba-elf/4.7.4/../../../../ba-elf/lib/mcpu_jn51xx_sizeopt\libc.a(lib_a-impure.o)
 .debug_info    0x000000000000513a      0xd1a c:/users/makoto/desktop/mwstage-2022-08_win10-1/mwstage/tools/ba-elf-ba2-r36379.w10/bin/../lib/gcc/ba-elf/4.7.4/../../../../ba-elf/lib/mcpu_jn51xx_sizeopt\libc.a(lib_a-locale.o)
 .debug_info    0x0000000000005e54      0xe1c c:/users/makoto/desktop/mwstage-2022-08_win10-1/mwstage/tools/ba-elf-ba2-r36379.w10/bin/../lib/gcc/ba-elf/4.7.4/../../../../ba-elf/lib/mcpu_jn51xx_sizeopt\libc.a(lib_a-mallocr.o)
 .debug_info    0x0000000000006c70       0xfc c:/users/makoto/desktop/mwstage-2022-08_win10-1/mwstage/tools/ba-elf-ba2-r36379.w10/bin/../lib/gcc/ba-elf/4.7.4/../../../../ba-elf/lib/mcpu_jn51xx_sizeopt\libc.a(lib_a-memchr.o)
 .debug_info    0x0000000000006d6c      0x994 c:/users/makoto/desktop/mwstage-2022-08_win10-1/mwstage/tools/ba-elf-ba2-r36379.w10/bin/../lib/gcc/ba-elf/4.7.4/../../../../ba-elf/lib/mcpu_jn51xx_sizeopt\libc.a(lib_a-mlock.o)
 .debug_info    0x0000000000007700     0x1744 c:/users/makoto/desktop/mwstage-2022-08_win10-1/mwstage/tools/ba-elf-ba2-r36379.w10/bin/../lib/gcc/ba-elf/4.7.4/../../../../ba-elf/lib/mcpu_jn51xx_sizeopt\libc.a(lib_a-mprec.o)
 .debug_info    0x0000000000008e44      0x9db c:/users/makoto/desktop/mwstage-2022-08_win10-1/mwstage/tools/ba-elf-ba2-r36379.w10/bin/../lib/gcc/ba-elf/4.7.4/../../../../ba-elf/lib/mcpu_jn51xx_sizeopt\libc.a(lib_a-sbrkr.o)
 .debug_info    0x000000000000981f      0x149 c:/users/makoto/desktop/mwstage-2022-08_win10-1/mwstage/tools/ba-elf-ba2-r36379.w10/bin/../lib/gcc/ba-elf/4.7.4/../../../../ba-elf/lib/mcpu_jn51xx_sizeopt\libc.a(lib_a-s_fpclassify.o)
 .debug_info    0x0000000000009968       0xbb c:/users/makoto/desktop/mwstage-2022-08_win10-1/mwstage/tools/ba-elf-ba2-r36379.w10/bin/../lib/gcc/ba-elf/4.7.4/../../../../ba-elf/lib/mcpu_jn51xx_sizeopt\libc.a(lib_a-strcmp.o)
 .debug_info    0x0000000000009a23       0xc8 c:/users/makoto/desktop/mwstage-2022-08_win10-1/mwstage/tools/ba-elf-ba2-r36379.w10/bin/../lib/gcc/ba-elf/4.7.4/../../../../ba-elf/lib/mcpu_jn51xx_sizeopt\libc.a(lib_a-strlen.o)
 .debug_info    0x0000000000009aeb     0x111f c:/users/makoto/desktop/mwstage-2022-08_win10-1/mwstage/tools/ba-elf-ba2-r36379.w10/bin/../lib/gcc/ba-elf/4.7.4/../../../../ba-elf/lib/mcpu_jn51xx_sizeopt\libc.a(lib_a-svfiprintf.o)
 .debug_info    0x000000000000ac0a      0xad5 c:/users/makoto/desktop/mwstage-2022-08_win10-1/mwstage/tools/ba-elf-ba2-r36379.w10/bin/../lib/gcc/ba-elf/4.7.4/../../../../ba-elf/lib/mcpu_jn51xx_sizeopt\libc.a(lib_a-callocr.o)
 .debug_info    0x000000000000b6df      0xd1b c:/users/makoto/desktop/mwstage-2022-08_win10-1/mwstage/tools/ba-elf-ba2-r36379.w10/bin/../lib/gcc/ba-elf/4.7.4/../../../../ba-elf/lib/mcpu_jn51xx_sizeopt\libc.a(lib_a-freer.o)
 .debug_info    0x000000000000c3fa      0xa5a c:/users/makoto/desktop/mwstage-2022-08_win10-1/mwstage/tools/ba-elf-ba2-r36379.w10/bin/../lib/gcc/ba-elf/4.7.4/../../../../ba-elf/lib/mcpu_jn51xx_sizeopt\libc.a(lib_a-glue.o)
 .debug_info    0x000000000000ce54      0x106 c:/users/makoto/desktop/mwstage-2022-08_win10-1/mwstage/tools/ba-elf-ba2-r36379.w10/bin/../lib/gcc/ba-elf/4.7.4/../../../../ba-elf/lib/mcpu_jn51xx_sizeopt\libc.a(lib_a-memmove.o)
 .debug_info    0x000000000000cf5a      0xd45 c:/users/makoto/desktop/mwstage-2022-08_win10-1/mwstage/tools/ba-elf-ba2-r36379.w10/bin/../lib/gcc/ba-elf/4.7.4/../../../../ba-elf/lib/mcpu_jn51xx_sizeopt\libc.a(lib_a-reallocr.o)
 .debug_info    0x000000000000dc9f      0xb29 c:/users/makoto/desktop/mwstage-2022-08_win10-1/mwstage/tools/ba-elf-ba2-r36379.w10/bin/../lib/gcc/ba-elf/4.7.4/../../../../ba-elf/lib/mcpu_jn51xx_sizeopt\libc.a(lib_a-reent.o)
 .debug_info    0x000000000000e7c8      0x969 c:/users/makoto/desktop/mwstage-2022-08_win10-1/mwstage/tools/ba-elf-ba2-r36379.w10/bin/../lib/gcc/ba-elf/4.7.4/../../../../ba-elf/lib/mcpu_jn51xx_sizeopt\libc.a(lib_a-errno.o)
 .debug_info    0x000000000000f131       0xb7 c:/users/makoto/desktop/mwstage-2022-08_win10-1/mwstage/tools/ba-elf-ba2-r36379.w10/bin/../lib/gcc/ba-elf/4.7.4/mcpu_jn51xx_sizeopt\libgcc.a(__udivsi3.o)
 .debug_info    0x000000000000f1e8       0xb7 c:/users/makoto/desktop/mwstage-2022-08_win10-1/mwstage/tools/ba-elf-ba2-r36379.w10/bin/../lib/gcc/ba-elf/4.7.4/mcpu_jn51xx_sizeopt\libgcc.a(__divsi3.o)
 .debug_info    0x000000000000f29f       0xb7 c:/users/makoto/desktop/mwstage-2022-08_win10-1/mwstage/tools/ba-elf-ba2-r36379.w10/bin/../lib/gcc/ba-elf/4.7.4/mcpu_jn51xx_sizeopt\libgcc.a(__umodsi3.o)